=== PROMPT ===
HUMAN FEEDBACK: 
fix these issues

PROPOSAL DRAFT: 
# Executive Summary

Northwind Logistics is experiencing rapid growth following a 40% expansion in 2024 driven by acquisitions. However, operational bottlenecks and fragmented systems threaten profitability and cash flow. Disconnects between Northwind's custom Ruby on Rails dispatch application and Salesforce have caused severe manual double-entry for 40 dispatchers and delayed invoicing by three weeks. This delay currently locks up approximately $1.4M in unbilled receivables. Furthermore, driver dissatisfaction with the mobile app and impending federal ELD compliance mandates require immediate, structured remediation.

To solve these challenges, we propose a fixed-fee, milestone-driven engagement designed to eliminate high-friction manual data entry, streamline billing synchronization with NetSuite, and improve driver mobile app experience. Drawing on our experience delivering similar integration and workflow transformations for peer freight brokerages like Cascade Freight, our approach focuses on decoupling business logic so that 60–70% of Phase 1 architecture remains intact regardless of future long-term platform decisions.

Our primary operational and financial objectives for this engagement include:
* **DSO Reduction:** Unlocking ~$1.4M in working capital by eliminating invoicing backlogs and returning to a 5-day DSO.
* **Dispatcher Efficiency:** Reducing dispatch time per load by 30%, enabling the current team of 40 dispatchers to handle expanded volume without adding four planned headcount additions.
* **Risk Mitigation:** Delivering under a structured, outcome-based fixed-fee model that protects against budget overruns and ensures technical alignment with federal ELD compliance deadlines.

---

# Understanding

Northwind Logistics ($85M annual revenue, ~200 employees, headquarters in Columbus, OH) operates a mid-market freight brokerage managing 40 dispatchers and approximately 600 contracted drivers. Following two acquisitions in 2024, legacy systems and technical integrations remain incomplete.

### Operational & Financial Bottlenecks
* **Invoicing Delays & Working Capital:** Finance operates three weeks behind on invoicing due to persistent data misalignment between dispatch and accounting (NetSuite). This delay ties up ~$1.4M in unbilled receivables. The primary financial target is returning to a 5-day DSO.
* **Dispatcher Workflow Overhead:** Dispatchers manually re-enter load details between the internal dispatch tool and Salesforce Sales Cloud. To maintain operational capacity without adding four new dispatcher headcount, Northwind must reduce load dispatch time by 30%.
* **Driver Mobile Experience:** Drivers express high dissatisfaction with the custom React Native mobile app (last updated in 2023), impairing driver communication and real-time load tracking.

### Technical & System Context
* **Custom Dispatch Tool:** A custom Rails 5 application maintained internally by two engineers. The codebase is fragile, slowing feature delivery and contributing to two prior failed internal attempt to resolve workflow friction.
* **Broader Architecture:** Salesforce Sales Cloud serves as CRM, NetSuite handles accounting, and business intelligence relies on Excel exports from Salesforce due to the lack of a centralized data warehouse. Vendor evaluation for a Transportation Management System (TMS) is currently underway, though no selection has been made.
* **Regulatory Compliance:** A federal update to the ELD compliance mandate deadline occurs in November, requiring careful technical coordination so mobile driver updates do not conflict with regulatory requirements.
* **Stakeholder Priorities:** Sarah Chen (VP Operations) seeks immediate workflow fixes to resolve dispatcher pain and billing backlogs. Marcus Patel (CTO) seeks technical sign-off that addresses platform fragility. Rita Donovan (CFO) requires strict financial predictability following a negative experience with a consulting vendor in 2023.

---

# Approach

Our approach emphasizes modular integration architecture, operational quick wins, and strict risk control to ensure immediate value while mitigating technical debt.

1. **Decoupled Architecture & Logic Preservation:** We will construct integration layers between the custom Rails dispatch app, Salesforce, and NetSuite that separate workflow logic from the core database. This ensures 60–70% of the developed workflow logic survives any future platform migration or SaaS deployment.
2. **Automated Data Alignment & Billing Synchronization:** We will eliminate manual double-entry between dispatch and Salesforce by building automated, validated data pipelines. Aligning order and load data at the source will streamline automated feed creation into NetSuite, resolving invoicing delays and driving DSO toward the 5-day target.
3. **Driver App Remediation & Compliance Alignment:** Mobile app updates will target core friction points identified by drivers while strictly coordinating with Head of Compliance Rajiv Mehta to ensure seamless integration with upcoming November ELD compliance changes.
4. **Milestone-Based Execution:** To address historical vendor performance concerns, the engagement will be delivered in transparent phases with explicit acceptance criteria tied to each invoice milestone.

---

# Phases & Timeline

The engagement is structured into three execution phases designed to deliver value incrementally:

```
+-----------------------------------------------------------------------------------+
|  Phase 1A: Discovery & Architecture (Weeks 1-4)                                   |
|  - Workflow Mapping & Data Schema Audit                                           |
|  - ELD Mandate Technical Scoping with Compliance                                  |
|  - Target Integration Architecture Design                                         |
+-----------------------------------------------------------------------------------+
                                        |
                                        v
+-----------------------------------------------------------------------------------+
|  Phase 1B: Core Integration & Invoicing Sync (Weeks 5-10)                         |
|  - Rails <-> Salesforce Automated Data Sync                                       |
|  - Automated NetSuite Billing Data Alignment                                      |
|  - Dispatcher Workflow Friction Reduction (Targeting 30% Time Savings)            |
+-----------------------------------------------------------------------------------+
                                        |
                                        v
+-----------------------------------------------------------------------------------+
|  Phase 1C: Driver App Optimization & Pilot Deployment (Weeks 11-14+)              |
|  - Custom React Native App Updates                                                |
|  - Pilot Rollout with Select Dispatchers & Driver Groups                          |
|  - Operational Acceptance & DSO Tracking                                          |
+-----------------------------------------------------------------------------------+
```

### Phase Details

* **Phase 1A: Discovery, Integration Architecture & Compliance Alignment (Weeks 1–4)**
  * Audit Rails 5 codebase and Salesforce object mappings.
  * Define decoupled integration architecture for load data and NetSuite billing triggers.
  * Conduct technical alignment sessions with Compliance (Rajiv Mehta) to incorporate federal ELD mandate specifications.

* **Phase 1B: Automated Integration & Billing Remediation (Weeks 5–10)**
  * Implement automated synchronization between the Rails dispatch app and Salesforce Sales Cloud.
  * Eliminate manual dispatcher re-entry, targeting a 30% reduction in dispatch handling time per load.
  * Standardize load completion data feeds to NetSuite to clear invoicing backlogs and accelerate cash collection.

* **Phase 1C: Driver App Refactor & Pilot Deployment (Weeks 11–14+)**
  * Refactor key driver workflows within the React Native mobile application.
  * Execute production pilot with a dedicated cohort of dispatchers and contracted drivers.
  * Validate reduction in unbilled receivables and establish operational baselines.

---

# Pricing Approach

To meet CFO preferences and eliminate risk, we propose a **Fixed-Fee Structure** with milestone payments linked strictly to verified deliverables. 

Based on similar past engagements in freight brokerage featuring a 4-person consulting team over a multi-month discovery and MVP implementation, peer project pricing benchmarked between **$150,000 and $250,000**.

### Proposed Milestone Payment Schedule

| Milestone | Deliverable / Outcome | Payment % |
| :--- | :--- | :--- |
| **Milestone 1: Architecture & Integration Blueprint** | Completion of system mapping, ELD compliance technical alignment, and sign-off on decoupled architecture design. | 25% |
| **Milestone 2: Dispatcher Sync & Invoicing Automation** | Deployment of automated Rails-Salesforce sync and NetSuite billing alignment; validation of dispatch time reduction. | 45% |
| **Milestone 3: Driver App Pilot & Acceptance** | Successful production pilot deployment of driver app updates, validation of ELD compatibility, and operational handoff. | 30% |

---

# Open Questions

The following topics reflect areas where stakeholder views differ or where detailed specifications remain to be finalized. These items require explicit alignment during initial project initiation:

1. **Phase 1 Budget Target Alignment:**
   * *Issue:* Internal feedback indicates variance between CFO expectations ($300,000 cap) and operational range estimates discussed ($250,000–$400,000).
   * *Clarification Required:* Formal agreement on the hard total engagement budget cap prior to contract execution.

2. **Long-Term Technology Strategy (Workflow Fix vs. SaaS Replacement):**
   * *Issue:* Differences exist between VP Operations Sarah Chen (seeking targeted workflow fixes on the existing Rails tool) and CTO Marcus Patel (advocating for full SaaS platform replacement).
   * *Clarification Required:* Confirmation on architectural criteria to guarantee that 60–70% of Phase 1 development logic remains fully portable if a SaaS platform replacement or TMS vendor selection occurs in the future.

3. **Pilot Production Target Date:**
   * *Issue:* Operational and executive leadership mandate a pilot in production by end of Q3 (September 30), whereas engineering leadership views Q4 as the realistic delivery window.
   * *Clarification Required:* Finalizing milestone scheduling during Phase 1A to establish an agreed, achievable pilot launch date without compromising code stability or compliance testing.

4. **ELD Mandate Scope & Schedule Integration:**
   * *Issue:* Specific technical dependencies for the November federal ELD compliance update have not yet been evaluated with Head of Compliance Rajiv Mehta.
   * *Clarification Required:* Worksession with Rajiv Mehta during Week 1 to outline exact technical requirements and ensure driver mobile app updates align with regulatory deadlines.

CLIENT MATRIX: 
{
  "business": {
    "pain_points": [
      {
        "statement": "Finance is significantly delayed on invoicing due to data misalignment.",
        "confidence": "high",
        "source_excerpt": "finance is 3 weeks behind on invoicing because the data never lines up.",
        "contradiction_note": null
      },
      {
        "statement": "A large amount of working capital is tied up in unbilled receivables.",
        "confidence": "high",
        "source_excerpt": "frees up about $1.4M in working capital that's currently stuck in unbilled receivables.",
        "contradiction_note": null
      }
    ],
    "desired_state": [
      {
        "statement": "The CFO wants a fixed-fee engagement with milestone-based payments.",
        "confidence": "high",
        "source_excerpt": "fixed-fee proposal with milestone payments tied to specific outcomes",
        "contradiction_note": null
      }
    ],
    "success_criteria": [
      {
        "statement": "Return to a five-day DSO to free up working capital.",
        "confidence": "high",
        "source_excerpt": "return to five-day DSO from where we are now frees up about $1.4M",
        "contradiction_note": null
      }
    ],
    "risks_unknowns": [
      {
        "statement": "There is disagreement on the approved budget for the Phase 1 engagement.",
        "confidence": "contradicted",
        "source_excerpt": "the budget I approved is $300,000.",
        "contradiction_note": "Rita insists the cap is $300k, while Sarah claims they discussed a range of $250k to $400k."
      },
      {
        "statement": "The CFO is highly skeptical of consulting engagements due to past negative experiences.",
        "confidence": "high",
        "source_excerpt": "got burned by a previous vendor in 2023.",
        "contradiction_note": null
      }
    ]
  },
  "technical": {
    "pain_points": [
      {
        "statement": "The custom dispatch tool is old, fragile, and slows down feature delivery.",
        "confidence": "high",
        "source_excerpt": "We can't ship features anymore because the codebase is too fragile.",
        "contradiction_note": null
      },
      {
        "statement": "Tech integration from recent acquisitions is still incomplete.",
        "confidence": "medium",
        "source_excerpt": "Tech integration from those acquisitions is incomplete.",
        "contradiction_note": null
      }
    ],
    "desired_state": [
      {
        "statement": "The CTO wants to replace the custom dispatch tool with a SaaS platform.",
        "confidence": "contradicted",
        "source_excerpt": "replace Routemaster with a SaaS platform",
        "contradiction_note": "Marcus wants a full SaaS platform replacement, while Sarah wants incremental workflow fixes on the existing tool."
      }
    ],
    "success_criteria": [
      {
        "statement": "The architecture should ensure that most workflow logic survives a future platform change.",
        "confidence": "medium",
        "source_excerpt": "60-70% of the Phase 1 work survives a platform change.",
        "contradiction_note": null
      }
    ],
    "risks_unknowns": [
      {
        "statement": "Previous internal attempts to fix the workflow issues have failed.",
        "confidence": "high",
        "source_excerpt": "We've tried internal projects to fix this exact thing twice and they both failed.",
        "contradiction_note": null
      },
      {
        "statement": "Changes to the driver app might conflict with upcoming ELD compliance work.",
        "confidence": "high",
        "source_excerpt": "If we're going to touch the driver app, the ELD work has to be coordinated.",
        "contradiction_note": null
      }
    ]
  },
  "operational": {
    "pain_points": [
      {
        "statement": "Dispatchers suffer from excessive manual double-entry between systems.",
        "confidence": "high",
        "source_excerpt": "Too much manual entry between our custom dispatch tool and Salesforce",
        "contradiction_note": null
      },
      {
        "statement": "Drivers are highly dissatisfied with the current mobile app.",
        "confidence": "high",
        "source_excerpt": "drivers hate the mobile app",
        "contradiction_note": null
      }
    ],
    "desired_state": [
      {
        "statement": "Operations wants to fix dispatcher double-entry and invoicing incrementally.",
        "confidence": "high",
        "source_excerpt": "fix three specific operational pain points — dispatcher double-entry, the driver app, and invoicing",
        "contradiction_note": null
      }
    ],
    "success_criteria": [
      {
        "statement": "Reduce dispatch time per load by 30% to avoid hiring additional dispatchers.",
        "confidence": "high",
        "source_excerpt": "30% reduction in dispatch time means we don't need to hire four additional dispatchers",
        "contradiction_note": null
      }
    ],
    "risks_unknowns": [
      {
        "statement": "The timeline for the pilot is disputed among stakeholders.",
        "confidence": "contradicted",
        "source_excerpt": "Pilot in production by end of Q3 (Sept 30).",
        "contradiction_note": "Sarah and Rita mandate a Q3 pilot for budget reasons, but Marcus believes Q4 is more realistic and refuses to commit to Q3."
      }
    ]
  },
  "strategic": {
    "pain_points": [
      {
        "statement": "Leadership is fundamentally misaligned on whether the core issue is a workflow problem or a platform problem.",
        "confidence": "high",
        "source_excerpt": "Sarah thinks this is a workflow problem. I think this is a platform problem.",
        "contradiction_note": null
      }
    ],
    "desired_state": [
      {
        "statement": "The company needs to ensure compliance with the upcoming federal ELD mandate.",
        "confidence": "high",
        "source_excerpt": "whatever we build needs to not get in the way of the compliance work.",
        "contradiction_note": null
      }
    ],
    "success_criteria": [
      {
        "statement": "Deliver a credible plan to hit the Q3 pilot within the authorized budget.",
        "confidence": "high",
        "source_excerpt": "hit the Q3 pilot inside the budget you've authorized.",
        "contradiction_note": null
      }
    ],
    "risks_unknowns": [
      {
        "statement": "Missing the ELD compliance deadline could result in fines or loss of operating authority.",
        "confidence": "medium",
        "source_excerpt": "Fines, possibly losing our operating authority in some states.",
        "contradiction_note": null
      }
    ]
  }
}

Translate the human feedback into actionable directives.

=== RESPONSE ===
{
  "directives": [
    "Replace all generic references to the 'custom Ruby on Rails dispatch application' or 'custom dispatch tool' with its specific name, 'Routemaster', throughout the document.",
    "Revise the Pricing Approach section to propose a fixed-fee structure capped at $300,000 to match the CFO's explicitly approved budget, and remove the $150,000–$250,000 benchmark.",
    "Remove Open Question 1 regarding 'Phase 1 Budget Target Alignment', as the CFO's $300,000 budget cap is a confirmed fact rather than an open question.",
    "Update the 'Regulatory Compliance' bullet in the Understanding section to explicitly state the business risks of missing the ELD mandate: potential fines and the possible loss of operating authority in some states.",
    "In the 'Phases & Timeline' section, add a note to Phase 1C explicitly flagging the internal stakeholder conflict regarding the pilot launch date (Operations and Finance mandate Q3/Sept 30, while Engineering expects Q4)."
  ]
}
