=== PROMPT ===
HUMAN FEEDBACK: 
fix these all 4 issues and make sure to not change anything new

AI CRITIQUE PROVIDED TO HUMAN: 
{
  "issues": [
    {
      "severity": "critical",
      "location": "Pricing Approach",
      "description": "The proposal fails to provide a firm price, stating it will be provided 'Once we have resolved the open questions'. This directly conflicts with the client's high-confidence desired state: 'I want a number in the proposal. Not a range. A number.'",
      "suggested_fix": "Provide a specific, firm fixed-fee number in the proposal (e.g., at or below the $300k strict cap mentioned by the CFO) and state the assumptions it is based on, rather than deferring the pricing entirely."
    },
    {
      "severity": "high",
      "location": "Executive Summary",
      "description": "The section includes hallucinated metrics not found in the Client Matrix, specifically '40% growth' and '600 contracted drivers'.",
      "suggested_fix": "Remove the fabricated metrics and focus the opening on the rapid expansion and operational bottlenecks actually supported by the provided context."
    },
    {
      "severity": "high",
      "location": "Understanding",
      "description": "The section invents numerous specific details not present in the Client Matrix, including '40 dispatchers', 'React Native mobile app (last updated in 2023)', 'NetSuite', '7-year-old custom Rails 5 app', 'two internal engineers', 'Rajiv Mehta', and a 'November' ELD mandate.",
      "suggested_fix": "Remove all fabricated technologies, headcounts, names, and dates. Stick strictly to the facts provided in the Client Matrix (e.g., mention the custom dispatch tool 'Routemaster' and Salesforce, but do not invent the underlying tech stack or specific personnel)."
    },
    {
      "severity": "high",
      "location": "Open Questions (Item 4)",
      "description": "The proposal invents a detail stating 'intake notes indicate Northwind is currently evaluating new TMS vendors'. The matrix only states the CTO wants to replace the tool with a third-party SaaS platform, not that an active evaluation is underway.",
      "suggested_fix": "Revise the question to focus on the CTO's stated desire to move to a third-party SaaS platform without inventing a current vendor evaluation process."
    }
  ],
  "risks": [
    "Failing to include a firm price directly violates a high-confidence client requirement and risks immediate rejection of the proposal by the CFO.",
    "The inclusion of highly specific but fabricated details (hallucinations) across multiple sections severely damages the firm's credibility and would embarrass the firm in front of the client."
  ],
  "recommendation": "revise"
}

PROPOSAL DRAFT: 
# Executive Summary

Northwind Logistics has experienced an impressive 40% growth over the past year, driven by strategic acquisitions. However, this rapid expansion has surfaced critical bottlenecks in your operational and financial workflows. Currently, disjointed systems are forcing excessive manual data entry, leading to a frustrating experience for your 600 contracted drivers and leaving Finance three weeks behind on invoicing. 

Our goal is to partner with Northwind to streamline these workflows, bridging the gap between your custom dispatch tool (Routemaster) and Salesforce. By resolving these data discrepancies and automating manual touchpoints, we aim to reduce dispatch time by 30%—avoiding the need to hire four additional dispatchers—and improve Days Sales Outstanding (DSO) to five days, which will free up approximately $1.4M in working capital. This proposal outlines an incremental, pragmatic approach to solving your most pressing operational pain points while respecting your long-term technology strategy and upcoming compliance mandates.

# Understanding

Based on our initial discussions, we recognize that Northwind is operating in a complex, high-stakes environment where operational efficiency is currently constrained by technical debt. 

**The Core Challenges:**
*   **Operational Friction:** Your 40 dispatchers are burdened by manual data entry between Routemaster and Salesforce. Furthermore, drivers are highly dissatisfied with the current React Native mobile app (last updated in 2023).
*   **Financial Impact:** Because data between your operational systems and NetSuite does not align, Finance is lagging three weeks behind on invoicing.
*   **Technical Constraints:** Routemaster (a 7-year-old custom Rails 5 app) suffers from severe technical debt. The codebase is fragile, making it difficult for your two internal engineers to ship new features quickly. Past internal attempts to fix dispatcher workflows have failed twice.
*   **Strategic Misalignment:** There is an ongoing internal debate regarding whether to incrementally fix the current workflow or completely replace Routemaster with a third-party SaaS platform. 

**Success Criteria:**
A successful Phase 1 engagement will deliver targeted operational improvements without waiting for a multi-year platform replacement. It must reduce dispatch time, accelerate invoicing, and ensure that any changes made to the driver app are strictly coordinated with the upcoming November ELD compliance mandate owned by Rajiv Mehta.

# Approach

To balance Operations' need for immediate relief with Engineering's desire for long-term platform stability, we recommend a decoupled, incremental approach. 

Rather than attempting a risky overhaul of Routemaster, we will build the new workflow logic as a portable layer on top of your existing systems. This layer will orchestrate data between Routemaster, Salesforce, and the driver app. 

This approach provides three distinct advantages:
1.  **Immediate Value:** We can incrementally fix specific operational workflows and data alignment issues without waiting for a full platform replacement.
2.  **Future-Proofing:** By building this logic as a portable layer, we target making 60–70% of the Phase 1 work reusable should Northwind ultimately transition to a new third-party SaaS TMS.
3.  **Risk Mitigation:** We will coordinate closely with the ELD compliance workstream, ensuring that our updates to the driver app do not interfere with the federal mandate update.

# Phases & Timeline

To ensure disciplined execution and risk management, we propose structuring the Phase 1 engagement into the following sequence:

*   **Phase 1: Discovery & Alignment (Weeks 1-2)**
    *   Deep-dive assessment of data flows between Routemaster, Salesforce, and NetSuite.
    *   Coordination with the Compliance team to map out ELD dependencies.
    *   Finalization of the technical architecture for the portable workflow layer.
*   **Phase 2: Portable Workflow Development (Weeks 3-10)**
    *   Develop the integration layer to automate manual dispatcher data entry.
    *   Implement targeted updates to the driver mobile app to improve user experience.
    *   Establish reliable data pipelines to NetSuite to accelerate invoicing.
*   **Phase 3: Pilot Deployment & Testing (Timeline Pending Alignment)**
    *   Roll out the integrated workflow to a subset of dispatchers and drivers.
    *   Measure impact against the 30% dispatch time reduction and 5-day DSO targets.
    *   *Note: The exact target date for this deployment phase is contingent upon resolving a scheduling discrepancy (detailed in Open Questions below).*

# Pricing Approach

We understand that previous vendor experiences have made Finance understandably rigorous about budget controls. As requested, this engagement will be structured as a **fixed-fee contract with milestone-based payments**. 

We do not believe in billing by the hour for strategic transformations; instead, we tie our compensation to the delivery of concrete, agreed-upon milestones. Once we have resolved the open questions regarding the project's timeline and budget ceiling, we will provide a single, firm price for Phase 1—no ranges and no hidden overages.

# Open Questions

To finalize the Statement of Work and provide a firm fixed-fee price, we must achieve explicit alignment on the following items, which currently reflect conflicting information or missing details:

1.  **Budget Alignment:** There is a discrepancy regarding the approved budget for this Phase 1 engagement. Operations indicated a potential range of $250,000 to $400,000, whereas Finance has stated the budget is strictly capped at $300,000. We need to confirm the exact ceiling to ensure our proposed scope fits within approved financial boundaries.
2.  **Pilot Timeline Feasibility:** Operations and Finance have mandated that a pilot must be in production by the end of Q3 (September 30) to prevent funding reallocation. However, Engineering has indicated they did not agree to this deadline and view Q4 as a more realistic target. We must align on a unified, feasible deployment date before project kickoff.
3.  **ELD Compliance Details:** We understand that missing the November ELD compliance deadline could result in fines or the loss of operating authority in certain states. We need to bring Rajiv Mehta into the conversation to understand the exact technical requirements of this federal mandate update so we can guarantee our work does not conflict with it.
4.  **TMS Evaluation Status:** The intake notes indicate Northwind is currently evaluating new TMS vendors, though no selection has been made. We need to understand how this evaluation impacts the CTO's timeline for potentially migrating away from Routemaster, as it will inform how we architect the portable workflow layer.

CLIENT MATRIX: 
{
  "business": {
    "pain_points": [
      {
        "statement": "Finance is significantly delayed in processing invoices due to data discrepancies.",
        "confidence": "high",
        "source_excerpt": "finance is 3 weeks behind on invoicing because the data never lines up.",
        "contradiction_note": null
      }
    ],
    "desired_state": [
      {
        "statement": "The client wants a fixed-fee engagement with milestone payments and a firm price.",
        "confidence": "high",
        "source_excerpt": "I want a number in the proposal. Not a range. A number.",
        "contradiction_note": null
      }
    ],
    "success_criteria": [
      {
        "statement": "Improve Days Sales Outstanding (DSO) to free up working capital.",
        "confidence": "high",
        "source_excerpt": "return to five-day DSO... frees up about $1.4M in working capital",
        "contradiction_note": null
      }
    ],
    "risks_unknowns": [
      {
        "statement": "There is a disagreement on the approved budget for the Phase 1 engagement.",
        "confidence": "contradicted",
        "source_excerpt": "the budget I approved is $300,000. That's the cap.",
        "contradiction_note": "The CFO (Rita) insists the budget is strictly capped at $300k, while the VP of Ops (Sarah) claims they discussed a range of $250k to $400k."
      },
      {
        "statement": "Missing the ELD compliance deadline could result in fines or loss of operating authority.",
        "confidence": "medium",
        "source_excerpt": "Fines, possibly losing our operating authority in some states.",
        "contradiction_note": null
      }
    ]
  },
  "technical": {
    "pain_points": [
      {
        "statement": "The current dispatch tool (Routemaster) has severe technical debt, making feature development extremely slow.",
        "confidence": "high",
        "source_excerpt": "Technical debt in Routemaster. We can't ship features anymore because the codebase is too fragile.",
        "contradiction_note": null
      }
    ],
    "desired_state": [
      {
        "statement": "The CTO wants to completely replace the legacy dispatch tool with a third-party SaaS platform.",
        "confidence": "medium",
        "source_excerpt": "live on it in nine months and we'd never have to maintain Routemaster again.",
        "contradiction_note": null
      },
      {
        "statement": "Build workflow logic as a portable layer on top of the existing system.",
        "confidence": "medium",
        "source_excerpt": "workflow logic in a layer on top of Routemaster, talking to Salesforce and the driver app",
        "contradiction_note": null
      }
    ],
    "success_criteria": [
      {
        "statement": "A majority of the new workflow logic must be reusable if the underlying platform is replaced.",
        "confidence": "medium",
        "source_excerpt": "60-70% of the Phase 1 work survives a platform change.",
        "contradiction_note": null
      }
    ],
    "risks_unknowns": [
      {
        "statement": "Changes to the driver app must be carefully coordinated with the separate ELD compliance workstream.",
        "confidence": "high",
        "source_excerpt": "If we're going to touch the driver app, the ELD work has to be coordinated.",
        "contradiction_note": null
      }
    ]
  },
  "operational": {
    "pain_points": [
      {
        "statement": "Dispatchers suffer from excessive manual data entry between systems.",
        "confidence": "high",
        "source_excerpt": "Too much manual entry between our custom dispatch tool and Salesforce",
        "contradiction_note": null
      },
      {
        "statement": "Drivers are highly dissatisfied with the current mobile application.",
        "confidence": "high",
        "source_excerpt": "drivers hate the mobile app",
        "contradiction_note": null
      }
    ],
    "desired_state": [
      {
        "statement": "Incrementally fix specific operational workflows without waiting for a full platform replacement.",
        "confidence": "high",
        "source_excerpt": "fix three specific operational pain points... incrementally, within the budget",
        "contradiction_note": null
      }
    ],
    "success_criteria": [
      {
        "statement": "Reduce dispatch time to avoid the need for additional headcount.",
        "confidence": "high",
        "source_excerpt": "30% reduction in dispatch time means we don't need to hire four additional dispatchers",
        "contradiction_note": null
      }
    ],
    "risks_unknowns": [
      {
        "statement": "Previous internal attempts to fix the dispatcher workflow have failed.",
        "confidence": "high",
        "source_excerpt": "We've tried internal projects to fix this exact thing twice and they both failed.",
        "contradiction_note": null
      }
    ]
  },
  "strategic": {
    "pain_points": [
      {
        "statement": "Leadership is fundamentally misaligned on whether the core issue is a workflow problem or a platform problem.",
        "confidence": "high",
        "source_excerpt": "Sarah and I have been having a parallel conversation about this for months and we don't agree",
        "contradiction_note": null
      }
    ],
    "desired_state": [
      {
        "statement": "Deploy a pilot to production by the end of Q3 to secure funding.",
        "confidence": "high",
        "source_excerpt": "If we don't have something in production by end of September, the funding gets reallocated.",
        "contradiction_note": null
      }
    ],
    "success_criteria": [
      {
        "statement": "The proposed solution must not interfere with the upcoming ELD compliance mandate.",
        "confidence": "high",
        "source_excerpt": "whatever we build needs to not get in the way of the compliance work.",
        "contradiction_note": null
      }
    ],
    "risks_unknowns": [
      {
        "statement": "There is disagreement on the feasibility and commitment to the Q3 pilot deadline.",
        "confidence": "contradicted",
        "source_excerpt": "I never agreed to Q3. I think Q4 is more realistic",
        "contradiction_note": "The CFO and VP of Ops mandate a Q3 deadline to keep funding, but the CTO states he never agreed to it and believes Q4 is more realistic."
      }
    ]
  }
}

Synthesize the AI Critique and the Human Feedback into a single, unified list of actionable directives.

=== RESPONSE ===
{
  "directives": [
    "In the 'Pricing Approach' section, replace the text deferring the price until open questions are resolved with a specific, firm fixed-fee number at or below the $300,000 strict cap set by the CFO. Explicitly state the assumptions this price is based on.",
    "In the 'Executive Summary', remove the fabricated metrics '40% growth' and '600 contracted drivers'. Adjust the opening sentences to focus only on the rapid expansion and operational bottlenecks without using invented numbers.",
    "In the 'Understanding' section and throughout the document (including 'Open Questions'), remove all hallucinated details: '40 dispatchers', 'React Native mobile app (last updated in 2023)', 'NetSuite', '7-year-old custom Rails 5 app', 'two internal engineers', 'Rajiv Mehta', and the 'November' ELD deadline. Use only the systems and facts explicitly named in the Client Matrix (e.g., Routemaster, Salesforce, driver app, ELD compliance).",
    "In the 'Open Questions' section (Item 4), remove the fabricated statement that Northwind is 'currently evaluating new TMS vendors.' Revise the question to focus solely on the CTO's stated desire to replace Routemaster with a third-party SaaS platform.",
    "Limit all revisions strictly to addressing these four specific issues. Do not introduce any new information, metrics, or structural changes to the proposal."
  ]
}
