=== PROMPT ===
HUMAN FEEDBACK: 
fix these as well.

PROPOSAL DRAFT: 
# Executive Summary

Northwind Logistics faces critical operational friction across its dispatch, field mobile application, and billing workflows following recent acquisitions. Data discrepancies between the custom legacy dispatch tool and Salesforce have created a three-week delay in invoicing, locking up $1.4M in unbilled receivables and inflating operational costs. Furthermore, driver dissatisfaction with the mobile application and high dispatcher manual effort slow down daily throughput.

This proposal outlines a focused, outcome-driven Phase 1 engagement designed to eliminate data bottlenecks, streamline dispatcher workflows, and deploy a production pilot by the end of Q3 (September). By modernizing data integration and optimizing load creation, this engagement directly targets three core financial and operational objectives:
* **Unlocking $1.4M in Working Capital:** Aligning dispatch and billing data to eliminate the 3-week invoicing backlog and returning Northwind Logistics to an industry-standard 5-day Days Sales Outstanding (DSO).
* **Operational Efficiency & Cost Avoidance:** Reducing dispatch time per load by 30%, avoiding the planned hiring of four additional dispatchers and realizing $320,000 in direct annual cost savings.
* **Risk-Mitigated Modernization:** Building clean, decoupled workflow architecture—60% to 70% of which will survive any future core platform change—while ensuring full coordination with the compliance team to safeguard the critical November ELD federal mandate.

---

# Understanding

## Business & Financial Impact
Incomplete integration from recent company acquisitions has strained Northwind Logistics’ core administrative and financial workflows. Invoicing is currently delayed by three weeks due to persistent data discrepancies between operational systems and the accounting environment. 
* **Working Capital Lockup:** Approximately $1.4M in working capital is currently trapped in unbilled receivables.
* **Invoicing Delays:** Finance spends excess effort manually reconciling load data, preventing the business from achieving its target five-day DSO.
* **Cost Structure:** Scaling load volume under current manual processes would necessitate hiring four additional dispatchers next year. Streamlining workflows will avoid $320,000 in incremental labor costs.

## Operational Challenges
* **Dispatcher Double-Entry:** Dispatchers are forced to perform extensive manual double-entry between the custom legacy dispatch system and Salesforce, introducing human error and increasing cycle times.
* **Driver Experience:** Drivers report significant dissatisfaction with the current mobile application, impairing real-time visibility and status updates from the field.
* **Throughput Target:** Operations requires a 30% reduction in time required to dispatch a load to maintain capacity without expanding headcount.

## Technical Environment & Constraints
* **System Fragility & Technical Debt:** The custom legacy dispatch system suffers from severe technical debt. Feature updates take three times longer than necessary, hindering business responsiveness.
* **Previous Internal Unsuccessful Attempts:** Northwind Logistics has previously attempted two internal initiatives to resolve these workflow and data sync issues, both of which failed to achieve sustained operational adoption or solve the underlying technical friction.
* **Architectural Durability:** Any workflow logic developed in Phase 1 must be designed cleanly so that 60% to 70% of the build survives a potential future core system replacement.
* **Architectural Sign-Off:** All proposed target architectures and technical integration patterns require formal review and sign-off by CTO Marcus Patel.
* **Regulatory Compliance:** Ongoing work on the mobile application must strictly coordinate with upcoming federal ELD compliance updates targeted for November to avoid fines or threats to operating authority.

---

# Approach

Our methodology directly addresses the root causes of past project failures by focusing on incremental architectural decoupling, rigorous cross-functional alignment, and hands-on delivery.

1. **Modular Workflow Decoupling (Addressing Past Failed Attempts):** To ensure this initiative succeeds where previous internal efforts failed, we will not attempt a fragile, all-at-once rewrite of the legacy dispatch system. Instead, we will implement an decoupled integration layer and clear API contracts between the legacy dispatch platform, Salesforce, and the accounting system. This isolates business logic, eliminates manual double-entry, and ensures that 60–70% of the investments made here carry forward regardless of future platform choices.
2. **CTO Architectural Collaboration:** We will conduct early, structured architectural walkthroughs with CTO Marcus Patel to review data models, API patterns, and pipeline resiliency, ensuring full alignment prior to deployment.
3. **Driver-Centric Mobile Optimization:** We will streamline key touchpoints within the mobile application to reduce friction for drivers, ensuring higher field compliance and accurate, real-time status data fed into the invoicing engine.
4. **Synchronized Regulatory Guardrails:** We will establish direct coordination with the compliance team to map out ELD requirements before touching mobile or driver-facing workflows, ensuring zero risk or interference with the November regulatory deadline.

---

# Phases & Timeline

Below is the proposed implementation roadmap, deliberately aligned to achieve pilot deployment by the end of Q3 (September) to secure project funding continuity.

```
+-----------------------------------------------------------------------------------+
|  Phase 1A: Discovery & Architecture Alignment (July)                              |
|  - Workflow mapping, ELD compliance coordination, architecture sign-off           |
+-----------------------------------------------------------------------------------+
                                         |
                                         v
+-----------------------------------------------------------------------------------+
|  Phase 1B: Integration & Workflow Automation (August)                              |
|  - Decoupled API layer, Salesforce sync, mobile app enhancements                  |
+-----------------------------------------------------------------------------------+
                                         |
                                         v
+-----------------------------------------------------------------------------------+
|  Phase 1C: Pilot Deployment (End of Q3 / September)                              |
|  - Production pilot release, dispatcher workflow validation, metric tracking     |
+-----------------------------------------------------------------------------------+
                                         |
                                         v
+-----------------------------------------------------------------------------------+
|  Phase 1D: Hardening & Compliance Alignment (October - November)                  |
|  - Scale pilot, final optimizations, transition ahead of ELD mandate             |
+-----------------------------------------------------------------------------------+
```

### Detailed Phase Breakdown

* **Phase 1A: Discovery, Integration Architecture & Compliance Alignment (Month 1 - July)**
  * Map end-to-end data flow between legacy dispatch system, Salesforce, and accounting/finance systems.
  * Conduct architectural design sessions and secure CTO sign-off on integration architecture.
  * Align with the compliance team to establish technical boundaries for ELD regulatory updates.

* **Phase 1B: Workflow Automation & Mobile App Enhancements (Month 2 - August)**
  * Build automated synchronization logic to eliminate dispatcher double-entry.
  * Refactor critical touchpoints in the mobile application to improve driver usability and data capture.
  * Develop validation logic to resolve data discrepancies prior to invoicing.

* **Phase 1C: Pilot Deployment & Testing (Month 3 - End of Q3 / September)**
  * Deploy production pilot to a select group of dispatchers and drivers by September 30.
  * Track operational metrics against targets (30% reduction in dispatch time, DSO improvement).
  * Validate automated data sync accuracy to begin releasing unbilled receivables.

* **Phase 1D: Optimization & Safeguards (Months 4–5 - October to November)**
  * Expand pilot deployment operational footprint.
  * Finalize coordination with the compliance team to ensure seamless transition into the November ELD compliance deadline.

---

# Pricing Approach

Based on comparable logistics technology engagements requiring a 4-person cross-functional consulting team (Architect, Integration Engineer, Mobile Specialist, Delivery Lead) over a multi-month lifecycle, we offer a single, fixed-fee structure with outcome-based milestone payments. This structure provides complete budget predictability while holding our firm accountable for tangible operational deliverables.

### Fixed-Fee Total: $250,000

### Milestone Payment Schedule

| Milestone | Deliverable / Outcome | Fee Amount |
| :--- | :--- | :--- |
| **Milestone 1: Project Initiation & Architecture Sign-Off** | Completion of integration architecture blueprint, data flow mapping, and formal CTO sign-off. | $50,000 |
| **Milestone 2: Integration & Mobile Core Build** | Delivery of automated sync layer between Salesforce and dispatch tool, plus mobile usability updates. | $75,000 |
| **Milestone 3: Q3 End-of-Quarter Production Pilot Deployment** | Successful production pilot deployment by September 30 with initial dispatcher cohort. | $75,000 |
| **Milestone 4: Operational Validation & Rollout** | Demonstration of automated invoicing data sync, verified reduction in dispatch manual entry, and final handover. | $50,000 |

---

# Open Questions

To ensure total transparency, several strategic alignment points and technical requirements remain open. Per our project standards, items where stakeholder views diverge or details require further definition are highlighted below for explicit clarification prior to contract finalization:

1. **Phase 1 Budget Cap Alignment**
   * *Context:* CFO Rita Donovan has specified a strict budget cap of $300,000 for Phase 1. Conversely, operational discussions with VP Ops Sarah Chen noted a potential project budget range of $250,000 to $400,000.
   * *Clarification Needed:* We need to formally confirm that our proposed $250,000 fixed-fee proposal fully satisfies the CFO's requirement while meeting operational expectations.

2. **Long-Term Dispatch Architecture Strategy (Replace vs. Patch)**
   * *Context:* CTO Marcus Patel advocates for replacing the existing custom dispatch application with a modern commercial SaaS platform due to codebase fragility. VP Ops Sarah Chen favors incremental workflow updates and patching existing software to resolve pain points quickly.
   * *Clarification Needed:* We need to align on whether Phase 1 should proceed under our proposed modular framework—which solves immediate pain while preserving 60–70% of the work for a future SaaS transition—or if a broader SaaS selection effort should be incorporated.

3. **Pilot Timeline Feasibility (End of Q3 vs. Q4)**
   * *Context:* VP Ops Sarah Chen and CFO Rita Donovan mandate a production pilot by the end of Q3 (September 30) to protect project funding. CTO Marcus Patel has indicated that Q4 is a more realistic deployment target given existing engineering constraints.
   * *Clarification Needed:* We need to finalize the phased pilot scope to ensure the September 30 target is technically achievable without compromising system stability.

4. **ELD Compliance Scope & Integration Detail**
   * *Context:* The federal ELD compliance deadline occurs in November. While it is clear that mobile app modifications must not disrupt this mandate, the precise technical specification and current state of the ELD work remain unexamined.
   * *Clarification Needed:* We require a technical deep-dive with the compliance team during Phase 1A to review ELD code paths and establish clear integration guardrails.

CLIENT MATRIX: 
{
  "business": {
    "pain_points": [
      {
        "statement": "Finance is significantly delayed on invoicing due to data discrepancies.",
        "confidence": "high",
        "source_excerpt": "finance is 3 weeks behind on invoicing because the data never lines up.",
        "contradiction_note": null
      },
      {
        "statement": "A large amount of working capital is tied up in unbilled receivables.",
        "confidence": "high",
        "source_excerpt": "frees up about $1.4M in working capital that's currently stuck in unbilled receivables.",
        "contradiction_note": null
      }
    ],
    "desired_state": [
      {
        "statement": "The company wants to return to an industry-standard Days Sales Outstanding (DSO).",
        "confidence": "high",
        "source_excerpt": "return to five-day DSO from where we are now",
        "contradiction_note": null
      },
      {
        "statement": "The CFO requires a fixed-fee engagement structure with milestone-based payments.",
        "confidence": "high",
        "source_excerpt": "fixed-fee proposal with milestone payments tied to specific outcomes",
        "contradiction_note": null
      }
    ],
    "success_criteria": [
      {
        "statement": "The project must free up $1.4M in working capital.",
        "confidence": "high",
        "source_excerpt": "frees up about $1.4M in working capital",
        "contradiction_note": null
      },
      {
        "statement": "The project must save $320k by avoiding the need to hire additional dispatchers.",
        "confidence": "high",
        "source_excerpt": "we don't need to hire four additional dispatchers next year, which is about $320k",
        "contradiction_note": null
      }
    ],
    "risks_unknowns": [
      {
        "statement": "There is a disagreement regarding the maximum budget for the Phase 1 engagement.",
        "confidence": "contradicted",
        "source_excerpt": "budget I approved is $300,000. That's the cap.",
        "contradiction_note": "CFO Rita insists on a strict $300k cap, while VP Ops Sarah claims they discussed a $250k-$400k range."
      },
      {
        "statement": "Failure to meet ELD compliance could result in fines or loss of operating authority.",
        "confidence": "high",
        "source_excerpt": "Fines, possibly losing our operating authority in some states.",
        "contradiction_note": null
      }
    ]
  },
  "technical": {
    "pain_points": [
      {
        "statement": "The legacy dispatch system has severe technical debt making it fragile.",
        "confidence": "high",
        "source_excerpt": "We can't ship features anymore because the codebase is too fragile.",
        "contradiction_note": null
      },
      {
        "statement": "Development velocity is severely hindered by the current architecture.",
        "confidence": "high",
        "source_excerpt": "Every change takes three times as long as it should.",
        "contradiction_note": null
      }
    ],
    "desired_state": [
      {
        "statement": "Stakeholders disagree on whether to replace the legacy dispatch system or patch its workflows.",
        "confidence": "contradicted",
        "source_excerpt": "replace Routemaster with a SaaS platform",
        "contradiction_note": "CTO Marcus wants a full SaaS replacement, while VP Ops Sarah wants incremental workflow fixes on the existing platform."
      },
      {
        "statement": "Workflow logic should be built to survive a potential future platform replacement.",
        "confidence": "medium",
        "source_excerpt": "60-70% of the Phase 1 work survives a platform change.",
        "contradiction_note": null
      }
    ],
    "success_criteria": [
      {
        "statement": "The CTO must review and sign off on the proposed architecture.",
        "confidence": "high",
        "source_excerpt": "I want to be in the room when you walk through the architecture.",
        "contradiction_note": null
      }
    ],
    "risks_unknowns": [
      {
        "statement": "Previous internal attempts to fix the workflow issues have failed.",
        "confidence": "high",
        "source_excerpt": "We've tried internal projects to fix this exact thing twice and they both failed.",
        "contradiction_note": null
      },
      {
        "statement": "Changes to the driver app may conflict with ongoing ELD compliance work.",
        "confidence": "high",
        "source_excerpt": "If we're going to touch the driver app, the ELD work has to be coordinated.",
        "contradiction_note": null
      }
    ]
  },
  "operational": {
    "pain_points": [
      {
        "statement": "Dispatchers suffer from excessive manual double-entry between systems.",
        "confidence": "high",
        "source_excerpt": "Too much manual entry between our custom dispatch tool and Salesforce",
        "contradiction_note": null
      },
      {
        "statement": "The current mobile application is highly disliked by the drivers.",
        "confidence": "high",
        "source_excerpt": "drivers hate the mobile app",
        "contradiction_note": null
      }
    ],
    "desired_state": [
      {
        "statement": "Operations wants to significantly reduce the time it takes to dispatch a load.",
        "confidence": "high",
        "source_excerpt": "30% reduction in dispatch time per load",
        "contradiction_note": null
      }
    ],
    "success_criteria": [
      {
        "statement": "A pilot must be in production by the end of Q3 to secure funding.",
        "confidence": "high",
        "source_excerpt": "If we don't have something in production by end of September, the funding gets reallocated.",
        "contradiction_note": null
      }
    ],
    "risks_unknowns": [
      {
        "statement": "There is a conflict regarding the feasibility of the Q3 pilot deadline.",
        "confidence": "contradicted",
        "source_excerpt": "I think Q4 is more realistic if we're doing it right.",
        "contradiction_note": "VP Ops and CFO mandate a Q3 pilot for budget reasons, but the CTO believes Q4 is the realistic timeline."
      }
    ]
  },
  "strategic": {
    "pain_points": [
      {
        "statement": "Technical integration from recent company acquisitions remains incomplete.",
        "confidence": "medium",
        "source_excerpt": "Tech integration from those acquisitions is incomplete.",
        "contradiction_note": null
      }
    ],
    "desired_state": [
      {
        "statement": "Any new development must not interfere with upcoming federal compliance mandates.",
        "confidence": "high",
        "source_excerpt": "whatever we build needs to not get in the way of the compliance work.",
        "contradiction_note": null
      }
    ],
    "success_criteria": [
      {
        "statement": "The company must meet the federal ELD compliance deadline in November.",
        "confidence": "high",
        "source_excerpt": "The ELD compliance deadline in November is real.",
        "contradiction_note": null
      }
    ],
    "risks_unknowns": [
      {
        "statement": "The exact scope and technical requirements of the ELD compliance work are currently unknown to the consultant.",
        "confidence": "high",
        "source_excerpt": "I need to learn more about the ELD work before I can speak to that.",
        "contradiction_note": null
      }
    ]
  }
}

Translate the human feedback into actionable directives.

=== RESPONSE ===
{
  "directives": [
    "Replace all generic references to the 'custom legacy dispatch system', 'legacy dispatch tool', or 'legacy dispatch platform' with its specific name, 'Routemaster', as identified in the Client Matrix.",
    "Interpret the vague human feedback ('fix these as well') as a request to resolve the open items. However, because the disagreements regarding Budget, Architecture, and Timeline are confirmed contradictions in the Client Matrix, do not remove them from the Open Questions section. Maintain them as explicit conflicts requiring client resolution.",
    "Update the Executive Summary, Phases & Timeline, and Pricing Approach sections to explicitly state that the proposed Q3 pilot timeline and $250,000 fixed-fee budget are recommended targets. Add a brief disclaimer in these sections noting that these targets are contingent upon resolving the internal stakeholder disagreements highlighted in the Open Questions."
  ]
}
