=== PROMPT ===
Please critique the following proposal.

CLIENT MATRIX: 
{
  "business": {
    "pain_points": [
      {
        "statement": "Finance is significantly delayed on invoicing due to data discrepancies.",
        "confidence": "high",
        "source_excerpt": "finance is 3 weeks behind on invoicing because the data never lines up.",
        "contradiction_note": null
      }
    ],
    "desired_state": [
      {
        "statement": "The client wants a fixed-fee engagement with milestone-based payments.",
        "confidence": "high",
        "source_excerpt": "fixed-fee proposal with milestone payments tied to specific outcomes",
        "contradiction_note": null
      }
    ],
    "success_criteria": [
      {
        "statement": "The project should free up $1.4M in working capital by improving DSO.",
        "confidence": "medium",
        "source_excerpt": "frees up about $1.4M in working capital that's currently stuck in unbilled receivables.",
        "contradiction_note": null
      },
      {
        "statement": "Reduce dispatch time to avoid hiring four additional dispatchers, saving $320k.",
        "confidence": "medium",
        "source_excerpt": "we don't need to hire four additional dispatchers next year, which is about $320k",
        "contradiction_note": null
      }
    ],
    "risks_unknowns": [
      {
        "statement": "There is disagreement on the approved budget for the Phase 1 engagement.",
        "confidence": "contradicted",
        "source_excerpt": "I approved a six-month engagement up to $300k.",
        "contradiction_note": "Rita states the cap is $300k, while Sarah claims they discussed a $250k to $400k range."
      }
    ]
  },
  "technical": {
    "pain_points": [
      {
        "statement": "The custom dispatch tool is old and has severe technical debt.",
        "confidence": "medium",
        "source_excerpt": "We can't ship features anymore because the codebase is too fragile.",
        "contradiction_note": null
      },
      {
        "statement": "Drivers are highly dissatisfied with the current mobile app.",
        "confidence": "medium",
        "source_excerpt": "drivers hate the mobile app",
        "contradiction_note": null
      }
    ],
    "desired_state": [
      {
        "statement": "There is disagreement on whether to fix the current workflows or replace the entire platform.",
        "confidence": "contradicted",
        "source_excerpt": "Sarah thinks this is a workflow problem. I think this is a platform problem.",
        "contradiction_note": "Sarah wants to fix workflows incrementally, while Marcus wants to replace Routemaster entirely with a SaaS platform."
      }
    ],
    "success_criteria": [
      {
        "statement": "A majority of the Phase 1 workflow logic should survive a future platform change.",
        "confidence": "low",
        "source_excerpt": "I'd estimate 60-70% of the Phase 1 work survives a platform change.",
        "contradiction_note": null
      }
    ],
    "risks_unknowns": [
      {
        "statement": "Previous internal attempts to fix the workflow issues have failed.",
        "confidence": "medium",
        "source_excerpt": "We've tried internal projects to fix this exact thing twice and they both failed.",
        "contradiction_note": null
      }
    ]
  },
  "operational": {
    "pain_points": [
      {
        "statement": "Dispatchers suffer from excessive manual double-entry between systems.",
        "confidence": "high",
        "source_excerpt": "Too much manual entry between our custom dispatch tool and Salesforce",
        "contradiction_note": null
      }
    ],
    "desired_state": [
      {
        "statement": "Resolve the upstream dispatcher workflow to fix downstream invoicing data.",
        "confidence": "medium",
        "source_excerpt": "dispatcher workflow because it's the upstream cause of the bad invoicing data.",
        "contradiction_note": null
      }
    ],
    "success_criteria": [
      {
        "statement": "Achieve a 30% reduction in dispatch time per load.",
        "confidence": "high",
        "source_excerpt": "a 30% reduction in dispatch time per load",
        "contradiction_note": null
      }
    ],
    "risks_unknowns": [
      {
        "statement": "Changes to the driver app must coordinate with the upcoming ELD compliance mandate.",
        "confidence": "medium",
        "source_excerpt": "if we touch the driver app at all in Phase 2, we need to do it in a way that supports ELD.",
        "contradiction_note": null
      }
    ]
  },
  "strategic": {
    "pain_points": [
      {
        "statement": "Technology integration from recent company acquisitions remains unfinished.",
        "confidence": "medium",
        "source_excerpt": "Tech integration from those acquisitions is incomplete.",
        "contradiction_note": null
      }
    ],
    "desired_state": [
      {
        "statement": "There is disagreement on the timeline for delivering the pilot.",
        "confidence": "contradicted",
        "source_excerpt": "Q3 was your commitment, not mine. I never agreed to Q3.",
        "contradiction_note": "Sarah and Rita require a Q3 pilot for budget reasons, but Marcus believes Q4 is more realistic."
      }
    ],
    "success_criteria": [
      {
        "statement": "A pilot must be in production by the end of September to secure funding.",
        "confidence": "high",
        "source_excerpt": "If we don't have something in production by end of September, the funding gets reallocated.",
        "contradiction_note": null
      }
    ],
    "risks_unknowns": [
      {
        "statement": "Missing the November ELD compliance deadline could result in losing operating authority.",
        "confidence": "medium",
        "source_excerpt": "Fines, possibly losing our operating authority in some states.",
        "contradiction_note": null
      }
    ]
  }
}

PROPOSAL DRAFT: 
# Northwind Logistics: Phase 1 Workflow & Integration Proposal

## Executive Summary
Northwind Logistics has experienced impressive 40% growth following recent acquisitions, but the underlying operational technology has not kept pace. Currently, excessive manual double-entry between your custom dispatch tool and Salesforce is severely bottlenecking your 40 dispatchers and causing crippling downstream data discrepancies. As a result, finance is three weeks behind on invoicing, trapping approximately $1.4M in working capital in unbilled receivables. 

Based on our experience solving similar operational challenges for peer brokerages like Cascade Freight, we propose a targeted, six-month Phase 1 engagement. Our primary objective is to streamline the upstream dispatcher workflow to resolve downstream invoicing delays. By achieving a target 30% reduction in dispatch time per load, Northwind can avoid hiring four additional dispatchers next year—yielding an estimated $320k in cost savings while accelerating cash flow. This engagement is designed to deliver a production pilot by the end of Q3, ensuring immediate operational relief while preparing Northwind for upcoming industry compliance mandates.

## Understanding
Our understanding of Northwind’s current environment is based on conversations with your leadership team and an analysis of your operational metrics. 

**Current State & Pain Points:**
*   **Operational Friction:** Dispatchers are forced to manually bridge the gap between Salesforce (Sales Cloud) and your custom Rails 5 dispatch tool. 
*   **Invoicing Delays:** Because upstream data does not align, NetSuite invoicing is delayed by up to three weeks.
*   **Technical Debt:** The legacy dispatch codebase is fragile, preventing your engineering team from shipping new features. Previous internal attempts to resolve these workflow issues have failed twice.
*   **Driver Dissatisfaction:** Your ~600 contracted drivers are highly dissatisfied with the current React Native mobile app (last updated in 2023).
*   **Incomplete Integration:** Technical integration from your two 2024 acquisitions remains unfinished, compounding workflow inefficiencies.
*   **Compliance Risks:** A critical federal ELD compliance mandate is due in November. Missing this deadline could result in severe fines or the loss of operating authority in certain states.

**Business Objectives:**
*   Reduce dispatch time per load by 30%.
*   Unlock ~$1.4M in working capital by eliminating data discrepancies and improving DSO (Days Sales Outstanding).
*   Save ~$320k in planned headcount expansion by maximizing current dispatcher capacity.

## Approach
Our approach centers on solving the root cause of your data discrepancies: the upstream dispatcher workflow. Rather than treating the symptom in Finance, we will focus on eliminating the manual double-entry between Salesforce and the dispatch tool.

1.  **Workflow Optimization & Data Alignment:** We will map the exact data discrepancies causing the three-week invoicing lag and build automated data flows between Salesforce and your dispatch tool to ensure NetSuite receives clean, actionable billing data.
2.  **Risk-Mitigated Execution:** Given that previous internal initiatives to fix this issue have stalled, we will deploy a dedicated team experienced in legacy Rails applications and Salesforce integrations to ensure delivery without disrupting daily operations.
3.  **Compliance-Aware Architecture:** Any modifications made to the dispatcher workflows or driver touchpoints will be designed with the November ELD mandate in mind, ensuring our foundational work supports Rajiv Mehta’s compliance requirements.
4.  **Future-State Alignment:** We will structure our data models and workflow logic to accommodate your ongoing Transportation Management System (TMS) evaluation, ensuring Phase 1 acts as a bridge to your future architecture rather than creating new technical debt.

## Phases & Timeline
We are proposing a six-month engagement for Phase 1, structured to hit your critical funding and compliance milestones:

*   **Months 1-2: Discovery & Foundational Engineering**
    *   Map the exact failure points between Salesforce, the Rails dispatch tool, and NetSuite.
    *   Establish data validation rules to stop bad data from reaching Finance.
    *   Align technical architecture with upcoming ELD compliance requirements.
*   **Month 3: Q3 Production Pilot**
    *   Deploy a functional pilot to a subset of dispatchers by September 30.
    *   Validate the targeted 30% reduction in dispatch time per load.
    *   *Note: Achieving this exact milestone is critical to securing continuous funding for the initiative.*
*   **Months 4-5: Broad Rollout & Invoicing Resolution**
    *   Expand the workflow improvements to all 40 dispatchers.
    *   Monitor downstream impacts on NetSuite to confirm the release of the $1.4M in trapped working capital.
*   **Month 6: ELD Mandate Support & Phase 2 Planning**
    *   Finalize technical documentation.
    *   Ensure all workflow and driver-facing elements are fully prepared for the November ELD deadline.

## Pricing Approach
To provide Northwind Logistics with budget predictability and mutual alignment on success, this engagement will be structured as a **fixed-fee agreement**. 

Rather than billing on a Time & Materials (T&M) basis, payments will be tied to the successful delivery of specific project milestones (e.g., completion of Discovery, launch of the Q3 Production Pilot, and Final Rollout). This ensures our team is incentivized to deliver the business outcomes—specifically the workflow efficiencies and invoicing resolution—on schedule. 

## Open Questions
To finalize the statement of work and ensure complete alignment across Northwind’s leadership team, we need to resolve the following open items:

*   **Phase 1 Budget Alignment:** We have received conflicting signals regarding the approved budget for this engagement. We need to clarify if the budget is capped at $300k, or if the approved range is between $250k and $400k, so we can scope the deliverables accordingly.
*   **Platform Strategy (Fix vs. Replace):** There is internal disagreement on whether Phase 1 should focus on incrementally fixing workflows within the current custom dispatch tool, or if the tool should be entirely replaced with a SaaS platform. We must align on this strategic direction before kickoff.
*   **Technical Reusability:** If the decision is made to eventually replace the platform, we need to validate the assumption that 60-70% of the workflow logic built during Phase 1 will survive the transition. Currently, our confidence in that specific reusability metric is low and requires deeper technical discovery.
*   **Pilot Timeline Feasibility:** While there is a strong business requirement to launch the pilot in Q3 (by end of September) to secure funding, there are internal technical concerns that Q4 is a more realistic target. We need to align engineering realities with business requirements to finalize the pilot date.
*   **ELD & TMS Details:** We need to engage with Rajiv Mehta to define the exact technical requirements of the November ELD mandate, and we require an update on your current TMS vendor evaluation process to ensure our data models are compatible.


=== RESPONSE ===
{
  "issues": [
    {
      "severity": "critical",
      "location": "Executive Summary & Phases & Timeline",
      "description": "The proposal confidently commits to delivering a production pilot by the end of Q3 (September 30) in both the Executive Summary and the Phases & Timeline sections. However, the Client Matrix marks the pilot timeline as 'contradicted' due to internal disagreement between Q3 and Q4. Contradicted items must not be stated as confident facts.",
      "suggested_fix": "Remove the definitive commitment to a Q3 pilot from the Executive Summary and Phases & Timeline. You can acknowledge the business requirement for a Q3 pilot to secure funding, but clarify that the actual delivery timeline is pending the resolution of the Q3 vs. Q4 feasibility disagreement outlined in the Open Questions section."
    },
    {
      "severity": "high",
      "location": "Understanding, Approach, & Open Questions",
      "description": "The proposal includes several hallucinated specific details not present in the Client Matrix. This includes inventing a stakeholder named 'Rajiv Mehta', an ongoing 'Transportation Management System (TMS) evaluation', and specific technologies like 'NetSuite', 'Rails 5', and 'React Native'. Presenting fabricated facts to the client would severely damage the firm's credibility.",
      "suggested_fix": "Remove all hallucinated names, projects, and technologies. Refer generally to the client's compliance team, the custom dispatch tool, the mobile app, and the invoicing system exactly as they are described in the Client Matrix."
    }
  ],
  "risks": [
    "Promising a Q3 pilot when there are known internal technical concerns about its feasibility could set the firm up for failure and damage client trust early in the engagement.",
    "Including hallucinated stakeholders and ongoing software evaluations makes the proposal look like a careless template, which risks embarrassing the firm and losing the client's confidence."
  ],
  "recommendation": "revise"
}
