=== PROMPT ===
Please critique the following proposal.

CLIENT MATRIX: 
{
  "business": {
    "pain_points": [
      {
        "statement": "Finance is significantly delayed on invoicing due to data discrepancies.",
        "confidence": "high",
        "source_excerpt": "finance is 3 weeks behind on invoicing because the data never lines up.",
        "contradiction_note": null
      }
    ],
    "desired_state": [
      {
        "statement": "The CFO requires a fixed-fee engagement with milestone-based payments.",
        "confidence": "high",
        "source_excerpt": "fixed-fee proposal with milestone payments tied to specific outcomes",
        "contradiction_note": null
      }
    ],
    "success_criteria": [
      {
        "statement": "The project must free up working capital by returning to a five-day DSO.",
        "confidence": "high",
        "source_excerpt": "return to five-day DSO from where we are now frees up about $1.4M",
        "contradiction_note": null
      },
      {
        "statement": "The budget cap for the Phase 1 engagement.",
        "confidence": "contradicted",
        "source_excerpt": "the budget I approved is $300,000. That's the cap.",
        "contradiction_note": "CFO Rita insists the budget is capped at $300k, while VP Ops Sarah claims they discussed a $250k-$400k range."
      }
    ],
    "risks_unknowns": [
      {
        "statement": "Missing the ELD deadline could result in fines and loss of operating authority.",
        "confidence": "high",
        "source_excerpt": "Fines, possibly losing our operating authority in some states.",
        "contradiction_note": null
      }
    ]
  },
  "technical": {
    "pain_points": [
      {
        "statement": "The custom dispatch tool has severe technical debt preventing new feature development.",
        "confidence": "medium",
        "source_excerpt": "Technical debt in Routemaster. We can't ship features anymore because the codebase is too fragile.",
        "contradiction_note": null
      },
      {
        "statement": "There is too much manual data entry between the dispatch tool and the CRM.",
        "confidence": "high",
        "source_excerpt": "Too much manual entry between our custom dispatch tool and Salesforce",
        "contradiction_note": null
      }
    ],
    "desired_state": [
      {
        "statement": "The core technical approach for the dispatch tool.",
        "confidence": "contradicted",
        "source_excerpt": "replace Routemaster with a SaaS platform",
        "contradiction_note": "CTO Marcus wants to replace the legacy system with a SaaS platform, while VP Ops Sarah wants to incrementally fix workflows on the existing system."
      },
      {
        "statement": "Workflow logic should be portable in case of a future platform change.",
        "confidence": "medium",
        "source_excerpt": "60-70% of the Phase 1 work survives a platform change.",
        "contradiction_note": null
      }
    ],
    "success_criteria": [
      {
        "statement": "The CTO must review and approve the proposed architecture.",
        "confidence": "medium",
        "source_excerpt": "I'd want to see the architecture before I sign off on that number.",
        "contradiction_note": null
      }
    ],
    "risks_unknowns": [
      {
        "statement": "Changes to the driver app may conflict with the separate ELD compliance workstream.",
        "confidence": "high",
        "source_excerpt": "If we're going to touch the driver app, the ELD work has to be coordinated.",
        "contradiction_note": null
      }
    ]
  },
  "operational": {
    "pain_points": [
      {
        "statement": "The current dispatcher workflow is highly inefficient and causing significant operational strain.",
        "confidence": "high",
        "source_excerpt": "Our dispatcher workflow is killing us.",
        "contradiction_note": null
      },
      {
        "statement": "Drivers are highly dissatisfied with the current mobile application.",
        "confidence": "high",
        "source_excerpt": "drivers hate the mobile app",
        "contradiction_note": null
      }
    ],
    "desired_state": [
      {
        "statement": "The timeline for delivering the pilot into production.",
        "confidence": "contradicted",
        "source_excerpt": "If we don't have something in production by end of September, the funding gets reallocated.",
        "contradiction_note": "CFO Rita and VP Ops Sarah require a Q3 pilot for budget reasons, but CTO Marcus believes Q4 is more realistic and refuses to commit to Q3."
      }
    ],
    "success_criteria": [
      {
        "statement": "Reduce dispatch time per load by 30% to avoid hiring additional headcount.",
        "confidence": "high",
        "source_excerpt": "a 30% reduction in dispatch time means we don't need to hire four additional dispatchers",
        "contradiction_note": null
      }
    ],
    "risks_unknowns": [
      {
        "statement": "Previous internal attempts to fix the workflow issues have failed.",
        "confidence": "high",
        "source_excerpt": "We've tried internal projects to fix this exact thing twice and they both failed.",
        "contradiction_note": null
      }
    ]
  },
  "strategic": {
    "pain_points": [
      {
        "statement": "Technology integration from recent company acquisitions remains incomplete.",
        "confidence": "medium",
        "source_excerpt": "Tech integration from those acquisitions is incomplete.",
        "contradiction_note": null
      }
    ],
    "desired_state": [
      {
        "statement": "Achieve compliance with the upcoming federal ELD mandate update.",
        "confidence": "high",
        "source_excerpt": "ELD compliance deadline in November (federal mandate update",
        "contradiction_note": null
      }
    ],
    "success_criteria": [
      {
        "statement": "The workflow project must not interfere with the ELD compliance initiative.",
        "confidence": "high",
        "source_excerpt": "whatever we build needs to not get in the way of the compliance work.",
        "contradiction_note": null
      }
    ],
    "risks_unknowns": [
      {
        "statement": "The consulting team lacks details on the ELD compliance requirements.",
        "confidence": "high",
        "source_excerpt": "I need to learn more about the ELD work before I can speak to that.",
        "contradiction_note": null
      }
    ]
  }
}

PROPOSAL DRAFT: 
# Executive Summary

Northwind Logistics has experienced impressive growth, expanding by 40% in 2024 through strategic acquisitions. However, this rapid scale has strained existing operational systems, particularly the dispatcher workflow and the data alignment between Routemaster and Salesforce. This proposal outlines a 6-month Phase 1 engagement designed to resolve these critical bottlenecks. By streamlining these workflows, our goal is to reduce dispatch time per load by 30%—avoiding the need to hire four additional dispatchers—and return Northwind to a five-day Days Sales Outstanding (DSO), thereby freeing up approximately $1.4M in working capital.

# Understanding

Northwind Logistics is managing significant operational pain stemming from fragmented systems and incomplete technology integration following recent acquisitions. 

*   **Operational & Financial Pain:** Dispatcher workflows are highly inefficient, causing significant operational strain. Furthermore, Finance is currently three weeks behind on invoicing due to manual entry requirements and data discrepancies between Routemaster and Salesforce.
*   **Driver Experience:** Drivers are highly dissatisfied with the current custom React Native mobile application.
*   **Technical Context:** Routemaster suffers from severe technical debt, preventing new feature development. Internal attempts to resolve these workflow issues have failed twice previously.
*   **Strategic Constraints:** Any changes made, particularly to the driver app, must not interfere with the upcoming federal ELD mandate update scheduled for November. Missing this deadline carries severe risks, including fines and the potential loss of operating authority.
*   **Success Criteria:** Success for this phase includes freeing up working capital via a five-day DSO, reducing dispatch time by 30%, and ensuring that 60-70% of the workflow logic built during Phase 1 remains portable in the event of a future platform change. Additionally, the CTO must review and approve the proposed architecture.

# Approach

Our approach centers on mitigating Northwind's immediate operational friction while laying a stable foundation for future technical decisions. We will begin by mapping the exact data discrepancies between Routemaster and Salesforce that are delaying the finance team. From there, we will design a robust integration and workflow optimization plan. To satisfy the requirement for future portability, we will decouple the core workflow logic from Routemaster wherever possible, ensuring a high survival rate of the code if the underlying platform changes.

Given the strict regulatory environment, we will coordinate all driver-facing mobile app enhancements with the compliance team to ensure zero interference with the ELD mandate workstream. Finally, no development will commence until the proposed architecture has been thoroughly reviewed and approved by the CTO.

# Phases & Timeline

This Phase 1 engagement is structured over a 6-month period. *(Note: The exact target date for the production pilot is pending internal alignment—see Open Questions).*

*   **Phase 1: Discovery & Architecture Design:** Deep dive into Routemaster and Salesforce data models. Define portable workflow logic. Concludes with CTO architectural review and sign-off.
*   **Phase 2: Workflow & Integration Development:** Implementation of data synchronization between Routemaster and Salesforce to unblock the Finance team and streamline dispatcher manual entry.
*   **Phase 3: Driver App Enhancements:** Targeted updates to the React Native driver app to improve user experience, executed in strict coordination with ELD compliance efforts.
*   **Phase 4: Pilot & Stabilization:** Deployment of the optimized workflow to a pilot group of dispatchers and drivers, followed by monitoring, bug fixing, and transition.

# Pricing Approach

Based on our experience delivering similar workflow optimizations and MVP builds for peer freight brokerages (such as our 2024 engagement with Cascade Freight, where a comparable initial 3-month scope fell into the $150,000–$250,000 range), we have structured a comprehensive 6-month Phase 1 engagement. 

To align with Northwind’s financial requirements and provide absolute predictability, we are proposing a fixed-fee structure with milestone-based payments tied to specific outcomes. The total fixed fee for this engagement is **$295,000**, which sits safely below the maximum budget threshold.

*   **Milestone 1 (20%):** CTO Approval of Architecture & Technical Design ($59,000)
*   **Milestone 2 (30%):** Completion of Routemaster/Salesforce Integration ($88,500)
*   **Milestone 3 (30%):** Deployment of the Production Pilot ($88,500)
*   **Milestone 4 (20%):** Final Handoff & Project Completion ($59,000)

# Open Questions

To ensure complete alignment before project kickoff, we need to resolve the following areas where internal perspectives at Northwind currently differ or where we lack critical details:

*   **Budget Cap:** There are conflicting signals regarding the maximum budget. The CFO has indicated a strict $300,000 cap for this phase, while Operations discussed a potential range of $250,000 to $400,000. We have priced this proposal under the $300,000 cap, but we must confirm the final approved budget limits before proceeding.
*   **Core Technical Approach:** We need to align on the long-term vision for Routemaster. The CTO has expressed a strong desire to replace Routemaster entirely with a SaaS platform, whereas Operations prefers to incrementally fix workflows on the existing system. This decision fundamentally impacts our architectural approach.
*   **Pilot Timeline:** There is a discrepancy regarding the pilot launch date. Operations and Finance require a pilot in production by the end of Q3 (September 30) to secure funding, while the CTO believes Q4 is a more realistic timeline and has not committed to Q3. We must agree on a feasible and fully supported launch date.
*   **ELD Compliance Details:** We currently lack the specific technical and regulatory details of the upcoming federal ELD mandate update. We need to review these requirements with the Head of Compliance to ensure our work on the driver mobile app does not cause conflicts or risk Northwind's operating authority.


=== RESPONSE ===
{
  "issues": [
    {
      "severity": "high",
      "location": "Executive Summary",
      "description": "The proposal states that Northwind expanded by '40% in 2024'. This specific growth metric is not provided in the Client Matrix and is a hallucination.",
      "suggested_fix": "Remove the specific '40% in 2024' metric and simply state that the company has experienced growth through strategic acquisitions."
    },
    {
      "severity": "high",
      "location": "Understanding (Driver Experience) & Phases & Timeline (Phase 3)",
      "description": "The proposal identifies the driver app as a 'custom React Native mobile application'. The specific technology stack (React Native) is not mentioned in the Client Matrix and is a hallucination.",
      "suggested_fix": "Remove all references to 'React Native' and refer to it simply as the mobile application."
    },
    {
      "severity": "high",
      "location": "Pricing Approach",
      "description": "The proposal references a past engagement with 'Cascade Freight' and cites specific pricing ($150,000–$250,000). This is a hallucinated case study not provided in the context.",
      "suggested_fix": "Remove the specific reference to Cascade Freight and its associated pricing, relying instead on a general statement of past experience."
    },
    {
      "severity": "medium",
      "location": "Executive Summary & Phases & Timeline",
      "description": "The proposal defines the project as a '6-month Phase 1 engagement'. This specific duration is not supported by the Client Matrix and could cause confusion given the unresolved pilot timeline (Q3 vs Q4).",
      "suggested_fix": "Remove the '6-month' timeframe and leave the overall duration flexible or explicitly tied to the resolution of the pilot timeline."
    }
  ],
  "risks": [
    "The proposal includes multiple hallucinated details (growth metrics, specific tech stacks, and past clients) that would severely damage the firm's credibility if presented to the client.",
    "Stating a definitive 6-month timeline while the pilot launch date remains an open question could create misaligned expectations regarding milestone delivery dates."
  ],
  "recommendation": "revise"
}
