=== PROMPT ===
HUMAN FEEDBACK: 
fix these issues as well

PROPOSAL DRAFT: 
# Proposal for Northwind Logistics

## Executive Summary

Northwind Logistics has achieved rapid expansion, growing 40% in 2024 through acquisition to reach ~$85M in annual revenue. However, this growth has strained operational infrastructure. Dispatchers face heavy manual entry between the custom Rails dispatch system and Salesforce, driver mobile app adoption is lagging, and finance is delayed three weeks on invoicing, leaving approximately $1.4M in working capital locked in unbilled receivables.

To unlock this capital and support scalable growth, Northwind Logistics requires a modern, streamlined workflow that integrates dispatch, CRM, and accounting systems while preparing for critical regulatory milestones. Building on our successful engagement with peer freight brokerage Cascade Freight, we propose a structured, fixed-fee Phase 1 engagement focused on automated data synchronization, dispatcher workflow reduction, and driver mobile app enhancements. 

Our approach delivers immediate operational relief—targeting a 30% reduction in dispatch time and a return to a 5-day Days Sales Outstanding (DSO)—while establishing a resilient integration architecture that protects your technology investment through future platform evaluations.

---

## Understanding

### Current Operational & Technical Landscape
Northwind’s operations depend on a 7-year-old custom Ruby on Rails dispatch application maintained by an internal team of two engineers, alongside Salesforce Sales Cloud and NetSuite. Recent acquisitions have left technical integration incomplete across these platforms, resulting in fragmented workflows:
* **Dispatcher Workflow Friction:** 40 dispatchers perform repetitive manual double-entry between the custom dispatch tool and Salesforce. Reducing dispatch time per load by 30% is critical to scale without adding four headcount positions.
* **Financial Delays:** Invoicing lags by three weeks due to cross-system data misalignment between dispatch and NetSuite, locking ~$1.4M in unbilled receivables. Restoring a 5-day DSO will immediately free this working capital.
* **Driver Mobile Experience:** Approximately 600 contracted drivers utilize a custom React Native app (last updated in 2023) that suffers from poor driver satisfaction and adoption.

### Critical Risks & Context
* **Failed Internal Attempts:** Two prior internal initiatives to resolve these exact workflow inefficiencies ended in failure. The custom dispatch codebase has become fragile, making feature delivery difficult and risky for internal teams working in isolation. This history reinforces the necessity of an experienced external partner bringing proven integration patterns, rigorous project governance, and specialized execution capacity.
* **Regulatory Deadlines:** Upcoming federal Electronic Logging Device (ELD) mandate updates in November require close alignment with Head of Compliance Rajiv Mehta to ensure driver mobile app modifications do not disrupt compliance or risk operating authority.
* **Acquisition & System Transition:** The technical architecture must account for incomplete legacy integrations while remaining flexible as Northwind evaluates new Transportation Management System (TMS) vendors.

---

## Approach

Our proposed approach balances immediate operational impact with long-term architectural stability:

1. **Decoupled Workflow & Integration Layer:**
   We will design and implement automated data synchronization between the custom Rails app, Salesforce, and NetSuite. By decoupling business logic from the fragile Rails monolith, we ensure that 60% to 70% of the integration and workflow logic created in Phase 1 will survive any future platform migration or TMS adoption.

2. **Dispatcher Workflow Automation:**
   Eliminate redundant manual entry by establishing real-time data flows between Salesforce load records and dispatch queues, directly cutting dispatch processing time.

3. **Driver Mobile App Modernization & Compliance Alignment:**
   Refactor the React Native driver application to improve user experience, field data capture, and proof-of-delivery uploads. All mobile app updates will be strictly coordinated with the ELD compliance requirements to ensure zero disruption to regulatory mandates.

4. **Milestone-Based Delivery Governance:**
   In recognition of prior vendor experiences and internal project hurdles, our team will utilize outcome-based milestones, clear acceptance criteria, and weekly steering updates to maintain full visibility and risk control.

---

## Phases & Timeline

The proposed Phase 1 engagement spans a structured execution roadmap designed to mitigate technical debt and deliver incremental value:

```
+-----------------------------------------------------------------------------------+
|  Phase 1: Discovery, Architecture & Compliance Alignment (Weeks 1–3)              |
|  - System mapping (Rails, Salesforce, NetSuite) & compliance coordination         |
|  - Target integration architecture & survival layer definition                    |
+-----------------------------------------------------------------------------------+
                                         |
                                         v
+-----------------------------------------------------------------------------------+
|  Phase 2: Workflow Automation & Driver App Enhancement (Weeks 4–9)                |
|  - Bi-directional data synchronization build (Salesforce <-> Rails <-> NetSuite)   |
|  - Mobile app UX refactoring & automated invoicing payload validation             |
+-----------------------------------------------------------------------------------+
                                         |
                                         v
+-----------------------------------------------------------------------------------+
|  Phase 3: Pilot Deployment, Validation & Rollout (Weeks 10–12)                   |
|  - Operational pilot deployment with core dispatcher cohort                       |
|  - DSO reduction validation, user feedback iteration, and handover                |
+-----------------------------------------------------------------------------------+
```

* **Phase 1: Discovery, Architecture & Compliance Alignment (Weeks 1–3)**
  * Technical discovery across Rails codebase, Salesforce, NetSuite, and Excel BI routines.
  * Formal alignment with Compliance (Rajiv Mehta) on ELD regulatory requirements.
  * Architectural specification for the durable workflow integration layer.

* **Phase 2: Automated Workflow & Mobile Enhancement Build (Weeks 4–9)**
  * Core integration build automating load creation, status updates, and invoicing data synchronization.
  * Refactoring of driver mobile app interfaces for streamlined proof-of-delivery capture.
  * End-to-end integration testing between dispatch records and NetSuite billing.

* **Phase 3: Pilot Deployment & Outcome Validation (Weeks 10–12)**
  * Controlled pilot deployment with a representative dispatcher team and driver group.
  * Measurement of DSO impact, unbilled receivables reduction, and dispatch cycle times.
  * Handover documentation and transition support for internal engineering (2 Rails developers).

---

## Pricing Approach

To align with CFO Rita Donovan’s preference for budget predictability and risk mitigation, we propose a **Fixed-Fee, Milestone-Based Contract**. Based on our experience with similar mid-market freight brokerages requiring 3-month MVP builds with a 4-person consulting team, the typical price band ranges from **$150,000 to $250,000**.

### Proposed Payment Schedule

| Milestone | Deliverable / Outcome | Payment % |
| :--- | :--- | :--- |
| **Milestone 1: Project Initiation & Architecture Sign-off** | Completion of technical discovery, integrated architecture spec, and ELD compliance plan | 25% |
| **Milestone 2: Integration & Mobile App MVP Build** | Functional data synchronization between Rails, Salesforce, and NetSuite; updated driver mobile build | 40% |
| **Milestone 3: Pilot Deployment & Acceptance** | Successful production pilot rollout, dispatcher workflow verification, and operational sign-off | 35% |

---

## Open Questions

To ensure full alignment across all executive stakeholders before project launch, the following items require explicit resolution during project kickoff:

1. **Platform Strategy Alignment (Full SaaS Rebuild vs. Incremental Workflow Optimization)**
   * *Context:* CTO Marcus Patel favors replacing the existing custom Rails app ("Routemaster") with a complete SaaS TMS platform, whereas VP Operations Sarah Chen favors incremental workflow fixes on the existing infrastructure.
   * *Clarification Needed:* We need to confirm that our proposed decoupled integration layer—which ensures 60–70% of built logic survives a future SaaS transition—satisfies both immediate operational relief and long-term technical strategy.

2. **Target Pilot Deployment Timeline Alignment (Q3 vs. Q4)**
   * *Context:* Operations and Finance mandate a production pilot by end of Q3 (September 30), whereas Engineering views Q4 as a more technically realistic target given codebase constraints.
   * *Clarification Needed:* Stakeholders must agree on the exact MVP feature boundary for Phase 1 to guarantee a safe, reliable release that meets the September 30 target without compromising core system stability.

3. **Phase 1 Budget Authorization Cap**
   * *Context:* CFO Rita Donovan has stated a strict budget cap of $300,000 for the Phase 1 engagement, whereas VP Operations Sarah Chen previously discussed a budget range of $250,000 to $400,000.
   * *Clarification Needed:* Formal confirmation of the approved budget ceiling ($300,000 cap) prior to finalizing the fixed-fee milestone schedule.

CLIENT MATRIX: 
{
  "business": {
    "pain_points": [
      {
        "statement": "Finance is significantly delayed on invoicing due to data misalignment.",
        "confidence": "high",
        "source_excerpt": "finance is 3 weeks behind on invoicing because the data never lines up.",
        "contradiction_note": null
      },
      {
        "statement": "A large amount of working capital is tied up in unbilled receivables.",
        "confidence": "high",
        "source_excerpt": "frees up about $1.4M in working capital that's currently stuck in unbilled receivables.",
        "contradiction_note": null
      }
    ],
    "desired_state": [
      {
        "statement": "The CFO wants a fixed-fee engagement with milestone-based payments.",
        "confidence": "high",
        "source_excerpt": "fixed-fee proposal with milestone payments tied to specific outcomes",
        "contradiction_note": null
      }
    ],
    "success_criteria": [
      {
        "statement": "Return to a five-day DSO to free up working capital.",
        "confidence": "high",
        "source_excerpt": "return to five-day DSO from where we are now frees up about $1.4M",
        "contradiction_note": null
      }
    ],
    "risks_unknowns": [
      {
        "statement": "There is disagreement on the approved budget for the Phase 1 engagement.",
        "confidence": "contradicted",
        "source_excerpt": "the budget I approved is $300,000.",
        "contradiction_note": "Rita insists the cap is $300k, while Sarah claims they discussed a range of $250k to $400k."
      },
      {
        "statement": "The CFO is highly skeptical of consulting engagements due to past negative experiences.",
        "confidence": "high",
        "source_excerpt": "got burned by a previous vendor in 2023.",
        "contradiction_note": null
      }
    ]
  },
  "technical": {
    "pain_points": [
      {
        "statement": "The custom dispatch tool is old, fragile, and slows down feature delivery.",
        "confidence": "high",
        "source_excerpt": "We can't ship features anymore because the codebase is too fragile.",
        "contradiction_note": null
      },
      {
        "statement": "Tech integration from recent acquisitions is still incomplete.",
        "confidence": "medium",
        "source_excerpt": "Tech integration from those acquisitions is incomplete.",
        "contradiction_note": null
      }
    ],
    "desired_state": [
      {
        "statement": "The CTO wants to replace the custom dispatch tool with a SaaS platform.",
        "confidence": "contradicted",
        "source_excerpt": "replace Routemaster with a SaaS platform",
        "contradiction_note": "Marcus wants a full SaaS platform replacement, while Sarah wants incremental workflow fixes on the existing tool."
      }
    ],
    "success_criteria": [
      {
        "statement": "The architecture should ensure that most workflow logic survives a future platform change.",
        "confidence": "medium",
        "source_excerpt": "60-70% of the Phase 1 work survives a platform change.",
        "contradiction_note": null
      }
    ],
    "risks_unknowns": [
      {
        "statement": "Previous internal attempts to fix the workflow issues have failed.",
        "confidence": "high",
        "source_excerpt": "We've tried internal projects to fix this exact thing twice and they both failed.",
        "contradiction_note": null
      },
      {
        "statement": "Changes to the driver app might conflict with upcoming ELD compliance work.",
        "confidence": "high",
        "source_excerpt": "If we're going to touch the driver app, the ELD work has to be coordinated.",
        "contradiction_note": null
      }
    ]
  },
  "operational": {
    "pain_points": [
      {
        "statement": "Dispatchers suffer from excessive manual double-entry between systems.",
        "confidence": "high",
        "source_excerpt": "Too much manual entry between our custom dispatch tool and Salesforce",
        "contradiction_note": null
      },
      {
        "statement": "Drivers are highly dissatisfied with the current mobile app.",
        "confidence": "high",
        "source_excerpt": "drivers hate the mobile app",
        "contradiction_note": null
      }
    ],
    "desired_state": [
      {
        "statement": "Operations wants to fix dispatcher double-entry and invoicing incrementally.",
        "confidence": "high",
        "source_excerpt": "fix three specific operational pain points — dispatcher double-entry, the driver app, and invoicing",
        "contradiction_note": null
      }
    ],
    "success_criteria": [
      {
        "statement": "Reduce dispatch time per load by 30% to avoid hiring additional dispatchers.",
        "confidence": "high",
        "source_excerpt": "30% reduction in dispatch time means we don't need to hire four additional dispatchers",
        "contradiction_note": null
      }
    ],
    "risks_unknowns": [
      {
        "statement": "The timeline for the pilot is disputed among stakeholders.",
        "confidence": "contradicted",
        "source_excerpt": "Pilot in production by end of Q3 (Sept 30).",
        "contradiction_note": "Sarah and Rita mandate a Q3 pilot for budget reasons, but Marcus believes Q4 is more realistic and refuses to commit to Q3."
      }
    ]
  },
  "strategic": {
    "pain_points": [
      {
        "statement": "Leadership is fundamentally misaligned on whether the core issue is a workflow problem or a platform problem.",
        "confidence": "high",
        "source_excerpt": "Sarah thinks this is a workflow problem. I think this is a platform problem.",
        "contradiction_note": null
      }
    ],
    "desired_state": [
      {
        "statement": "The company needs to ensure compliance with the upcoming federal ELD mandate.",
        "confidence": "high",
        "source_excerpt": "whatever we build needs to not get in the way of the compliance work.",
        "contradiction_note": null
      }
    ],
    "success_criteria": [
      {
        "statement": "Deliver a credible plan to hit the Q3 pilot within the authorized budget.",
        "confidence": "high",
        "source_excerpt": "hit the Q3 pilot inside the budget you've authorized.",
        "contradiction_note": null
      }
    ],
    "risks_unknowns": [
      {
        "statement": "Missing the ELD compliance deadline could result in fines or loss of operating authority.",
        "confidence": "medium",
        "source_excerpt": "Fines, possibly losing our operating authority in some states.",
        "contradiction_note": null
      }
    ]
  }
}

Translate the human feedback into actionable directives.

=== RESPONSE ===
{
  "directives": [
    "Replace the price range in the Pricing Approach with a single fixed number to strictly align with the CFO's requirement for a fixed-fee proposal, ensuring the chosen price is at or below the $300,000 budget cap.",
    "Remove hallucinated business metrics from the Executive Summary and Understanding sections that are not supported by the Client Matrix, specifically the 40% growth, $85M revenue, 40 dispatchers, and 600 contracted drivers.",
    "Remove hallucinated technology specifics not present in the Client Matrix. Replace 'Ruby on Rails' with 'custom dispatch tool', replace 'NetSuite' with a generic 'invoicing system', and remove references to 'React Native' and 'Excel BI routines'.",
    "Delete the fabricated reference to a past engagement with 'Cascade Freight' in the Executive Summary."
  ]
}
