=== PROMPT ===
Please critique the following proposal.

CLIENT MATRIX: 
{
  "business": {
    "pain_points": [
      {
        "statement": "Finance is three weeks behind on invoicing due to data misalignment.",
        "confidence": "high",
        "source_excerpt": "finance is 3 weeks behind on invoicing because the data never lines up.",
        "contradiction_note": null
      },
      {
        "statement": "Working capital is tied up in unbilled receivables.",
        "confidence": "high",
        "source_excerpt": "$1.4M in working capital that's currently stuck in unbilled receivables.",
        "contradiction_note": null
      }
    ],
    "desired_state": [
      {
        "statement": "Return to an industry-standard five-day DSO.",
        "confidence": "high",
        "source_excerpt": "a return to five-day DSO from where we are now",
        "contradiction_note": null
      },
      {
        "statement": "A fixed-fee engagement with milestone-based payments.",
        "confidence": "high",
        "source_excerpt": "fixed-fee proposal with milestone payments tied to specific outcomes",
        "contradiction_note": null
      }
    ],
    "success_criteria": [
      {
        "statement": "Free up $1.4M in working capital.",
        "confidence": "high",
        "source_excerpt": "frees up about $1.4M in working capital",
        "contradiction_note": null
      },
      {
        "statement": "Avoid $320k in costs by not hiring four additional dispatchers.",
        "confidence": "high",
        "source_excerpt": "we don't need to hire four additional dispatchers next year, which is about $320k",
        "contradiction_note": null
      }
    ],
    "risks_unknowns": [
      {
        "statement": "Disagreement on the approved budget cap for Phase 1.",
        "confidence": "contradicted",
        "source_excerpt": "the budget I approved is $300,000... We discussed a six-month Phase 1 in the $250 to $400 range",
        "contradiction_note": "Rita insists the budget is strictly capped at $300k, while Sarah claims they discussed a range up to $400k."
      },
      {
        "statement": "Potential loss of operating authority if ELD compliance is missed.",
        "confidence": "medium",
        "source_excerpt": "Fines, possibly losing our operating authority in some states.",
        "contradiction_note": null
      }
    ]
  },
  "technical": {
    "pain_points": [
      {
        "statement": "The custom dispatch tool, Routemaster, is at the end of its useful life.",
        "confidence": "high",
        "source_excerpt": "Routemaster is seven years old... and it's at the end of its useful life.",
        "contradiction_note": null
      },
      {
        "statement": "Technical debt makes the codebase fragile and slows feature development.",
        "confidence": "high",
        "source_excerpt": "We can't ship features anymore because the codebase is too fragile.",
        "contradiction_note": null
      }
    ],
    "desired_state": [
      {
        "statement": "Replace the custom Routemaster tool with a SaaS platform.",
        "confidence": "contradicted",
        "source_excerpt": "replace Routemaster with a SaaS platform",
        "contradiction_note": "Marcus wants to replace Routemaster with a SaaS platform, but Sarah wants to incrementally fix workflows on the existing system."
      },
      {
        "statement": "Build workflow logic that is portable to a future platform.",
        "confidence": "medium",
        "source_excerpt": "most of the workflow logic is portable.",
        "contradiction_note": null
      }
    ],
    "success_criteria": [
      {
        "statement": "60-70% of the Phase 1 work survives a future platform change.",
        "confidence": "low",
        "source_excerpt": "60-70% of the Phase 1 work survives a platform change.",
        "contradiction_note": null
      }
    ],
    "risks_unknowns": [
      {
        "statement": "Previous internal attempts to fix the workflow have failed twice.",
        "confidence": "high",
        "source_excerpt": "We've tried internal projects to fix this exact thing twice and they both failed.",
        "contradiction_note": null
      },
      {
        "statement": "Touching the driver app may conflict with ELD compliance work.",
        "confidence": "high",
        "source_excerpt": "If we're going to touch the driver app, the ELD work has to be coordinated.",
        "contradiction_note": null
      }
    ]
  },
  "operational": {
    "pain_points": [
      {
        "statement": "Dispatchers suffer from too much manual double-entry.",
        "confidence": "high",
        "source_excerpt": "Too much manual entry between our custom dispatch tool and Salesforce",
        "contradiction_note": null
      },
      {
        "statement": "Drivers are unhappy with the current mobile app.",
        "confidence": "high",
        "source_excerpt": "drivers hate the mobile app",
        "contradiction_note": null
      }
    ],
    "desired_state": [
      {
        "statement": "Fix dispatcher double-entry and invoicing incrementally.",
        "confidence": "high",
        "source_excerpt": "fix three specific operational pain points... incrementally",
        "contradiction_note": null
      }
    ],
    "success_criteria": [
      {
        "statement": "Achieve a 30% reduction in dispatch time per load.",
        "confidence": "high",
        "source_excerpt": "30% reduction in dispatch time per load",
        "contradiction_note": null
      }
    ],
    "risks_unknowns": [
      {
        "statement": "Upcoming federal ELD mandate update in November.",
        "confidence": "high",
        "source_excerpt": "The ELD compliance deadline in November is real.",
        "contradiction_note": null
      }
    ]
  },
  "strategic": {
    "pain_points": [
      {
        "statement": "Internal misalignment on whether the core issue is workflow or platform.",
        "confidence": "high",
        "source_excerpt": "Sarah and I have been having a parallel conversation about this for months and we don't agree",
        "contradiction_note": null
      }
    ],
    "desired_state": [
      {
        "statement": "Have a pilot in production by the end of Q3.",
        "confidence": "high",
        "source_excerpt": "If we don't have something in production by end of September, the funding gets reallocated.",
        "contradiction_note": null
      }
    ],
    "success_criteria": [
      {
        "statement": "Deliver a credible plan to hit the Q3 pilot within the authorized budget.",
        "confidence": "high",
        "source_excerpt": "hit the Q3 pilot inside the budget you've authorized.",
        "contradiction_note": null
      }
    ],
    "risks_unknowns": [
      {
        "statement": "Disagreement on the feasibility of the Q3 deadline.",
        "confidence": "contradicted",
        "source_excerpt": "Q3 was your commitment, not mine... I think Q4 is more realistic",
        "contradiction_note": "Sarah and Rita mandate a Q3 delivery to secure funding, but Marcus believes Q4 is the realistic timeline for doing it right."
      }
    ]
  }
}

PROPOSAL DRAFT: 
# Proposal: Operational Workflow Optimization & Integration

**Prepared for:** Sarah Chen, VP Operations | Northwind Logistics  
**Prepared by:** Senior Management Consulting Team  
**Date:** March 2025  

---

## Executive Summary

Northwind Logistics has achieved impressive growth, expanding revenue to ~$85M in 2025 and increasing operations by 40% in 2024 following two acquisitions. However, this rapid scaling has exposed operational bottlenecks across your 40 dispatchers, ~600 contracted drivers, and finance team. Disconnected systems—specifically double-entry between your custom Rails dispatch application and Salesforce—have delayed invoicing by three weeks, locking up **$1.4M in working capital** and stretching Days Sales Outstanding (DSO).

Building on our experience delivering similar integration and workflow transformations for peer freight brokerages such as Cascade Freight, we propose a targeted Phase 1 engagement. Our objective is to streamline dispatcher workflows, eliminate manual re-entry, integrate invoicing with NetSuite, and improve the driver experience—all while ensuring strict coordination with upcoming federal regulatory mandates.

By modernizing core workflows and establishing clean system integrations, this initiative aims to unlock $1.4M in tied-up working capital, achieve a 30% reduction in dispatch time per load, and avoid $320k in recurring annual dispatch headcount costs, establishing a scalable foundation for Northwind’s continued expansion.

---

## Understanding

Based on our discussions and technical reviews, Northwind Logistics operates in a fast-paced mid-market freight brokerage environment with specific operational and technical realities:

### Key Operational & Financial Bottlenecks
* **Invoicing Delays & Working Capital:** Finance is currently 3 weeks behind on invoicing due to manual data misalignment between core systems. This delay ties up $1.4M in working capital in unbilled receivables and elevates DSO beyond industry standards (targeting a return to a 5-day DSO).
* **Dispatcher Overhead:** 40 dispatchers perform repetitive manual re-entry between the custom dispatch tool and Salesforce. Eliminating this double-entry will reduce dispatch time per load by 30% and eliminate the need to hire four additional dispatchers (saving ~$320k annually).
* **Driver Experience & Compliance:** ~600 contracted drivers use a custom React Native mobile app (last updated in 2023) that experiences friction. Furthermore, an upcoming federal ELD compliance update in November represents a critical regulatory deadline requiring technical coordination.
* **M&A Integration Debt:** Operational systems reflect unintegrated tech components following two 2024 brokerage acquisitions.

### Existing Architecture & Technical Environment
* **Dispatch System:** Custom Rails 5 application ("Routemaster"), maintained internally by 2 engineers, carrying technical debt that slows feature velocity.
* **CRM & Accounting:** Salesforce (Sales Cloud) for CRM; NetSuite for accounting. Data exchange currently relies on manual transfer and Excel exports for BI reporting.
* **TMS Evaluation:** TMS vendor evaluation is underway, meaning any integration architecture built today must be modular and decoupled to protect investments against future platform decisions.

---

## Approach

Our approach emphasizes incremental operational improvement, tight technical execution, and modular architecture designed to solve immediate pain points without locking Northwind into a single technical path.

```
+-----------------------------------------------------------------------------------+
|                            Northwind Workflow Layer                               |
|   +--------------------------+  +--------------------------+  +-----------------+ |
|   | Dispatcher Single-Entry  |  | Automated Billing Bridge |  | Driver App & ELD| |
|   +------------+-------------+  +------------+-------------+  +--------+--------+ |
+----------------|-----------------------------|-------------------------|----------+
                 |                             |                         |
                 v                             v                         v
+-----------------------------------------------------------------------------------+
|                         Decoupled Integration Services                            |
+-------------------+--------------------------+-------------------------+----------+
                    |                          |                         |
                    v                          v                         v
        +-----------------------+   +--------------------+    +---------------------+
        | Rails / Routemaster   |   | Salesforce CRM     |    | NetSuite Accounting |
        +-----------------------+   +--------------------+    +---------------------+
```

### Core Solution Pillars

1. **Dispatcher Workflow Automation & Single-Entry Sync**
   * Establish automated, bi-directional API synchronization between Salesforce and the dispatch system.
   * Eliminate manual double-entry for load creation, status updates, and rate confirmations.

2. **Automated Billing & NetSuite Invoicing Bridge**
   * Audit field mappings and data validation rules required by NetSuite to automate invoice creation upon load completion.
   * Bridge the 3-week invoicing gap to release $1.4M in unbilled receivables and accelerate DSO toward the 5-day baseline.

3. **Driver Mobile App & Regulatory Alignment**
   * Perform targeted updates to the React Native driver app to fix driver usability pain points.
   * Coordinate driver workflow updates with the November federal ELD compliance mandate to prevent disruption to operating authority.

4. **Modular Integration Architecture**
   * Build clean, documented API contracts and middleware logic separate from legacy Rails core code, ensuring business logic remains portable for any future platform transitions.

---

## Phases & Timeline

We structure this Phase 1 initiative across a 6-month roadmap designed to deliver early operational wins while preparing for regulatory milestones.

```
Month 1           Month 2           Month 3           Month 4           Month 5           Month 6
[--- Phase 1A ---][-------- Phase 1B --------][-------- Phase 1C --------][-------- Phase 1D --------]
  Discovery &       Invoicing & Dispatch        Driver App & Pilot        Hardening & ELD
  Architecture      Integration Build           Deployment                Mandate Rollout
```

### Phase Breakdown

* **Phase 1A: Discovery, Integration Design & ELD Alignment (Weeks 1–4)**
  * Map end-to-end data flows across Salesforce, Routemaster, and NetSuite.
  * Define field-level mapping and API specs to resolve invoicing data gaps.
  * Review compliance requirements for the November ELD mandate with internal technical and compliance leads.

* **Phase 1B: Core Invoicing & Dispatch Workflow Integration (Weeks 5–12)**
  * Develop bi-directional sync between Salesforce and dispatch tooling.
  * Implement automated invoicing data bridge to NetSuite.
  * Deploy automated validation checks to stop bad data before billing.

* **Phase 1C: Driver App Refinement & Production Pilot Deployment (Weeks 13–18)**
  * Implement targeted React Native driver app fixes for dispatch confirmation and load tracking.
  * Launch production pilot with a select group of dispatchers and drivers.
  * Monitor billing cycle improvement and measure reduction in dispatch handling time.

* **Phase 1D: Hardening, Full Rollout & ELD Finalization (Weeks 19–24)**
  * Roll out single-entry dispatch workflows across all 40 dispatchers.
  * Finalize driver app updates and verify federal ELD mandate compliance ahead of the November deadline.
  * Transition documentation and integration maintenance to internal engineering.

---

## Pricing Approach

To provide budget predictability and align directly with executive financial priorities, we propose a **Fixed-Fee Model with Milestone-Based Payments** tied directly to tangible operational outcomes.

Based on benchmark pricing for similar peer engagements (such as a 4-person consulting team delivering a 3-month discovery and MVP build in the $150k–$250k range), our fixed-fee engagement structure ensures complete transparency without the uncertainty of Time & Materials billing.

### Proposed Milestone Payment Structure

| Milestone | Deliverable / Outcome | Payment % |
| :--- | :--- | :--- |
| **Milestone 1: Project Initiation & Architecture** | Delivery of validated field mapping, API specifications, and ELD compliance integration plan. | 25% |
| **Milestone 2: Invoicing Bridge Deployment** | Completion and validation of NetSuite automated invoicing integration in staging environment. | 25% |
| **Milestone 3: Production Pilot Launch** | Successful release of dispatch integration and mobile app updates to pilot group. | 25% |
| **Milestone 4: Full Rollout & Compliance Handover** | Full deployment across all 40 dispatchers, complete NetSuite automated billing, and ELD verification. | 25% |

*Note: Specific fixed-fee cap alignment is referenced in Open Questions below to ensure full alignment across executive stakeholders.*

---

## Open Questions

To ensure total alignment before signing, the following items require explicit joint review and clarification:

1. **Phase 1 Budget Cap Alignment**
   * *Context:* Internal discussions indicate a variance between the strict $300,000 budget cap requested by CFO Rita Donovan and the $250,000–$400,000 range discussed with VP Operations Sarah Chen.  
   * *Clarification Needed:* We need to formalize the agreed-upon fixed-fee contract ceiling and ensure milestone scope aligns directly with CFO sign-off.

2. **Long-Term System Strategy (SaaS Replacement vs. Incremental Rails Refactoring)**
   * *Context:* Operational leadership focuses on incremental workflow fixes within the current custom Rails application, while technical leadership leans toward replacing legacy tooling with an off-the-shelf SaaS platform.
   * *Clarification Needed:* We must confirm that our proposed decoupled integration design satisfies immediate dispatcher needs while preserving complete flexibility for any future SaaS TMS transition.

3. **Phase 1 Code Survival Target (60–70% Portability)**
   * *Context:* Stakeholders have referenced a target where 60–70% of Phase 1 integration work survives a potential future TMS or dispatch platform change.
   * *Clarification Needed:* We need to review technical boundaries and define specific architectural standards for middleware to validate what components qualify as portable across future platform shifts.

4. **Target Delivery Timeline (End of Q3 Pilot vs. Q4 Execution)**
   * *Context:* Operational leadership requires a production pilot by the end of Q3 (Sept 30) to secure Phase 1 funding, whereas technical leadership has raised concerns regarding technical debt risk and favors a Q4 delivery target.
   * *Clarification Needed:* We need to align executive consensus on the precise scope boundaries required to ensure a safe, high-impact Q3 pilot rollout without compromising technical stability.

5. **Federal ELD Mandate Scope & Compliance Leadership**
   * *Context:* An update to the federal ELD compliance mandate takes effect in November, which carries potential operational authority risk if missed. Head of Compliance Rajiv Mehta has not yet been directly engaged.
   * *Clarification Needed:* We need to schedule a dedicated technical discovery session with Rajiv Mehta to confirm exact functional requirements for the driver mobile app prior to finalizing Phase 1C/1D scope.


=== RESPONSE ===
{
  "issues": [
    {
      "severity": "high",
      "location": "Executive Summary",
      "description": "The proposal includes hallucinated business context not found in the Client Matrix, including revenue figures (~$85M), growth metrics (40% following two acquisitions), and a fabricated peer reference (Cascade Freight).",
      "suggested_fix": "Remove all hallucinated metrics, growth narratives, and peer references. Restrict the background context strictly to the facts provided in the Client Matrix."
    },
    {
      "severity": "high",
      "location": "Understanding",
      "description": "The section contains multiple hallucinated technical details, such as 'React Native mobile app (last updated in 2023)', 'maintained internally by 2 engineers', 'Sales Cloud', and 'Excel exports for BI reporting'.",
      "suggested_fix": "Delete these fabricated technical specifics. Describe the architecture and pain points using only the provided details (e.g., custom Rails app, Salesforce, NetSuite, driver app)."
    },
    {
      "severity": "high",
      "location": "Understanding / Approach",
      "description": "A high-confidence technical risk is missing: 'Previous internal attempts to fix the workflow have failed twice.' Omitting this misses critical context regarding the client's technical debt and risk profile.",
      "suggested_fix": "Add a point acknowledging the past failed internal attempts and explicitly state how the proposed modular approach mitigates the risks that derailed those previous efforts."
    },
    {
      "severity": "critical",
      "location": "Phases & Timeline",
      "description": "The proposal definitively commits to a '6-month roadmap' (which aligns with a Q3 delivery if starting in March). Because the Q3 vs. Q4 delivery timeline is explicitly marked as 'contradicted' in the Client Matrix, it cannot be stated as a definitive factual plan in the core proposal.",
      "suggested_fix": "Soften the language in the timeline section to present the 6-month roadmap as an 'illustrative timeline' or 'proposed scenario', explicitly noting that the final schedule is pending executive alignment on the Q3 vs. Q4 target."
    },
    {
      "severity": "high",
      "location": "Open Questions (Item 5)",
      "description": "The proposal hallucinates a specific stakeholder name and title ('Rajiv Mehta, Head of Compliance') who does not exist in the Client Matrix.",
      "suggested_fix": "Remove the fabricated name and refer generally to 'Northwind's compliance leadership' or 'the internal compliance team'."
    }
  ],
  "risks": [
    "Rampant hallucination of financial metrics, technical specifics, and stakeholder names severely undermines the credibility of the firm and would embarrass the team in front of the client.",
    "The client has deep, fundamental internal disagreements on budget caps, technical strategy (SaaS vs. incremental), and delivery timelines. Proposing a definitive structure before these are resolved risks alienating key decision-makers (e.g., Marcus vs. Sarah/Rita)."
  ],
  "recommendation": "escalate_to_human"
}
