=== PROMPT ===
Please critique the following proposal.

CLIENT MATRIX: 
{
  "business": {
    "pain_points": [
      {
        "statement": "Finance is significantly delayed in processing invoices due to data discrepancies.",
        "confidence": "high",
        "source_excerpt": "finance is 3 weeks behind on invoicing because the data never lines up.",
        "contradiction_note": null
      }
    ],
    "desired_state": [
      {
        "statement": "The client wants a fixed-fee engagement with milestone payments and a firm price.",
        "confidence": "high",
        "source_excerpt": "I want a number in the proposal. Not a range. A number.",
        "contradiction_note": null
      }
    ],
    "success_criteria": [
      {
        "statement": "Improve Days Sales Outstanding (DSO) to free up working capital.",
        "confidence": "high",
        "source_excerpt": "return to five-day DSO... frees up about $1.4M in working capital",
        "contradiction_note": null
      }
    ],
    "risks_unknowns": [
      {
        "statement": "There is a disagreement on the approved budget for the Phase 1 engagement.",
        "confidence": "contradicted",
        "source_excerpt": "the budget I approved is $300,000. That's the cap.",
        "contradiction_note": "The CFO (Rita) insists the budget is strictly capped at $300k, while the VP of Ops (Sarah) claims they discussed a range of $250k to $400k."
      },
      {
        "statement": "Missing the ELD compliance deadline could result in fines or loss of operating authority.",
        "confidence": "medium",
        "source_excerpt": "Fines, possibly losing our operating authority in some states.",
        "contradiction_note": null
      }
    ]
  },
  "technical": {
    "pain_points": [
      {
        "statement": "The current dispatch tool (Routemaster) has severe technical debt, making feature development extremely slow.",
        "confidence": "high",
        "source_excerpt": "Technical debt in Routemaster. We can't ship features anymore because the codebase is too fragile.",
        "contradiction_note": null
      }
    ],
    "desired_state": [
      {
        "statement": "The CTO wants to completely replace the legacy dispatch tool with a third-party SaaS platform.",
        "confidence": "medium",
        "source_excerpt": "live on it in nine months and we'd never have to maintain Routemaster again.",
        "contradiction_note": null
      },
      {
        "statement": "Build workflow logic as a portable layer on top of the existing system.",
        "confidence": "medium",
        "source_excerpt": "workflow logic in a layer on top of Routemaster, talking to Salesforce and the driver app",
        "contradiction_note": null
      }
    ],
    "success_criteria": [
      {
        "statement": "A majority of the new workflow logic must be reusable if the underlying platform is replaced.",
        "confidence": "medium",
        "source_excerpt": "60-70% of the Phase 1 work survives a platform change.",
        "contradiction_note": null
      }
    ],
    "risks_unknowns": [
      {
        "statement": "Changes to the driver app must be carefully coordinated with the separate ELD compliance workstream.",
        "confidence": "high",
        "source_excerpt": "If we're going to touch the driver app, the ELD work has to be coordinated.",
        "contradiction_note": null
      }
    ]
  },
  "operational": {
    "pain_points": [
      {
        "statement": "Dispatchers suffer from excessive manual data entry between systems.",
        "confidence": "high",
        "source_excerpt": "Too much manual entry between our custom dispatch tool and Salesforce",
        "contradiction_note": null
      },
      {
        "statement": "Drivers are highly dissatisfied with the current mobile application.",
        "confidence": "high",
        "source_excerpt": "drivers hate the mobile app",
        "contradiction_note": null
      }
    ],
    "desired_state": [
      {
        "statement": "Incrementally fix specific operational workflows without waiting for a full platform replacement.",
        "confidence": "high",
        "source_excerpt": "fix three specific operational pain points... incrementally, within the budget",
        "contradiction_note": null
      }
    ],
    "success_criteria": [
      {
        "statement": "Reduce dispatch time to avoid the need for additional headcount.",
        "confidence": "high",
        "source_excerpt": "30% reduction in dispatch time means we don't need to hire four additional dispatchers",
        "contradiction_note": null
      }
    ],
    "risks_unknowns": [
      {
        "statement": "Previous internal attempts to fix the dispatcher workflow have failed.",
        "confidence": "high",
        "source_excerpt": "We've tried internal projects to fix this exact thing twice and they both failed.",
        "contradiction_note": null
      }
    ]
  },
  "strategic": {
    "pain_points": [
      {
        "statement": "Leadership is fundamentally misaligned on whether the core issue is a workflow problem or a platform problem.",
        "confidence": "high",
        "source_excerpt": "Sarah and I have been having a parallel conversation about this for months and we don't agree",
        "contradiction_note": null
      }
    ],
    "desired_state": [
      {
        "statement": "Deploy a pilot to production by the end of Q3 to secure funding.",
        "confidence": "high",
        "source_excerpt": "If we don't have something in production by end of September, the funding gets reallocated.",
        "contradiction_note": null
      }
    ],
    "success_criteria": [
      {
        "statement": "The proposed solution must not interfere with the upcoming ELD compliance mandate.",
        "confidence": "high",
        "source_excerpt": "whatever we build needs to not get in the way of the compliance work.",
        "contradiction_note": null
      }
    ],
    "risks_unknowns": [
      {
        "statement": "There is disagreement on the feasibility and commitment to the Q3 pilot deadline.",
        "confidence": "contradicted",
        "source_excerpt": "I never agreed to Q3. I think Q4 is more realistic",
        "contradiction_note": "The CFO and VP of Ops mandate a Q3 deadline to keep funding, but the CTO states he never agreed to it and believes Q4 is more realistic."
      }
    ]
  }
}

PROPOSAL DRAFT: 
# Executive Summary

Northwind Logistics has experienced rapid expansion, which has surfaced critical bottlenecks in your operational and financial workflows. Currently, disjointed systems are forcing excessive manual data entry, leading to a frustrating experience for your drivers and leaving Finance three weeks behind on invoicing. 

Our goal is to partner with Northwind to streamline these workflows, bridging the gap between your custom dispatch tool (Routemaster) and Salesforce. By resolving these data discrepancies and automating manual touchpoints, we aim to reduce dispatch time by 30%—avoiding the need to hire four additional dispatchers—and improve Days Sales Outstanding (DSO) to five days, which will free up approximately $1.4M in working capital. This proposal outlines an incremental, pragmatic approach to solving your most pressing operational pain points while respecting your long-term technology strategy and upcoming compliance mandates.

# Understanding

Based on our initial discussions, we recognize that Northwind is operating in a complex, high-stakes environment where operational efficiency is currently constrained by technical debt. 

**The Core Challenges:**
*   **Operational Friction:** Your dispatchers are burdened by manual data entry between Routemaster and Salesforce. Furthermore, drivers are highly dissatisfied with the current mobile app.
*   **Financial Impact:** Because data between your operational systems does not align, Finance is lagging three weeks behind on invoicing.
*   **Technical Constraints:** Routemaster suffers from severe technical debt. The codebase is fragile, making it difficult to ship new features quickly. Past internal attempts to fix dispatcher workflows have failed twice.
*   **Strategic Misalignment:** There is an ongoing internal debate regarding whether to incrementally fix the current workflow or completely replace Routemaster with a third-party SaaS platform. 

**Success Criteria:**
A successful Phase 1 engagement will deliver targeted operational improvements without waiting for a multi-year platform replacement. It must reduce dispatch time, accelerate invoicing, and ensure that any changes made to the driver app are strictly coordinated with the upcoming ELD compliance mandate.

# Approach

To balance Operations' need for immediate relief with Engineering's desire for long-term platform stability, we recommend a decoupled, incremental approach. 

Rather than attempting a risky overhaul of Routemaster, we will build the new workflow logic as a portable layer on top of your existing systems. This layer will orchestrate data between Routemaster, Salesforce, and the driver app. 

This approach provides three distinct advantages:
1.  **Immediate Value:** We can incrementally fix specific operational workflows and data alignment issues without waiting for a full platform replacement.
2.  **Future-Proofing:** By building this logic as a portable layer, we target making 60–70% of the Phase 1 work reusable should Northwind ultimately transition to a new third-party SaaS platform.
3.  **Risk Mitigation:** We will coordinate closely with the ELD compliance workstream, ensuring that our updates to the driver app do not interfere with the compliance mandate.

# Phases & Timeline

To ensure disciplined execution and risk management, we propose structuring the Phase 1 engagement into the following sequence:

*   **Phase 1: Discovery & Alignment (Weeks 1-2)**
    *   Deep-dive assessment of data flows between Routemaster and Salesforce.
    *   Coordination with the Compliance team to map out ELD dependencies.
    *   Finalization of the technical architecture for the portable workflow layer.
*   **Phase 2: Portable Workflow Development (Weeks 3-10)**
    *   Develop the integration layer to automate manual dispatcher data entry.
    *   Implement targeted updates to the driver mobile app to improve user experience.
    *   Establish reliable data pipelines to accelerate invoicing.
*   **Phase 3: Pilot Deployment & Testing (Timeline Pending Alignment)**
    *   Roll out the integrated workflow to a subset of dispatchers and drivers.
    *   Measure impact against the 30% dispatch time reduction and 5-day DSO targets.
    *   *Note: The exact target date for this deployment phase is contingent upon resolving a scheduling discrepancy (detailed in Open Questions below).*

# Pricing Approach

We understand that previous vendor experiences have made Finance understandably rigorous about budget controls. As requested, this engagement will be structured as a **fixed-fee contract with milestone-based payments**. 

We do not believe in billing by the hour for strategic transformations; instead, we tie our compensation to the delivery of concrete, agreed-upon milestones. **The firm fixed-fee price for this Phase 1 engagement is $295,000.** This price is based on the assumption that the open questions regarding the pilot timeline (Q3 vs. Q4) and the specific technical requirements of the ELD compliance mandate can be resolved without expanding the core deliverables outlined in our phased approach.

# Open Questions

To finalize the Statement of Work, we must achieve explicit alignment on the following items, which currently reflect conflicting information or missing details:

1.  **Budget Alignment:** There is a discrepancy regarding the approved budget for this Phase 1 engagement. Operations indicated a potential range of $250,000 to $400,000, whereas Finance has stated the budget is strictly capped at $300,000. We need to confirm the exact ceiling to ensure our proposed scope fits within approved financial boundaries.
2.  **Pilot Timeline Feasibility:** Operations and Finance have mandated that a pilot must be in production by the end of Q3 (September 30) to prevent funding reallocation. However, Engineering has indicated they did not agree to this deadline and view Q4 as a more realistic target. We must align on a unified, feasible deployment date before project kickoff.
3.  **ELD Compliance Details:** We understand that missing the ELD compliance deadline could result in fines or the loss of operating authority in certain states. We need to bring the compliance team into the conversation to understand the exact technical requirements of this mandate so we can guarantee our work does not conflict with it.
4.  **Platform Strategy:** The CTO has stated a desire to completely replace Routemaster with a third-party SaaS platform. We need to understand how this potential migration impacts the timeline, as it will inform how we architect the portable workflow layer.


=== RESPONSE ===
{
  "issues": [
    {
      "severity": "high",
      "location": "Open Questions - Item 1 (Budget Alignment)",
      "description": "The proposal provides a firm fixed-fee price of $295,000 in the Pricing Approach (which correctly adheres to the CFO's strict $300k cap), but Open Question 1 asks the client to 'confirm the exact ceiling to ensure our proposed scope fits within approved financial boundaries.' This is logically inconsistent and makes the firm look uncoordinated, as the scope and firm price have already been set.",
      "suggested_fix": "Revise Open Question 1 to acknowledge the internal budget discrepancy ($250k-$400k vs. $300k cap), but clarify that the proposal was intentionally scoped and priced at $295,000 to respect the strict $300,000 cap mandated by Finance. Remove the request to confirm the ceiling for scoping purposes."
    }
  ],
  "risks": [
    "The unresolved Q3 vs. Q4 pilot timeline is a major risk; if the Q3 deadline is missed, funding may be reallocated, but Engineering currently views Q3 as unrealistic.",
    "The CTO's desire to completely replace Routemaster with a SaaS platform could lead to friction or a lack of internal support for this incremental, portable-layer approach if not carefully managed."
  ],
  "recommendation": "revise"
}
