=== PROMPT ===
Please critique the following proposal.

=== CLIENT MATRIX ===
{
  "business": {
    "pain_points": [
      {
        "statement": "Finance is three weeks behind on invoicing because load and operational data across systems do not line up.",
        "confidence": "high",
        "source_excerpt": "finance is 3 weeks behind on invoicing because the data never lines up.",
        "contradiction_note": null
      }
    ],
    "desired_state": [
      {
        "statement": "Establish a fixed-fee Phase 1 engagement with milestone payments tied to measurable outcomes.",
        "confidence": "high",
        "source_excerpt": "I'll give you a fixed-fee proposal with milestone payments tied to specific outcomes",
        "contradiction_note": null
      }
    ],
    "success_criteria": [
      {
        "statement": "Return to 5-day DSO freeing $1.4M in working capital and eliminate the need for 4 new dispatcher hires saving $320k.",
        "confidence": "high",
        "source_excerpt": "30% reduction in dispatch time means we don't need to hire four additional dispatchers next year, which is about $320k in fully-loaded comp. And a return to five-day DSO from where we are now frees up about $1.4M in working capital",
        "contradiction_note": null
      }
    ],
    "risks_unknowns": [
      {
        "statement": "Stakeholders disagree on the total budget cap for the Phase 1 consulting engagement.",
        "confidence": "contradicted",
        "source_excerpt": "Rita, the budget I approved is $300,000. That's the cap... Rita, that's not what we discussed. We discussed a six-month Phase 1 in the $250 to $400 range",
        "contradiction_note": "CFO Rita mandates a strict $300,000 budget cap, whereas VP of Operations Sarah understood Phase 1 to be budgeted between $250,000 and $400,000."
      }
    ]
  },
  "technical": {
    "pain_points": [
      {
        "statement": "The custom Rails dispatch tool (Routemaster) is 7 years old with severe technical debt, making feature delivery slow and fragile.",
        "confidence": "high",
        "source_excerpt": "We can't ship features anymore because the codebase is too fragile. Every change takes three times as long as it should.",
        "contradiction_note": null
      }
    ],
    "desired_state": [
      {
        "statement": "Disagreement over whether to replace Routemaster with a SaaS platform or build an overlay workflow fix.",
        "confidence": "contradicted",
        "source_excerpt": "Sarah thinks this is a workflow problem. I think this is a platform problem... We could be live on it in nine months... $600k in year one",
        "contradiction_note": "CTO Marcus advocates replacing Routemaster with a $600k/year SaaS platform, whereas VP of Operations Sarah advocates fixing workflows incrementally within current budget constraints."
      }
    ],
    "success_criteria": [
      {
        "statement": "Ensure 60-70% of Phase 1 workflow logic and integrations remain portable if Routemaster is replaced later.",
        "confidence": "medium",
        "source_excerpt": "I'd estimate 60-70% of the Phase 1 work survives a platform change.",
        "contradiction_note": null
      }
    ],
    "risks_unknowns": [
      {
        "statement": "Two previous internal projects attempting to fix the dispatch-invoicing technical workflows ended in failure.",
        "confidence": "high",
        "source_excerpt": "We've tried internal projects to fix this exact thing twice and they both failed.",
        "contradiction_note": null
      }
    ]
  },
  "operational": {
    "pain_points": [
      {
        "statement": "Dispatchers perform redundant manual data entries between Routemaster and Salesforce, while drivers dislike the mobile app.",
        "confidence": "high",
        "source_excerpt": "Too much manual entry between our custom dispatch tool and Salesforce, drivers hate the mobile app",
        "contradiction_note": null
      }
    ],
    "desired_state": [
      {
        "statement": "Streamline dispatcher workflows to eliminate double-entry and improve load processing speed.",
        "confidence": "high",
        "source_excerpt": "fix three specific operational pain points — dispatcher double-entry, the driver app, and invoicing",
        "contradiction_note": null
      }
    ],
    "success_criteria": [
      {
        "statement": "Achieve a 30% reduction in dispatch processing time per load.",
        "confidence": "high",
        "source_excerpt": "Sarah and I talked about a 30% reduction in dispatch time per load",
        "contradiction_note": null
      }
    ],
    "risks_unknowns": [
      {
        "statement": "Uncertainty surrounding driver app updates and integration requirements for the November 15 federal ELD compliance mandate.",
        "confidence": "medium",
        "source_excerpt": "The ELD compliance deadline in November is real. The federal mandate update changes how we have to log driver hours and report them.",
        "contradiction_note": null
      }
    ]
  },
  "strategic": {
    "pain_points": [
      {
        "statement": "Rapid growth via acquisitions in 2024 left core operational technology integrations incomplete.",
        "confidence": "high",
        "source_excerpt": "Northwind grew 40% in 2024 by acquiring two smaller brokerages. Tech integration from those acquisitions is incomplete.",
        "contradiction_note": null
      }
    ],
    "desired_state": [
      {
        "statement": "Disagreement on the Phase 1 pilot release timeline between end of Q3 and Q4.",
        "confidence": "contradicted",
        "source_excerpt": "We have a Q3 pilot commitment... Q3 was your commitment, not mine. I never agreed to Q3. I think Q4 is more realistic",
        "contradiction_note": "CFO Rita and VP Sarah mandate a Q3 end-of-quarter pilot launch to prevent budget reallocation, while CTO Marcus insists Q4 is a realistic timeframe for proper delivery."
      }
    ],
    "success_criteria": [
      {
        "statement": "Deploy a production pilot by September 30 (end of Q3) to retain allocated executive funding.",
        "confidence": "high",
        "source_excerpt": "If we don't have something in production by end of September, the funding gets reallocated.",
        "contradiction_note": null
      }
    ],
    "risks_unknowns": [
      {
        "statement": "Executive trust risk caused by CFO's negative past experience with an outside consulting firm in 2023.",
        "confidence": "high",
        "source_excerpt": "Skeptical of consulting engagements; got burned by a previous vendor in 2023.",
        "contradiction_note": null
      }
    ]
  }
}

=== PROPOSAL DRAFT ===
# Proposal for Operations & Dispatch Workflow Transformation

**Prepared for:** Northwind Logistics  
**Attention:** Sarah Chen (VP Operations), Marcus Patel (CTO), Rita Donovan (CFO)  
**Date:** March 2025  

---

## Executive Summary

Northwind Logistics has experienced remarkable growth, expanding 40% in 2024 through acquisition to reach ~$85M in revenue. However, operational systems have not kept pace. Dispatchers are burdened with manual double-entry between the custom dispatch tool ("Routemaster") and Salesforce, drivers face friction with the legacy mobile application, and finance operates three weeks behind on invoicing due to cross-system data discrepancies. 

This proposal outlines a focused, high-impact Phase 1 engagement designed to eliminate dispatcher friction, automate invoicing data alignment, and establish a modern, scalable integration layer. By addressing these root causes, Northwind can achieve a **30% reduction in dispatch handling time**—avoiding $320,000 in additional dispatcher hiring costs—and return to a **5-day Days Sales Outstanding (DSO)**, unlocking approximately **$1.4M in working capital**.

To protect Northwind’s investment and address prior vendor concerns, we propose a **fixed-fee, milestone-based structure** tied strictly to verifiable operational deliverables. Furthermore, all integration logic and workflow automation will be architected to be highly portable (60–70% survival rate), ensuring long-term value regardless of future core platform evolution.

---

## Understanding

### Business & Operational Context
Following rapid expansion, Northwind operates with 40 dispatchers and over 600 contracted drivers. Operational efficiency is currently constrained by fragmented systems:
* **Invoicing Delays:** Finance spends significant manual effort reconciling load and operational data across Routemaster, Salesforce, and NetSuite, resulting in a 3-week invoicing backlog that threatens cash flow.
* **Dispatcher Overhead:** Dispatchers spend excessive hours manually transferring load data between Salesforce Sales Cloud and Routemaster, limiting capacity and increasing error rates.
* **Driver Experience:** Contracted drivers report high dissatisfaction with the legacy custom React Native mobile app, leading to compliance tracking and status update delays.

### Technical Environment
* **Dispatch Core ("Routemaster"):** A 7-year-old custom Ruby on Rails 5 application maintained by two internal engineers. While functional, technical debt makes new feature delivery slow and fragile.
* **CRM & Financials:** Salesforce Sales Cloud serves as the primary CRM, while NetSuite handles accounting. No central data warehouse currently exists; reporting relies on manual Excel exports.
* **Acquisition Integration:** Technical integration from the 2024 acquisitions remains incomplete, contributing to operational friction across business units.

### Strategic Objectives & Success Metrics
1. **Financial Impact:** Lower DSO to 5 days to release ~$1.4M in working capital.
2. **Operational Efficiency:** Reduce dispatch processing time per load by 30%, absorbing growth without adding 4 new dispatcher headcount ($320k annual savings).
3. **Risk Mitigation:** Re-establish executive trust through a transparent, milestone-gated delivery model with modular, portable software assets.

---

## Approach

Our approach focuses on building a lightweight, highly resilient **Workflow Automation & Integration Layer** rather than forcing intrusive changes on day one. This isolates system complexity and delivers immediate operational relief while safeguarding future flexibility.

```
+-------------------+      +--------------------------------+      +-------------------+
|  Salesforce CRM   | <--> |  Workflow & Integration Layer  | <--> |  NetSuite (ERP)   |
+-------------------+      +---------------+----------------+      +-------------------+
                                           |
                                           v
                           +--------------------------------+
                           |   Routemaster / Future TMS     |
                           +--------------------------------+
```

### Key Principles

1. **Decoupled Workflow Orchestration:** We will build integration services that handle load creation, status updates, and invoicing triggers outside the monolith. This ensures that 60–70% of the workflow logic survives intact even if underlying core systems are updated or migrated in the future.
2. **Automated Invoicing Reconciliation:** Establish real-time data validation rules between load execution events and NetSuite billing entries, eliminating manual data matching and cutting invoicing cycle time from weeks to days.
3. **Dispatcher Double-Entry Elimination:** Implement bidirectional API synchronization between Salesforce and the dispatch system, enabling single-touch load management for dispatchers.
4. **Mobile Experience Optimization:** Targeted fixes to the React Native driver application to streamline driver check-ins, load status updates, and compliance reporting.

---

## Phases & Timeline

We structure the engagement into clear, sequential milestones designed to manage delivery risk and deliver early operational utility.

```
+-----------------------------------------------------------------------------------+
| Phase 1A: Discovery & Architecture (Weeks 1-4)                                   |
| - Process mapping, API specification, modular architecture design                 |
+-----------------------------------------------------------------------------------+
                                         |
                                         v
+-----------------------------------------------------------------------------------+
| Phase 1B: Integration & Automation Build (Weeks 5-16)                             |
| - Salesforce <-> Routemaster <-> NetSuite sync, Invoicing rules engine            |
+-----------------------------------------------------------------------------------+
                                         |
                                         v
+-----------------------------------------------------------------------------------+
| Phase 1C: Pilot Deployment & Optimization (Weeks 17-24)                           |
| - Production pilot roll-out, Driver app updates, Operational verification         |
+-----------------------------------------------------------------------------------+
```

### Detailed Breakdown

* **Phase 1A: Discovery & Integration Architecture (Weeks 1–4)**
  * Comprehensive mapping of dispatch-to-invoicing data flows.
  * API contract definition for Salesforce, Routemaster, and NetSuite.
  * Integration architecture sign-off focusing on portability and modularity.

* **Phase 1B: Core Integration & Invoicing Automation (Weeks 5–16)**
  * Development of automated load synchronization between CRM and dispatch.
  * Automated pre-invoicing validation engine to resolve data discrepancies.
  * Targeted driver app patch releases for check-in stability.

* **Phase 1C: Pilot Rollout & Refinement (Weeks 17–24)**
  * Deployment of operational pilot to a subset of dispatchers and driver fleets.
  * Performance tuning, user feedback iteration, and DSO metric verification.
  * Final operational handover and documentation.

---

## Pricing Approach

To ensure complete alignment with CFO expectations and mitigate historical vendor risk, we operate strictly on a **Fixed-Fee, Milestone-Based** structure. Payments are tied directly to verifiable delivery gates rather than hours logged.

### Historical Benchmark & Scope Calibration
Based on past engagements in the logistics and freight management sector for team structures of similar scale (4-person specialized delivery pod), comparable discovery and production MVP builds typically benchmark within a **$150,000 to $250,000** price band for core integration and pilot delivery.

### Proposed Milestone Structure

| Milestone | Deliverable Gate | Payment % | Value Delivered |
| :--- | :--- | :--- | :--- |
| **Milestone 1: Architecture & Integration Blueprint** | Approved data flow specs, API contracts, and portable architecture blueprint (End of Month 1) | 25% | Technical clarity & risk mitigation |
| **Milestone 2: Automated Sync & Invoicing Engine** | Functioning bidirectionally tested integration between CRM, Dispatch, and NetSuite (End of Month 4) | 40% | Elimination of manual double-entry |
| **Milestone 3: Production Pilot & Metric Verification** | Deployed production pilot, verified reduction in invoicing backlog, driver app patch release (End of Month 6) | 35% | Working capital release & DSO reduction |

*Note: The exact fixed fee within the benchmark range will be finalized upon alignment on the open items below.*

---

## Open Questions

To ensure full alignment across executive stakeholders before final execution, the following areas require explicit clarification during our kickoff alignment session:

### 1. Phase 1 Budget Cap Alignment (Contradicted Intake Data)
* **Context:** There is an internal difference in budget assumptions between leadership stakeholders (CFO Rita mandates a strict $300,000 budget cap, whereas VP of Operations Sarah identified a scope range between $250,000 and $400,000).
* **Clarification Needed:** We need to formally confirm the binding budget ceiling for Phase 1 so we can right-size the scope boundary within agreed financial parameters.

### 2. Long-Term Platform Strategy vs. Workflow Overlay (Contradicted Intake Data)
* **Context:** CTO Marcus advocates replacing Routemaster with a full SaaS TMS platform (~$600k/yr), while VP of Operations Sarah favors an incremental workflow overlay fix to address immediate pain points within current budget limits.
* **Clarification Needed:** We must align on whether Phase 1 should strictly treat Routemaster as a long-term core system or design the integration layer explicitly as a temporary abstraction layer to facilitate a future SaaS TMS migration.

### 3. Production Pilot Target Release Date (Contradicted Intake Data)
* **Context:** Operations and Finance target an end-of-Q3 (September 30) production pilot launch to retain executive funding, while Technical leadership views a Q4 release as a more realistic engineering timeframe.
* **Clarification Needed:** We need to establish a mutually agreed delivery schedule that balances rapid risk-free deployment with technical feasibility.

### 4. Federal ELD Compliance Mandate & Driver App Scope (Low/Medium Confidence)
* **Context:** A federal ELD compliance mandate update is noted for November 15, impacting driver hours logging and reporting requirements.
* **Clarification Needed:** We need to confirm the exact technical specifications required for the November 15 ELD mandate update and determine whether ELD compliance changes fall within Phase 1 scope or a subsequent track.


=== RESPONSE ===
{
  "issues": [],
  "risks": [],
  "recommendation": "approve"
}
