=== PROMPT ===
HUMAN FEEDBACK: 
fix all the issues and read the clearly and fix it dont make decisions from your self

PROPOSAL DRAFT: 
# Executive Summary

Northwind Logistics has experienced impressive growth, expanding by 40% in 2024 through strategic acquisitions. However, this rapid scale has outpaced the current operational technology. Dispatchers are burdened by manual data entry between the custom dispatch tool (Routemaster) and Salesforce, driver satisfaction with the mobile app is declining, and finance is currently three weeks behind on invoicing due to persistent data discrepancies. 

Drawing on our recent success with peer brokerages like Cascade Freight, we propose a 6-month Phase 1 engagement to streamline Northwind's core operations. Our primary objectives are to reduce dispatch time per load by 30% (obviating the need to hire four additional dispatchers) and to return the business to a five-day Days Sales Outstanding (DSO), which will free up approximately $1.4M in working capital. This proposal outlines our understanding of your environment, our methodology for delivering durable technical improvements, and the open alignment points we must resolve to ensure a successful partnership.

# Understanding

Based on our initial discussions, we recognize that Northwind operates a complex ecosystem of ~200 employees, 40 dispatchers, and ~600 contracted drivers. We understand the following realities regarding your business, technology, and operational environment:

*   **Operational Pain Points:** The current dispatcher workflow causes significant operational strain. Manual data entry between Routemaster (a 7-year-old custom Rails 5 app) and Salesforce is highly inefficient. Furthermore, drivers are highly dissatisfied with the existing custom React Native mobile application. 
*   **Technical Debt & Integration:** Routemaster suffers from severe technical debt, preventing your two-person engineering team from shipping new features. Additionally, technology integration from your 2024 acquisitions remains incomplete. We note that previous internal attempts to resolve these workflow issues have failed twice, underscoring the need for specialized external execution.
*   **Financial Impact:** Data discrepancies between operational systems and NetSuite have caused severe invoicing delays, directly impacting Northwind’s working capital and DSO.
*   **Strategic Compliance Mandates:** The upcoming federal ELD mandate update in November is a critical business priority. Missing this deadline could result in fines and the potential loss of operating authority in certain states. Any updates to the driver app must be meticulously coordinated so as not to interfere with the ELD compliance initiative.
*   **Architectural Flexibility:** Because Northwind is currently evaluating modern TMS vendors, 60-70% of the Phase 1 workflow logic must be portable to survive a potential future platform change. Furthermore, CTO Marcus Patel must review and approve the proposed architecture before execution begins.

# Approach

Our approach focuses on decoupling operational workflows from legacy technical constraints while protecting your critical compliance initiatives. 

1.  **Process Streamlining & Integration:** We will map the exact data flow between Routemaster, Salesforce, and NetSuite to eliminate the root causes of the manual data entry and invoicing delays. 
2.  **Portable Architecture:** We will design workflow logic and integrations as modular components. This ensures that 60-70% of our Phase 1 deliverables will remain viable even if Northwind transitions to a new SaaS platform or TMS in the future.
3.  **Compliance-Safe Mobile Updates:** We will collaborate directly with Head of Compliance Rajiv Mehta to map the dependencies between the driver app's usability improvements and the mandated ELD updates, ensuring zero interference with your operating authority.
4.  **CTO Alignment:** Before writing any code, we will submit a comprehensive architectural plan to Marcus Patel for technical sign-off, ensuring our solution aligns with his long-term vision for Northwind's engineering standards.

# Phases & Timeline

We propose a 6-month Phase 1 engagement structured around tangible business outcomes. *(Note: Exact pilot launch timing is contingent upon resolving the timeline dependencies listed in the Open Questions section).*

*   **Month 1: Discovery & Architecture Definition**
    *   Map data discrepancies across Salesforce, Routemaster, and NetSuite.
    *   Draft technical architecture for CTO review and approval.
    *   Coordinate with the compliance team on ELD mandate requirements.
*   **Months 2-3: Core Workflow & Data Integration**
    *   Automate manual data entry between the CRM and dispatch tool.
    *   Build portable workflow logic to streamline dispatcher load management.
*   **Month 4: Driver App & Compliance Alignment**
    *   Implement high-priority usability fixes in the React Native driver app.
    *   Ensure strict separation from the ELD compliance workstream.
*   **Months 5-6: Financial Reconciliation & Pilot Rollout**
    *   Align operational data with NetSuite to accelerate the invoicing cycle.
    *   Deploy the pilot workflow to a subset of dispatchers.
    *   Measure DSO improvements and dispatch time reductions.

# Pricing Approach

As requested by CFO Rita Donovan, this engagement will be structured as a fixed-fee agreement with milestone-based payments tied to specific outcomes (e.g., Architecture Sign-Off, CRM/Dispatch Integration, Pilot Launch). 

To provide baseline context: in a similar recent engagement for a peer freight brokerage requiring a comparable team size, a 3-month discovery and MVP build ranged from $150,000 to $250,000. Because Northwind requires a 6-month Phase 1 engagement, we will scale our fixed-fee milestone structure accordingly once the final scope and technical approach are firmly established. 

# Open Questions

To finalize our statement of work and ensure total alignment across Northwind's leadership team, we must collaboratively resolve the following items:

*   **Budget Envelope:** There is currently a discrepancy regarding the approved funding for Phase 1. VP of Operations Sarah Chen indicated a target range of $250,000–$400,000, whereas CFO Rita Donovan has stated a strict budget cap of $300,000. We need to align on the exact financial boundaries before locking in the final fixed-fee milestones.
*   **Core Technical Approach:** There are differing internal visions for the dispatch tool's future. CTO Marcus Patel has expressed a strong preference for replacing the legacy Routemaster system entirely with a SaaS platform, while Sarah Chen prefers incrementally fixing workflows on the existing system. We must agree on the core technical strategy for this Phase 1 engagement.
*   **Pilot Launch Timeline:** There is a conflict regarding the delivery date for the pilot. Finance and Operations require a pilot in production by the end of Q3 (September 30) to secure and maintain funding. However, the CTO believes Q4 is a more realistic target and has not committed to the Q3 date. We must establish a unified, feasible timeline that satisfies both budget and engineering constraints.
*   **ELD Compliance Details:** We currently lack specific details regarding the federal ELD mandate update. We need to schedule a deep-dive session with Rajiv Mehta to fully understand these requirements and ensure our proposed driver app modifications carry zero risk of conflicting with compliance efforts.

CLIENT MATRIX: 
{
  "business": {
    "pain_points": [
      {
        "statement": "Finance is significantly delayed on invoicing due to data discrepancies.",
        "confidence": "high",
        "source_excerpt": "finance is 3 weeks behind on invoicing because the data never lines up.",
        "contradiction_note": null
      }
    ],
    "desired_state": [
      {
        "statement": "The CFO requires a fixed-fee engagement with milestone-based payments.",
        "confidence": "high",
        "source_excerpt": "fixed-fee proposal with milestone payments tied to specific outcomes",
        "contradiction_note": null
      }
    ],
    "success_criteria": [
      {
        "statement": "The project must free up working capital by returning to a five-day DSO.",
        "confidence": "high",
        "source_excerpt": "return to five-day DSO from where we are now frees up about $1.4M",
        "contradiction_note": null
      },
      {
        "statement": "The budget cap for the Phase 1 engagement.",
        "confidence": "contradicted",
        "source_excerpt": "the budget I approved is $300,000. That's the cap.",
        "contradiction_note": "CFO Rita insists the budget is capped at $300k, while VP Ops Sarah claims they discussed a $250k-$400k range."
      }
    ],
    "risks_unknowns": [
      {
        "statement": "Missing the ELD deadline could result in fines and loss of operating authority.",
        "confidence": "high",
        "source_excerpt": "Fines, possibly losing our operating authority in some states.",
        "contradiction_note": null
      }
    ]
  },
  "technical": {
    "pain_points": [
      {
        "statement": "The custom dispatch tool has severe technical debt preventing new feature development.",
        "confidence": "medium",
        "source_excerpt": "Technical debt in Routemaster. We can't ship features anymore because the codebase is too fragile.",
        "contradiction_note": null
      },
      {
        "statement": "There is too much manual data entry between the dispatch tool and the CRM.",
        "confidence": "high",
        "source_excerpt": "Too much manual entry between our custom dispatch tool and Salesforce",
        "contradiction_note": null
      }
    ],
    "desired_state": [
      {
        "statement": "The core technical approach for the dispatch tool.",
        "confidence": "contradicted",
        "source_excerpt": "replace Routemaster with a SaaS platform",
        "contradiction_note": "CTO Marcus wants to replace the legacy system with a SaaS platform, while VP Ops Sarah wants to incrementally fix workflows on the existing system."
      },
      {
        "statement": "Workflow logic should be portable in case of a future platform change.",
        "confidence": "medium",
        "source_excerpt": "60-70% of the Phase 1 work survives a platform change.",
        "contradiction_note": null
      }
    ],
    "success_criteria": [
      {
        "statement": "The CTO must review and approve the proposed architecture.",
        "confidence": "medium",
        "source_excerpt": "I'd want to see the architecture before I sign off on that number.",
        "contradiction_note": null
      }
    ],
    "risks_unknowns": [
      {
        "statement": "Changes to the driver app may conflict with the separate ELD compliance workstream.",
        "confidence": "high",
        "source_excerpt": "If we're going to touch the driver app, the ELD work has to be coordinated.",
        "contradiction_note": null
      }
    ]
  },
  "operational": {
    "pain_points": [
      {
        "statement": "The current dispatcher workflow is highly inefficient and causing significant operational strain.",
        "confidence": "high",
        "source_excerpt": "Our dispatcher workflow is killing us.",
        "contradiction_note": null
      },
      {
        "statement": "Drivers are highly dissatisfied with the current mobile application.",
        "confidence": "high",
        "source_excerpt": "drivers hate the mobile app",
        "contradiction_note": null
      }
    ],
    "desired_state": [
      {
        "statement": "The timeline for delivering the pilot into production.",
        "confidence": "contradicted",
        "source_excerpt": "If we don't have something in production by end of September, the funding gets reallocated.",
        "contradiction_note": "CFO Rita and VP Ops Sarah require a Q3 pilot for budget reasons, but CTO Marcus believes Q4 is more realistic and refuses to commit to Q3."
      }
    ],
    "success_criteria": [
      {
        "statement": "Reduce dispatch time per load by 30% to avoid hiring additional headcount.",
        "confidence": "high",
        "source_excerpt": "a 30% reduction in dispatch time means we don't need to hire four additional dispatchers",
        "contradiction_note": null
      }
    ],
    "risks_unknowns": [
      {
        "statement": "Previous internal attempts to fix the workflow issues have failed.",
        "confidence": "high",
        "source_excerpt": "We've tried internal projects to fix this exact thing twice and they both failed.",
        "contradiction_note": null
      }
    ]
  },
  "strategic": {
    "pain_points": [
      {
        "statement": "Technology integration from recent company acquisitions remains incomplete.",
        "confidence": "medium",
        "source_excerpt": "Tech integration from those acquisitions is incomplete.",
        "contradiction_note": null
      }
    ],
    "desired_state": [
      {
        "statement": "Achieve compliance with the upcoming federal ELD mandate update.",
        "confidence": "high",
        "source_excerpt": "ELD compliance deadline in November (federal mandate update",
        "contradiction_note": null
      }
    ],
    "success_criteria": [
      {
        "statement": "The workflow project must not interfere with the ELD compliance initiative.",
        "confidence": "high",
        "source_excerpt": "whatever we build needs to not get in the way of the compliance work.",
        "contradiction_note": null
      }
    ],
    "risks_unknowns": [
      {
        "statement": "The consulting team lacks details on the ELD compliance requirements.",
        "confidence": "high",
        "source_excerpt": "I need to learn more about the ELD work before I can speak to that.",
        "contradiction_note": null
      }
    ]
  }
}

Translate the human feedback into actionable directives.

=== RESPONSE ===
{
  "directives": [
    "Remove all hallucinated company metrics from the Executive Summary and Understanding sections, specifically the references to '40% growth', '200 employees', '40 dispatchers', and '600 contracted drivers'. Only use data explicitly stated in the Client Matrix.",
    "Remove the hallucinated technology stack details ('7-year-old custom Rails 5 app' and 'React Native'). Replace them with the exact terms from the Client Matrix: 'custom dispatch tool' and 'mobile application'.",
    "Remove the hallucinated name 'Rajiv Mehta' from the Approach and Open Questions sections. Refer to the compliance contact generically, as no specific name is provided in the Client Matrix.",
    "Remove the hallucinated peer brokerage name ('Cascade Freight') from the Executive Summary and the fabricated pricing baseline ('$150,000 to $250,000') from the Pricing Approach. Base the Pricing Approach strictly on the CFO's requirement for a fixed-fee, milestone-based structure."
  ]
}
