=== PROMPT ===
Please critique the following proposal.

CLIENT MATRIX: 
{
  "business": {
    "pain_points": [
      {
        "statement": "Finance is significantly delayed on invoicing due to data discrepancies.",
        "confidence": "high",
        "source_excerpt": "finance is 3 weeks behind on invoicing because the data never lines up.",
        "contradiction_note": null
      },
      {
        "statement": "A large amount of working capital is tied up in unbilled receivables.",
        "confidence": "high",
        "source_excerpt": "frees up about $1.4M in working capital that's currently stuck in unbilled receivables.",
        "contradiction_note": null
      }
    ],
    "desired_state": [
      {
        "statement": "The company wants to return to an industry-standard Days Sales Outstanding (DSO).",
        "confidence": "high",
        "source_excerpt": "return to five-day DSO from where we are now",
        "contradiction_note": null
      },
      {
        "statement": "The CFO requires a fixed-fee engagement structure with milestone-based payments.",
        "confidence": "high",
        "source_excerpt": "fixed-fee proposal with milestone payments tied to specific outcomes",
        "contradiction_note": null
      }
    ],
    "success_criteria": [
      {
        "statement": "The project must free up $1.4M in working capital.",
        "confidence": "high",
        "source_excerpt": "frees up about $1.4M in working capital",
        "contradiction_note": null
      },
      {
        "statement": "The project must save $320k by avoiding the need to hire additional dispatchers.",
        "confidence": "high",
        "source_excerpt": "we don't need to hire four additional dispatchers next year, which is about $320k",
        "contradiction_note": null
      }
    ],
    "risks_unknowns": [
      {
        "statement": "There is a disagreement regarding the maximum budget for the Phase 1 engagement.",
        "confidence": "contradicted",
        "source_excerpt": "budget I approved is $300,000. That's the cap.",
        "contradiction_note": "CFO Rita insists on a strict $300k cap, while VP Ops Sarah claims they discussed a $250k-$400k range."
      },
      {
        "statement": "Failure to meet ELD compliance could result in fines or loss of operating authority.",
        "confidence": "high",
        "source_excerpt": "Fines, possibly losing our operating authority in some states.",
        "contradiction_note": null
      }
    ]
  },
  "technical": {
    "pain_points": [
      {
        "statement": "The legacy dispatch system has severe technical debt making it fragile.",
        "confidence": "high",
        "source_excerpt": "We can't ship features anymore because the codebase is too fragile.",
        "contradiction_note": null
      },
      {
        "statement": "Development velocity is severely hindered by the current architecture.",
        "confidence": "high",
        "source_excerpt": "Every change takes three times as long as it should.",
        "contradiction_note": null
      }
    ],
    "desired_state": [
      {
        "statement": "Stakeholders disagree on whether to replace the legacy dispatch system or patch its workflows.",
        "confidence": "contradicted",
        "source_excerpt": "replace Routemaster with a SaaS platform",
        "contradiction_note": "CTO Marcus wants a full SaaS replacement, while VP Ops Sarah wants incremental workflow fixes on the existing platform."
      },
      {
        "statement": "Workflow logic should be built to survive a potential future platform replacement.",
        "confidence": "medium",
        "source_excerpt": "60-70% of the Phase 1 work survives a platform change.",
        "contradiction_note": null
      }
    ],
    "success_criteria": [
      {
        "statement": "The CTO must review and sign off on the proposed architecture.",
        "confidence": "high",
        "source_excerpt": "I want to be in the room when you walk through the architecture.",
        "contradiction_note": null
      }
    ],
    "risks_unknowns": [
      {
        "statement": "Previous internal attempts to fix the workflow issues have failed.",
        "confidence": "high",
        "source_excerpt": "We've tried internal projects to fix this exact thing twice and they both failed.",
        "contradiction_note": null
      },
      {
        "statement": "Changes to the driver app may conflict with ongoing ELD compliance work.",
        "confidence": "high",
        "source_excerpt": "If we're going to touch the driver app, the ELD work has to be coordinated.",
        "contradiction_note": null
      }
    ]
  },
  "operational": {
    "pain_points": [
      {
        "statement": "Dispatchers suffer from excessive manual double-entry between systems.",
        "confidence": "high",
        "source_excerpt": "Too much manual entry between our custom dispatch tool and Salesforce",
        "contradiction_note": null
      },
      {
        "statement": "The current mobile application is highly disliked by the drivers.",
        "confidence": "high",
        "source_excerpt": "drivers hate the mobile app",
        "contradiction_note": null
      }
    ],
    "desired_state": [
      {
        "statement": "Operations wants to significantly reduce the time it takes to dispatch a load.",
        "confidence": "high",
        "source_excerpt": "30% reduction in dispatch time per load",
        "contradiction_note": null
      }
    ],
    "success_criteria": [
      {
        "statement": "A pilot must be in production by the end of Q3 to secure funding.",
        "confidence": "high",
        "source_excerpt": "If we don't have something in production by end of September, the funding gets reallocated.",
        "contradiction_note": null
      }
    ],
    "risks_unknowns": [
      {
        "statement": "There is a conflict regarding the feasibility of the Q3 pilot deadline.",
        "confidence": "contradicted",
        "source_excerpt": "I think Q4 is more realistic if we're doing it right.",
        "contradiction_note": "VP Ops and CFO mandate a Q3 pilot for budget reasons, but the CTO believes Q4 is the realistic timeline."
      }
    ]
  },
  "strategic": {
    "pain_points": [
      {
        "statement": "Technical integration from recent company acquisitions remains incomplete.",
        "confidence": "medium",
        "source_excerpt": "Tech integration from those acquisitions is incomplete.",
        "contradiction_note": null
      }
    ],
    "desired_state": [
      {
        "statement": "Any new development must not interfere with upcoming federal compliance mandates.",
        "confidence": "high",
        "source_excerpt": "whatever we build needs to not get in the way of the compliance work.",
        "contradiction_note": null
      }
    ],
    "success_criteria": [
      {
        "statement": "The company must meet the federal ELD compliance deadline in November.",
        "confidence": "high",
        "source_excerpt": "The ELD compliance deadline in November is real.",
        "contradiction_note": null
      }
    ],
    "risks_unknowns": [
      {
        "statement": "The exact scope and technical requirements of the ELD compliance work are currently unknown to the consultant.",
        "confidence": "high",
        "source_excerpt": "I need to learn more about the ELD work before I can speak to that.",
        "contradiction_note": null
      }
    ]
  }
}

PROPOSAL DRAFT: 
# Proposal for Northwind Logistics

## Executive Summary

Northwind Logistics is poised to unlock significant operational efficiency and free up vital capital tied up in unbilled receivables. Rapid growth—including a 40% surge in 2024 driven by acquisitions—has stretched existing systems, creating operational bottlenecks for dispatchers, friction for drivers, and a three-week billing delay in finance that currently holds $1.4M in working capital stuck in unbilled receivables.

Our proposed engagement provides an immediate, structured path to resolve these challenges. By streamlining dispatcher workflows between Routemaster and Salesforce, optimizing the mobile driver experience, and ensuring financial data alignment with NetSuite, our target outcomes include reducing load dispatch times by 30%, returning to an industry-standard 5-day Days Sales Outstanding (DSO), and avoiding approximately $320,000 in additional dispatcher headcount next year.

We propose a targeted fixed-fee engagement of **$250,000**, structured around deliverable milestones. We target a production pilot in Q3 to meet operational funding constraints. **Note on Recommended Targets:** Both the proposed $250,000 budget and the Q3 target pilot timeline are recommended targets. They are contingent upon completing Phase 1A discovery and reaching formal alignment among Northwind’s executive stakeholders on the unresolved items detailed in the Open Questions section.

---

## Understanding

### Business Context
Northwind Logistics is an $85M (2025 revenue) mid-market freight brokerage based in Columbus, OH, with ~200 employees, 40 dispatchers, and ~600 contracted drivers. Following 40% growth in 2024 driven by two brokerage acquisitions, financial workflows have struggled to keep pace. Finance is currently 3 weeks behind on invoicing due to data discrepancies between systems, leaving $1.4M in working capital trapped in unbilled receivables. Key executive objectives include returning to a 5-day DSO, unlocking $1.4M in working capital, and saving $320k annually by avoiding the need to hire four additional dispatchers.

### Operational Context
Dispatchers experience significant manual double-entry between Routemaster and Salesforce. Meanwhile, Northwind’s ~600 contracted drivers express high dissatisfaction with the custom React Native mobile driver app (which has not had a major update since 2023). Operational goals focus on achieving a 30% reduction in dispatch processing time per load and improving driver app usability without disrupting daily operations.

### Technical Context
Northwind’s core technical stack includes:
* **Dispatch System:** Routemaster, a 7-year-old custom Ruby on Rails 5 application maintained internally by 2 engineers. The codebase suffers from technical debt, making feature delivery slow and fragile.
* **CRM:** Salesforce (Sales Cloud).
* **Accounting:** NetSuite.
* **TMS:** Transportation Management System selection is currently undergoing vendor evaluation.
* **Analytics/BI:** No centralized data warehouse; reporting relies on manual Excel exports from Salesforce.
* **Acquisition Debt:** Technical integration from the two 2024 acquisitions remains incomplete.

### Strategic Context & Stakeholders
* **Sarah Chen (VP Operations):** Project champion seeking immediate operational workflow relief and a production pilot by end of Q3.
* **Marcus Patel (CTO):** Technical owner of Routemaster requiring full architectural sign-off; advocates for replacing Routemaster long-term.
* **Rita Donovan (CFO):** Budget controller requiring fixed-fee milestone pricing; cautious due to past vendor performance in 2023 and enforcing a strict $300k budget cap.
* **Rajiv Mehta (Head of Compliance):** Responsible for a mandatory federal ELD compliance update in November, which cannot be jeopardized by driver app modifications.

---

## Approach

Our methodology focuses on delivering immediate operational relief while building modular, resilient components that protect Northwind’s long-term technical investments:

1. **Decoupled Architecture & Strategic Preservation:** Rather than forcing an abrupt replacement of Routemaster with a new SaaS platform or applying superficial patches, we will build clean, decoupled integration layers. This approach ensures that 60–70% of the workflow and integration logic developed during Phase 1 will survive any future transition to a commercial TMS platform.
2. **Collaborative Technical Governance:** We will partner directly with CTO Marcus Patel during architecture design sessions to review and sign off on data schemas, API contracts, and integration patterns, ensuring development velocity without overburdening the internal two-person engineering team.
3. **Dispatcher & Invoicing Streamlining:** Direct integration between Routemaster, Salesforce, and NetSuite will eliminate manual double-entry, standardize load data, resolve billing discrepancies, and reduce dispatch processing times by 30%.
4. **Mobile Experience & ELD Coordination:** Upgrades to the React Native driver app will focus on core driver pain points while maintaining strict technical separation from ongoing ELD compliance work, in direct alignment with Head of Compliance Rajiv Mehta.
5. **Fixed-Fee, Milestone-Gated Execution:** To address CFO Rita Donovan’s risk requirements, all work will be structured under a fixed-fee agreement tied to concrete operational and technical milestones.

---

## Phases & Timeline

*Disclaimer: The schedule below outlines a Targeted Q3 Pilot contingent upon Phase 1A discovery and executive alignment on timeline and architectural direction as outlined in Open Questions.*

```
+-----------------------------------------------------------------------------------+
| PHASE 1A: Discovery, Architecture Alignment & ELD Mapping (Weeks 1-4)              |
| - Process mapping across Routemaster, Salesforce & NetSuite                      |
| - Technical architecture sign-off with CTO Marcus Patel                          |
| - Alignment on ELD mandate scope with Head of Compliance Rajiv Mehta             |
| - Finalizing target pilot scope and milestone agreement                          |
+-----------------------------------------------------------------------------------+
                                         |
                                         v
+-----------------------------------------------------------------------------------+
| PHASE 1B: Integration & Driver App Optimization (Weeks 5-12)                     |
| - Automated data sync between Routemaster and Salesforce                         |
| - Refactoring dispatcher load entry workflows (Target: 30% time savings)          |
| - Driver mobile app UX improvements (React Native)                               |
| - Financial data validation with NetSuite to resolve unbilled receivables        |
+-----------------------------------------------------------------------------------+
                                         |
                                         v
+-----------------------------------------------------------------------------------+
| PHASE 1C: Targeted Q3 Pilot & Operational Rollout (Weeks 13-16)                  |
| - Targeted pilot deployment with subset of dispatchers and drivers                |
| - Validation of invoicing speed and DSO progress towards 5-day goal              |
| - Final handoff & documentation for internal engineering team                    |
+-----------------------------------------------------------------------------------+
```

---

## Pricing Approach

Based on past engagements of similar scale and complexity in mid-market freight brokerage (requiring a 4-person senior engagement team over a 3-to-4 month build), pricing typically ranges between $150,000 and $250,000. 

We propose a target fixed fee of **$250,000**, structured into outcome-based milestone payments.

*Note: This pricing structure and budget figure represent recommended targets contingent upon resolving the stakeholder budget and scope open questions during Phase 1A.*

### Milestone Payment Schedule

| Milestone | Deliverable / Outcome | Associated Fee | Percentage |
| :--- | :--- | :--- | :--- |
| **Milestone 1: Architecture Blueprint & Discovery** | Completion of Phase 1A discovery, architecture review and formal sign-off by CTO Marcus Patel, and ELD compliance alignment. | $62,500 | 25% |
| **Milestone 2: Integration & Workflow Build** | Delivery of Routemaster–Salesforce bi-directional sync, refactored dispatcher load entry, and updated driver mobile app build. | $112,500 | 45% |
| **Milestone 3: Pilot Deployment & Hand-Off** | Successful deployment of the production pilot, verification of invoicing data alignment with NetSuite, and technical operational transition. | $75,000 | 30% |
| **Total** | | **$250,000** | **100%** |

---

## Open Questions

To ensure full alignment before finalizing scope and commitments, the following contradicted points and risks identified during intake must be explicitly clarified and resolved during Phase 1A:

1. **Budget Range Alignment:** CFO Rita Donovan has indicated a strict budget cap of $300,000, whereas VP of Operations Sarah Chen previously discussed an anticipated range of $250,000 to $400,000. We need to confirm that our proposed $250,000 scope fully satisfies Sarah's operational goals while remaining comfortably within Rita's financial cap.
2. **Long-Term System Architecture Vision:** Stakeholders hold differing views regarding Routemaster's future: CTO Marcus Patel favors replacing Routemaster with a commercial SaaS platform, while VP Ops Sarah Chen favors incremental workflow fixes on Routemaster. We need to formalize alignment in Phase 1A that our build will focus on a decoupled integration layer where 60–70% of the logic survives a potential future SaaS transition.
3. **Pilot Schedule Feasibility:** VP Ops Sarah Chen and CFO Rita Donovan require a pilot in production by the end of Q3 (September 30) to secure internal budget allocation. However, CTO Marcus Patel considers Q4 to be a more realistic timeline for stable delivery. We must establish a mutually agreed, phased pilot scope during Phase 1A that satisfies operational deadlines without compromising technical quality.
4. **ELD Mandate Scope & Technical Requirements:** The precise technical requirements and scope of the federal ELD compliance update in November under Rajiv Mehta (Head of Compliance) remain unconfirmed. We need to review the ELD code and compliance specifications to ensure planned updates to the driver mobile app do not cause conflicts or compliance risks.


=== RESPONSE ===
{
  "issues": [
    {
      "severity": "critical",
      "location": "Understanding (Business Context & Technical Context)",
      "description": "The proposal fabricates highly specific details not found in the Client Matrix, including '$85M (2025 revenue)', 'Columbus, OH', '200 employees', '40 dispatchers', '600 contracted drivers', and '7-year-old custom Ruby on Rails 5 application maintained internally by 2 engineers'. Stating unverified information as fact is a critical failure.",
      "suggested_fix": "Remove all hallucinated demographic, financial, and technical specifics. Only include details explicitly provided in the Client Matrix."
    },
    {
      "severity": "high",
      "location": "Understanding / Approach",
      "description": "The proposal omits a high-confidence risk from the Client Matrix: previous internal attempts to fix the workflow issues have failed twice. This is a meaningful gap that needs to be addressed to show the client we understand their history.",
      "suggested_fix": "Acknowledge the two previous failed internal attempts in the Understanding section and briefly note in the Approach how the proposed methodology will avoid a similar outcome."
    },
    {
      "severity": "medium",
      "location": "Understanding (Strategic Context)",
      "description": "The proposal mentions the ELD compliance deadline but fails to include the high-confidence business impact of missing it: potential fines or loss of operating authority.",
      "suggested_fix": "Update the Strategic Context to explicitly mention that failure to meet ELD compliance could result in fines or loss of operating authority."
    }
  ],
  "risks": [
    "The inclusion of fabricated company and technical details severely undermines the firm's credibility and would be highly embarrassing if presented to the client.",
    "While the proposal correctly flags the Q3 vs Q4 pilot timeline as an open question, structuring the entire Phase & Timeline section around a 'Targeted Q3 Pilot' might alienate the CTO before alignment is reached."
  ],
  "recommendation": "revise"
}
