=== PROMPT ===
=== HUMAN FEEDBACK ===
fix these issues

=== PROPOSAL DRAFT ===
# Executive Summary

Northwind Logistics has experienced impressive growth, expanding 40% in 2024 through acquisition. However, incomplete technology integration and legacy systems have created significant operational bottlenecks. Manual double-entry between the custom Ruby on Rails dispatch tool and Salesforce has caused dispatch workflows to stall and driven a three-week delay in billing—trapping $1.4M in working capital and overburdening dispatchers. Additionally, upcoming federal Electronic Logging Device (ELD) compliance mandates require prompt technical alignment.

To resolve these challenges, we propose a fixed-fee, outcome-based engagement designed to deliver immediate operational relief and measurable financial returns. Drawing on our direct experience executing a similar transformation for peer brokerage **Cascade Freight**, our solution will automate data flows between Salesforce, dispatch, and NetSuite accounting, eliminate manual entry, and establish a clean integration layer.

### Key Expected Outcomes
* **$1.4M Working Capital Unlocked:** Accelerate invoicing to achieve the 5-day industry DSO standard.
* **$320k Annual Cost Avoidance:** Streamline dispatcher workflows to reduce handling time per load by 30%, absorbing business growth without adding headcount.
* **Architecture Flexibility:** Ensure 60%–70% of technical assets developed remain fully reusable regardless of future platform decisions.
* **Fixed-Fee Governance:** Deliver complete budget predictability with milestone payments tied directly to verifiable business outcomes.

---

# Understanding

### Current Operational & Technical Challenges
* **Billing Delays & Working Capital Friction:** Discrepancies between Salesforce and the custom Rails dispatch tool leave finance 3 weeks behind on invoicing, trapping $1.4M in unbilled receivables.
* **Dispatcher Workflow Bottlenecks:** 40 dispatchers execute repetitive manual entries across disconnected tools, severely constraining load capacity.
* **Driver Mobile Experience & Compliance:** Drivers report friction with the legacy mobile application, while upcoming November federal ELD compliance requirements create pressing operational risk.
* **Acquisition Debt:** Rapid growth via two recent acquisitions has left backend systems and workflows partially integrated.

### Core Objectives
1. **Financial Velocity:** Return invoicing to a 5-day DSO benchmark by automating data flows between Salesforce, dispatching, and NetSuite accounting.
2. **Dispatcher Efficiency:** Reduce handling time per load by 30%, freeing capacity and saving $320k in fully-loaded annual compensation costs.
3. **Future-Proof Engineering:** Construct clean integration APIs and workflow abstractions over existing systems to protect software investments and allow modular system updates.

---

# Approach

Our approach emphasizes rapid time-to-value, risk reduction, and architectural decoupling. Building on our experience with Cascade Freight, we will introduce a modular integration layer that directly addresses operational bottlenecks without disrupting live freight operations.

```
+-------------------+       +-------------------------------+       +--------------------+
|   Salesforce CRM  | <---> |   Workflow & Integration Layer | <---> |  NetSuite Billing  |
+-------------------+       +---------------+---------------+       +--------------------+
                                            |
                                            v
                               +--------------------------+
                               | Legacy Rails Dispatch App |
                               +--------------------------+
```

### 1. Integration & Workflow Abstraction Layer
* **Automated Sync:** Build secure, real-time API integrations connecting Salesforce, the Rails dispatch tool, and NetSuite to eliminate double-entry and prevent billing discrepancies.
* **Dispatcher Operations:** Streamline load creation, assignment, and status tracking into a single workflow.

### 2. Architecture Decoupling & Risk Mitigation
* **60–70% Code Reusability:** Design workflow logic in an abstraction layer external to core dispatch logic. This ensures that the investments made during this engagement remain intact even if core dispatch infrastructure evolves later.
* **Data Verification:** Execute schema and access pattern reviews during initial setup to validate data integrity across all endpoints.

### 3. Accountable Governance
* **Fixed-Fee Milestones:** Structured milestone deliverables guarantee transparency and address past vendor performance concerns, providing CFO-level visibility into progress and quality.

---

# Phases & Timeline

The proposed timeline spans a 16-week delivery roadmap structured to yield rapid functionality and risk-managed execution:

```
Weeks 01 - 04: Phase 1 — Discovery, Architecture & Schema Validation
Weeks 05 - 10: Phase 2 — Integration Layer & Automated Invoicing Build
Weeks 11 - 14: Phase 3 — Pilot Rollout & Workflow Optimization
Weeks 15 - 16: Phase 4 — Final Production Deployment & Handoff
```

### Phase 1: Discovery, Architecture & Schema Validation (Weeks 1–4)
* Conduct schema review and access analysis for the Rails dispatch tool and Salesforce.
* Finalize API mapping specifications for automated NetSuite billing integration.
* Establish baseline metrics for DSO and dispatcher load handling times.

### Phase 2: Integration Layer & Automated Invoicing Build (Weeks 5–10)
* Develop the workflow abstraction layer and automated bidirectional data sync between Salesforce and dispatch.
* Construct automated invoicing data validation pipelines to eliminate billing discrepancies.
* Conduct end-to-end integration testing with finance and dispatch leads.

### Phase 3: Pilot Rollout & Workflow Optimization (Weeks 11–14)
* Deploy the streamlined workflow to a designated pilot group of dispatchers.
* Measure and refine dispatch handling times toward the target 30% reduction goal.
* Validate automated invoicing flows to ensure DSO reduction toward the 5-day target.

### Phase 4: Final Production Deployment & Handoff (Weeks 15–16)
* Roll out integrations across all 40 dispatchers.
* Deliver technical documentation and operational runbooks to internal engineering teams.
* Complete project sign-off and transition to operational maintenance.

---

# Pricing Approach

Based on benchmark data from similar logistics and freight brokerage engagements involving a specialized team of 4–5 engineering and integration experts, typical scopes range between **$150,000 and $250,000**.

We propose a fixed-fee engagement model totaling **$225,000**, structured around concrete deliverable milestones to eliminate financial risk and ensure complete budget alignment.

### Proposed Fixed-Fee Structure

| Milestone | Deliverable / Outcome | Payment |
| :--- | :--- | :--- |
| **Milestone 1: Discovery & Integration Blueprint** | System schema review completed, integration architecture finalized, and data sync specs approved. | **$50,000** |
| **Milestone 2: Integration & Invoicing Engine** | Abstraction layer built, bidirectional Salesforce/dispatch sync live in staging, NetSuite billing automation verified. | **$100,000** |
| **Milestone 3: Pilot Deployment & Validation** | Pilot rollout completed, verification of dispatch efficiency metrics and 5-day DSO target enablement. | **$75,000** |
| **Total Fixed Fee** | | **$225,000** |

* **Model Benefits:** 100% fixed fee with zero time-and-materials uncertainty. Fees are tied directly to sign-off on concrete business deliverables.

---

# Open Questions

To ensure total alignment across leadership, the following items require formal clarification prior to project initiation:

1. **Phase 1 Budget Limit Alignment:** Internal discussions reflect differing budget expectations, ranging from a strict $300,000 cap enforced by CFO Rita Donovan to a $250,000–$400,000 range noted by VP of Operations Sarah Chen. *Area needing clarification:* Confirmation that our proposed fixed-fee total of $225,000 satisfies all internal governance constraints.
2. **Platform Strategy Direction:** Stakeholders hold differing views on platform direction—VP of Operations Sarah Chen favors resolving workflow pain points on top of the current dispatch tool, whereas CTO Marcus Patel advocates evaluating a full $600,000/year SaaS replacement. *Area needing clarification:* Formal alignment on using our proposed abstraction layer design to solve immediate operational pain while preserving 60–70% reusability if a platform replacement is pursued in the future.
3. **Pilot Target Release Schedule:** Target timeline expectations differ between executive stakeholders, with Sarah Chen and Rita Donovan targeting an end-of-Q3 production pilot, while Marcus Patel estimates a Q4 timeline as more realistic. *Area needing clarification:* Agreement on a finalized pilot deployment date within the 16-week delivery roadmap.
4. **Driver App Scope & Federal ELD Compliance Mandate:** The upcoming November 15 federal ELD compliance mandate impacts driver mobile workflows. *Area needing clarification:* Decoupling strategy and timing for mobile driver app updates relative to the ELD compliance work stream to guarantee uninterrupted operating authority.

=== CLIENT MATRIX ===
{
  "business": {
    "pain_points": [
      {
        "statement": "Invoicing data discrepancies between Salesforce and the dispatch system leave finance three weeks behind on billing, trapping cash flow.",
        "confidence": "high",
        "source_excerpt": "finance is 3 weeks behind on invoicing because the data never lines up.",
        "contradiction_note": null
      },
      {
        "statement": "Leadership is divided on the Phase 1 budget limit.",
        "confidence": "contradicted",
        "source_excerpt": "Rita, the budget I approved is $300,000. That's the cap. / Rita, that's not what we discussed. We discussed a six-month Phase 1 in the $250 to $400 range...",
        "contradiction_note": "CFO Rita enforces a strict $300,000 budget cap, whereas VP of Operations Sarah understood Phase 1 to be budgeted between $250,000 and $400,000."
      }
    ],
    "desired_state": [
      {
        "statement": "Secure a fixed-fee agreement with clear milestone payments tied to concrete business outcomes rather than time-and-materials.",
        "confidence": "high",
        "source_excerpt": "I'll give you a fixed-fee proposal with milestone payments tied to specific outcomes... I want a number in the proposal. Not a range. A number.",
        "contradiction_note": null
      }
    ],
    "success_criteria": [
      {
        "statement": "Return invoicing DSO to the 5-day industry standard, unlocking $1.4M in trapped working capital.",
        "confidence": "high",
        "source_excerpt": "a return to five-day DSO from where we are now frees up about $1.4M in working capital that's currently stuck in unbilled receivables.",
        "contradiction_note": null
      },
      {
        "statement": "Avoid $320k in annual dispatcher headcount costs by increasing operational efficiency.",
        "confidence": "high",
        "source_excerpt": "a 30% reduction in dispatch time means we don't need to hire four additional dispatchers next year, which is about $320k in fully-loaded comp.",
        "contradiction_note": null
      }
    ],
    "risks_unknowns": [
      {
        "statement": "The CFO is skeptical of consulting engagements after a negative experience with a previous vendor in 2023.",
        "confidence": "high",
        "source_excerpt": "Skeptical of consulting engagements; got burned by a previous vendor in 2023.",
        "contradiction_note": null
      }
    ]
  },
  "technical": {
    "pain_points": [
      {
        "statement": "The legacy custom Rails dispatch app accumulates severe technical debt, making feature additions slow and fragile.",
        "confidence": "high",
        "source_excerpt": "We can't ship features anymore because the codebase is too fragile. Every change takes three times as long as it should.",
        "contradiction_note": null
      },
      {
        "statement": "Dispatchers must execute manual double-entry between the custom Rails dispatch tool and Salesforce.",
        "confidence": "high",
        "source_excerpt": "Too much manual entry between our custom dispatch tool and Salesforce",
        "contradiction_note": null
      }
    ],
    "desired_state": [
      {
        "statement": "Build workflow logic as an abstraction layer over Routemaster with clean APIs to Salesforce and mobile clients.",
        "confidence": "medium",
        "source_excerpt": "workflow logic in a layer on top of Routemaster, talking to Salesforce and the driver app through clean integration points",
        "contradiction_note": null
      },
      {
        "statement": "Stakeholders disagree on whether to fix existing platform workflows or replace Routemaster entirely.",
        "confidence": "contradicted",
        "source_excerpt": "Sarah thinks this is a workflow problem. I think this is a platform problem.",
        "contradiction_note": "CTO Marcus advocates replacing Routemaster with a $600k/yr SaaS platform, whereas VP Ops Sarah wants to resolve workflow pain points on the current platform."
      }
    ],
    "success_criteria": [
      {
        "statement": "Ensure 60% to 70% of the Phase 1 technical development remains reusable if Routemaster is replaced in the future.",
        "confidence": "medium",
        "source_excerpt": "I'd estimate 60-70% of the Phase 1 work survives a platform change.",
        "contradiction_note": null
      }
    ],
    "risks_unknowns": [
      {
        "statement": "Full technical viability and architecture reuse depend on reviewing Routemaster's schema and access patterns.",
        "confidence": "medium",
        "source_excerpt": "Read access to Routemaster — at least the schema and a representative slice of the data.",
        "contradiction_note": null
      }
    ]
  },
  "operational": {
    "pain_points": [
      {
        "statement": "Dispatchers spend excessive time on manual tasks across disconnected software tools.",
        "confidence": "high",
        "source_excerpt": "Our dispatcher workflow is killing us. Too much manual entry between our custom dispatch tool and Salesforce",
        "contradiction_note": null
      },
      {
        "statement": "Contracted drivers express strong dissatisfaction with the legacy mobile application.",
        "confidence": "high",
        "source_excerpt": "drivers hate the mobile app",
        "contradiction_note": null
      }
    ],
    "desired_state": [
      {
        "statement": "Streamline dispatcher workflows to eliminate double-entry and operational bottlenecks.",
        "confidence": "high",
        "source_excerpt": "the workflow fixes are needed regardless because the dispatchers can't keep working this way.",
        "contradiction_note": null
      }
    ],
    "success_criteria": [
      {
        "statement": "Achieve a 30% reduction in dispatch handling time per load.",
        "confidence": "high",
        "source_excerpt": "Sarah and I talked about a 30% reduction in dispatch time per load",
        "contradiction_note": null
      }
    ],
    "risks_unknowns": [
      {
        "statement": "Two previous internal projects attempting to solve dispatcher workflow issues failed.",
        "confidence": "high",
        "source_excerpt": "We've tried internal projects to fix this exact thing twice and they both failed.",
        "contradiction_note": null
      },
      {
        "statement": "Deferring mobile driver app updates may cause operational friction with required ELD work streams.",
        "confidence": "medium",
        "source_excerpt": "The ELD work is in the driver app, which Alex just said he's deferring.",
        "contradiction_note": null
      }
    ]
  },
  "strategic": {
    "pain_points": [
      {
        "statement": "Recent acquisition growth has left systems and operational processes incompletely integrated.",
        "confidence": "high",
        "source_excerpt": "Northwind grew 40% in 2024 by acquiring two smaller brokerages. Tech integration from those acquisitions is incomplete.",
        "contradiction_note": null
      }
    ],
    "desired_state": [
      {
        "statement": "Replicate operational success and modernization standards achieved by peer brokerages like Cascade Freight.",
        "confidence": "high",
        "source_excerpt": "Sarah has asked us specifically because we did similar work for a peer brokerage (Cascade Freight) in 2024.",
        "contradiction_note": null
      }
    ],
    "success_criteria": [
      {
        "statement": "Stakeholders disagree on the required target release deadline for the production pilot.",
        "confidence": "contradicted",
        "source_excerpt": "Q3 was your commitment, not mine. I never agreed to Q3. I think Q4 is more realistic if we're doing it right.",
        "contradiction_note": "CFO Rita and VP Ops Sarah require a production pilot by end of Q3 to retain project funding, whereas CTO Marcus asserts Q4 is the only realistic timeline."
      }
    ],
    "risks_unknowns": [
      {
        "statement": "Upcoming November 15 federal ELD compliance mandates pose legal risks to operating authority if uncoordinated.",
        "confidence": "high",
        "source_excerpt": "The ELD compliance deadline in November is real... Fines, possibly losing our operating authority in some states.",
        "contradiction_note": null
      }
    ]
  }
}

Translate the human feedback into actionable directives.

=== RESPONSE ===
{"directives":["Explicitly refer to the custom dispatch tool by its name, 'Routemaster', across all sections to align with client terminology.","Directly address CFO Rita Donovan's skepticism stemming from a burnt 2023 vendor experience by highlighting fixed-fee milestone governance and concrete sign-off gates.","Explicitly address the two prior failed internal workflow attempts at Northwind, explaining how this solution avoids those failure modes.","Align the 16-week timeline explicitly with the end-of-Q3 pilot mandate demanded by leadership while providing risk mitigation for CTO Marcus Patel's Q4 concerns.","Define a clear integration and decoupling strategy for the driver mobile app to ensure the November 15 federal ELD compliance mandate is fully met without disrupting operations."]}
