=== PROMPT ===
Please critique the following proposal.

CLIENT MATRIX: 
{
  "business": {
    "pain_points": [
      {
        "statement": "Finance is significantly delayed on invoicing due to data misalignment.",
        "confidence": "high",
        "source_excerpt": "finance is 3 weeks behind on invoicing because the data never lines up.",
        "contradiction_note": null
      },
      {
        "statement": "A large amount of working capital is tied up in unbilled receivables.",
        "confidence": "high",
        "source_excerpt": "frees up about $1.4M in working capital that's currently stuck in unbilled receivables.",
        "contradiction_note": null
      }
    ],
    "desired_state": [
      {
        "statement": "The CFO wants a fixed-fee engagement with milestone-based payments.",
        "confidence": "high",
        "source_excerpt": "fixed-fee proposal with milestone payments tied to specific outcomes",
        "contradiction_note": null
      }
    ],
    "success_criteria": [
      {
        "statement": "Return to a five-day DSO to free up working capital.",
        "confidence": "high",
        "source_excerpt": "return to five-day DSO from where we are now frees up about $1.4M",
        "contradiction_note": null
      }
    ],
    "risks_unknowns": [
      {
        "statement": "There is disagreement on the approved budget for the Phase 1 engagement.",
        "confidence": "contradicted",
        "source_excerpt": "the budget I approved is $300,000.",
        "contradiction_note": "Rita insists the cap is $300k, while Sarah claims they discussed a range of $250k to $400k."
      },
      {
        "statement": "The CFO is highly skeptical of consulting engagements due to past negative experiences.",
        "confidence": "high",
        "source_excerpt": "got burned by a previous vendor in 2023.",
        "contradiction_note": null
      }
    ]
  },
  "technical": {
    "pain_points": [
      {
        "statement": "The custom dispatch tool is old, fragile, and slows down feature delivery.",
        "confidence": "high",
        "source_excerpt": "We can't ship features anymore because the codebase is too fragile.",
        "contradiction_note": null
      },
      {
        "statement": "Tech integration from recent acquisitions is still incomplete.",
        "confidence": "medium",
        "source_excerpt": "Tech integration from those acquisitions is incomplete.",
        "contradiction_note": null
      }
    ],
    "desired_state": [
      {
        "statement": "The CTO wants to replace the custom dispatch tool with a SaaS platform.",
        "confidence": "contradicted",
        "source_excerpt": "replace Routemaster with a SaaS platform",
        "contradiction_note": "Marcus wants a full SaaS platform replacement, while Sarah wants incremental workflow fixes on the existing tool."
      }
    ],
    "success_criteria": [
      {
        "statement": "The architecture should ensure that most workflow logic survives a future platform change.",
        "confidence": "medium",
        "source_excerpt": "60-70% of the Phase 1 work survives a platform change.",
        "contradiction_note": null
      }
    ],
    "risks_unknowns": [
      {
        "statement": "Previous internal attempts to fix the workflow issues have failed.",
        "confidence": "high",
        "source_excerpt": "We've tried internal projects to fix this exact thing twice and they both failed.",
        "contradiction_note": null
      },
      {
        "statement": "Changes to the driver app might conflict with upcoming ELD compliance work.",
        "confidence": "high",
        "source_excerpt": "If we're going to touch the driver app, the ELD work has to be coordinated.",
        "contradiction_note": null
      }
    ]
  },
  "operational": {
    "pain_points": [
      {
        "statement": "Dispatchers suffer from excessive manual double-entry between systems.",
        "confidence": "high",
        "source_excerpt": "Too much manual entry between our custom dispatch tool and Salesforce",
        "contradiction_note": null
      },
      {
        "statement": "Drivers are highly dissatisfied with the current mobile app.",
        "confidence": "high",
        "source_excerpt": "drivers hate the mobile app",
        "contradiction_note": null
      }
    ],
    "desired_state": [
      {
        "statement": "Operations wants to fix dispatcher double-entry and invoicing incrementally.",
        "confidence": "high",
        "source_excerpt": "fix three specific operational pain points — dispatcher double-entry, the driver app, and invoicing",
        "contradiction_note": null
      }
    ],
    "success_criteria": [
      {
        "statement": "Reduce dispatch time per load by 30% to avoid hiring additional dispatchers.",
        "confidence": "high",
        "source_excerpt": "30% reduction in dispatch time means we don't need to hire four additional dispatchers",
        "contradiction_note": null
      }
    ],
    "risks_unknowns": [
      {
        "statement": "The timeline for the pilot is disputed among stakeholders.",
        "confidence": "contradicted",
        "source_excerpt": "Pilot in production by end of Q3 (Sept 30).",
        "contradiction_note": "Sarah and Rita mandate a Q3 pilot for budget reasons, but Marcus believes Q4 is more realistic and refuses to commit to Q3."
      }
    ]
  },
  "strategic": {
    "pain_points": [
      {
        "statement": "Leadership is fundamentally misaligned on whether the core issue is a workflow problem or a platform problem.",
        "confidence": "high",
        "source_excerpt": "Sarah thinks this is a workflow problem. I think this is a platform problem.",
        "contradiction_note": null
      }
    ],
    "desired_state": [
      {
        "statement": "The company needs to ensure compliance with the upcoming federal ELD mandate.",
        "confidence": "high",
        "source_excerpt": "whatever we build needs to not get in the way of the compliance work.",
        "contradiction_note": null
      }
    ],
    "success_criteria": [
      {
        "statement": "Deliver a credible plan to hit the Q3 pilot within the authorized budget.",
        "confidence": "high",
        "source_excerpt": "hit the Q3 pilot inside the budget you've authorized.",
        "contradiction_note": null
      }
    ],
    "risks_unknowns": [
      {
        "statement": "Missing the ELD compliance deadline could result in fines or loss of operating authority.",
        "confidence": "medium",
        "source_excerpt": "Fines, possibly losing our operating authority in some states.",
        "contradiction_note": null
      }
    ]
  }
}

PROPOSAL DRAFT: 
# Proposal: Dispatch Workflow & Financial Systems Optimization

## Executive Summary

Northwind Logistics faces critical operational friction across its core execution systems. Manual data re-entry between the custom dispatch tool and Salesforce creates operational bottlenecks, driver dissatisfaction with the mobile app, and a three-week delay in invoicing. This invoicing lag currently locks up approximately **$1.4M in working capital** in unbilled receivables.

To resolve these challenges, this engagement will streamline dispatcher workflows, address driver app usability, and align dispatch data with the invoicing system. By delivering targeted integration and workflow improvements, the project aims to:
* **Reduce dispatch time per load by 30%**, preventing the need for additional dispatcher headcount.
* **Restore Days Sales Outstanding (DSO) to 5 days**, unlocking $1.4M in trapped working capital.
* **Establish a resilient integration layer** where 60–70% of workflow logic survives future platform transitions.
* **Coordinate development with federal ELD compliance updates** to safeguard operating authority and avoid regulatory penalties.

Our proposed approach is structured as a fixed-fee engagement with outcome-based milestone payments, delivering clear operational improvements while maintaining strict fiscal discipline.

---

## Understanding

### Business & Financial Impact
Invoicing delays of up to three weeks directly impair liquidity. Unaligned data between operational tools and accounting systems prevents prompt billing, leaving $1.4M stuck in unbilled receivables. Reaching a 5-day DSO target is a primary financial outcome. Additionally, leadership requires a fixed-fee structure with outcome-aligned milestones to ensure financial predictability and mitigate vendor risk.

### Operational Challenges
Dispatchers are burdened by manual double-entry between the custom dispatch tool and Salesforce, leading to inefficiency and potential data discrepancies. Simultaneously, drivers experience significant frustration with the mobile app, contributing to field operational friction. Reducing dispatch handling time per load by 30% is essential to absorbing current load volumes without expanding headcount.

### Technical Landscape & Architecture
The current custom dispatch tool is fragile, which hinders rapid feature delivery. Furthermore, technical integration from prior brokerage acquisitions remains incomplete. To protect Northwind Logistics' technology investments, the architecture built during Phase 1 must ensure that 60–70% of workflow logic remains functional even if underlying core platforms are migrated in the future.

### Strategic & Regulatory Context
Northwind Logistics must maintain compliance with upcoming federal ELD mandates. Any updates to driver mobile workflows must be carefully aligned with ELD software changes to avoid regulatory non-compliance, potential fines, or disruptions to operating authority. Past internal attempts to remediate these workflow challenges failed, underscoring the need for structured external execution.

---

## Approach

Our proposed strategy focuses on targeted, modular improvements that relieve immediate operational pain while building long-term platform stability.

```
+-----------------------------------------------------------------------+
|                         OPERATIONAL WORKFLOW                          |
|   Salesforce CRM <---> Custom Dispatch Tool <---> Invoicing System    |
+-----------------------------------------------------------------------+
                                    |
                                    v
+-----------------------------------------------------------------------+
|                    MODULAR INTEGRATION LAYER                          |
|  - Automated Data Sync      - Invoicing Data Normalization           |
|  - Driver App API Bridge    - ELD Compliance Coordination             |
+-----------------------------------------------------------------------+
```

1. **Dispatcher Workflow Automation:** Build direct, bidirectional synchronization between Salesforce and the custom dispatch tool to eliminate manual re-entry and reduce load dispatch time by 30%.
2. **Invoicing & Receivables Streamlining:** Automate data validation between dispatch records and the invoicing system to eliminate the 3-week billing backlog and achieve a 5-day DSO.
3. **Driver Mobile App Optimization:** Refine driver app workflows to resolve core operational pain points and increase driver satisfaction, ensuring modifications align directly with upcoming ELD regulatory updates.
4. **Decoupled Architecture:** Design integration pipelines as an abstraction layer so that 60–70% of the developed business logic remains usable regardless of future core platform decisions.

---

## Phases & Timeline

```
+-----------------------------------------------------------------------------------+
| PHASE 1: Discovery & Architecture Alignment                                       |
| - Process mapping, interface specs, ELD integration planning                      |
+-----------------------------------------------------------------------------------+
                                         |
                                         v
+-----------------------------------------------------------------------------------+
| PHASE 2: Integration & Core Workflow Optimization                                 |
| - Salesforce <-> Dispatch sync, driver app updates, invoicing pipeline             |
+-----------------------------------------------------------------------------------+
                                         |
                                         v
+-----------------------------------------------------------------------------------+
| PHASE 3: Pilot Deployment & Outcome Validation                                    |
| - Operational testing, dispatch time measurement, DSO tracking                    |
+-----------------------------------------------------------------------------------+
```

### Phase 1: Discovery & Architecture Alignment
* Map end-to-end data flows across Salesforce, the custom dispatch tool, driver mobile app, and invoicing system.
* Coordinate technical specifications with the compliance lead to ensure complete alignment with upcoming federal ELD requirements.
* Define fixed data schemas for load generation, dispatch status, and invoice triggers.

### Phase 2: Integration & Core Workflow Optimization
* Implement automated data synchronization between Salesforce and the custom dispatch tool.
* Re-architect driver app endpoints to improve app responsiveness and usability.
* Develop invoice data validation routines to ensure dispatch data matches invoicing system requirements.

### Phase 3: Pilot Deployment & Outcome Validation
* Roll out optimized workflows to a select pilot operational group.
* Validate the 30% reduction in dispatch handling time.
* Verify automated invoice generation to ensure progress toward the 5-day DSO target.

---

## Pricing Approach

To strictly meet the CFO's requirement for financial predictability and risk mitigation, this engagement is offered as a **fixed-fee engagement**.

### Fixed Price
* **Total Fixed Fee:** $250,000

This pricing reflects benchmark data from similar logistics engagements (typically ranging from $150,000 to $250,000 for discovery and MVP builds) and strictly adheres to the $300,000 budget cap.

### Milestone Schedule

| Milestone | Deliverable / Trigger | Amount |
| :--- | :--- | :--- |
| **Milestone 1: Architecture & Integration Blueprint** | Completion of data mapping, ELD compliance alignment plan, and architectural sign-off. | $75,000 |
| **Milestone 2: Core Integration & App Refinement** | Functional synchronization between custom dispatch tool, Salesforce, and invoicing system; updated driver app build. | $100,000 |
| **Milestone 3: Pilot Launch & Validation** | Production pilot deployment, validation of dispatch time reduction, and verified reduction in unbilled receivables. | $75,000 |

---

## Open Questions

The following key areas require explicit leadership alignment before finalizing the engagement contract and project schedule:

1. **Budget Cap Alignment:**
   * *Issue:* Internal stakeholder expectations regarding budget differ (CFO Rita limits the budget cap strictly to $300,000, while operational leadership discussed a range up to $400,000).
   * *Clarification Needed:* Final executive confirmation that our proposed $250,000 fixed fee fulfills all operational requirements while staying strictly under the CFO's $300,000 cap.

2. **Core Platform Strategy (SaaS vs. Incremental Fixes):**
   * *Issue:* CTO Marcus advocates for replacing the custom dispatch tool with a full SaaS platform, whereas VP of Operations Sarah favors incremental workflow enhancements on the existing custom dispatch tool.
   * *Clarification Needed:* Confirmation that Phase 1 will focus on modular workflow and integration fixes, designed so that 60–70% of the logic will survive a future SaaS transition if pursued later.

3. **Pilot Launch Timeline:**
   * *Issue:* Operational and financial stakeholders mandate a Q3 pilot launch (Sept 30) for budget alignment, whereas technical leadership views Q4 as a more realistic timeline.
   * *Clarification Needed:* Executive consensus on pilot scope and key dates to ensure a firm, feasible target date that satisfies operational urgency without compromising technical stability.


=== RESPONSE ===
{
  "issues": [
    {
      "severity": "high",
      "location": "Pricing Approach > Fixed Price",
      "description": "The proposal hallucinates external benchmark data ('typically ranging from $150,000 to $250,000 for discovery and MVP builds') that is not present in the Client Matrix. Presenting fabricated data to a CFO who is already highly skeptical of consultants is a major credibility risk.",
      "suggested_fix": "Remove the reference to benchmark data. Justify the $250,000 fixed fee based solely on the proposed scope of work and its alignment with the client's stated budget constraints."
    },
    {
      "severity": "medium",
      "location": "Understanding > Business & Financial Impact",
      "description": "The proposal mentions the need to 'mitigate vendor risk' but fails to capture the specific context from the matrix: the CFO is highly skeptical because she got burned by a previous vendor in 2023.",
      "suggested_fix": "Explicitly acknowledge the CFO's past negative experience in 2023 to demonstrate a deep understanding of her skepticism and to strongly reinforce why the fixed-fee, milestone-based approach was chosen."
    },
    {
      "severity": "low",
      "location": "Executive Summary & Understanding > Operational Challenges",
      "description": "The proposal mentions preventing the need for 'additional dispatcher headcount' but misses the specific, quantifiable metric provided in the matrix (avoiding the hiring of exactly four dispatchers).",
      "suggested_fix": "Change 'additional dispatcher headcount' to 'four additional dispatchers' to make the operational ROI more concrete and accurate to the client's business case."
    },
    {
      "severity": "low",
      "location": "Throughout (e.g., Understanding > Technical Landscape)",
      "description": "The proposal refers generically to the 'custom dispatch tool' but misses the opportunity to use its actual internal name, 'Routemaster', which was provided in the matrix.",
      "suggested_fix": "Replace generic references to the 'custom dispatch tool' with 'Routemaster' to demonstrate closer attention to the client's specific technical environment."
    }
  ],
  "risks": [
    "Fabricating pricing benchmarks severely undermines trust, which is especially dangerous given the CFO's existing skepticism of consulting vendors.",
    "While the proposal successfully navigates the contradictions by placing them in the Open Questions section, proposing a definitive $250k price might prematurely anchor the budget conversation if the final agreed-upon scope (e.g., hitting the Q3 pilot) requires utilizing the full $300k approved cap."
  ],
  "recommendation": "revise"
}
