=== PROMPT ===
HUMAN FEEDBACK: 
fix thse as well

PROPOSAL DRAFT: 
# Executive Summary

Northwind Logistics has experienced impressive growth following recent acquisitions. However, operational infrastructure has not kept pace with business scaling. Core operational workflows currently suffer from manual friction between a custom legacy dispatch application ("Routemaster") and Salesforce, driver dissatisfaction with the legacy mobile application, and severe invoicing bottlenecks that delay working capital realization.

To resolve these immediate operational challenges while safeguarding future flexibility, we propose a modular, outcome-focused engagement. Our objective is to streamline dispatcher workflows, automate data synchronization into accounting systems, and establish a portable integration architecture. By addressing key friction points, Northwind can release approximately $1.4M in working capital tied up in unbilled receivables, avoid an estimated $320,000 in additional dispatcher hiring costs, and achieve a 30% reduction in dispatch processing time per load.

Our proposed approach focuses on delivering high-impact, incremental workflow improvements that complement internal technology initiatives—specifically respecting the critical, non-negotiable November ELD compliance workstream—while ensuring that the majority of solution logic remains portable to any future platform architecture.

---

# Understanding

### Business & Financial Impact
* **Invoicing Delays & Working Capital:** Delays in reconciling operational data between systems leave finance up to 3 weeks behind on invoicing. Approximately $1.4M in working capital is currently locked in unbilled receivables. Restoring billing efficiency to a 5-day Days Sales Outstanding (DSO) will directly release this capital.
* **Operational Scalability:** Manual data entry across disconnected systems creates a significant operational bottleneck. Optimizing workflow productivity can achieve a 30% reduction in dispatch time per load and avoid the near-term need to hire four additional dispatchers (representing ~$320k in annual cost avoidance).

### Technical & Systems Landscape
* **Dispatch System (Routemaster):** A custom dispatch application built ~7 years ago, currently maintained internally. Technical debt and codebase fragility limit rapid feature delivery and hinder operational efficiency.
* **CRM & Financial Systems:** Salesforce is utilized for CRM. Data exchange between Routemaster and Salesforce relies on heavy manual re-entry, creating data discrepancies that delay customer invoicing. Business intelligence currently depends on manual Excel exports.
* **Driver Mobile Experience:** Drivers utilize a custom mobile application that suffers from high driver dissatisfaction and usability friction.
* **M&A Tech Integration:** Technology integration from recent acquisitions remains incomplete, adding operational complexity across systems.
* **Regulatory Compliance:** A federal ELD compliance mandate deadline occurs in November; missing this deadline could result in fines or losing operating authority. All technical modifications, particularly those touching the custom driver mobile application, must seamlessly coordinate with and avoid disturbing this compliance workstream.
* **Internal Project History:** Previous internal attempts to fix these exact workflow issues have failed twice, highlighting the need for an external approach that decouples workflow logic from underlying codebase fragility.

### Core Success Criteria
* Achieve a **30% reduction in dispatch time per load**.
* Re-establish a **5-day DSO**, unlocking ~$1.4M in working capital.
* Ensure **60–70% of built workflow logic remains portable**, ensuring long-term value preservation regardless of future core platform decisions.
* Zero disruption to internal ELD compliance milestones.

---

# Approach

Our approach emphasizes targeted operational relief, system integration, and modular engineering to deliver immediate financial return while preserving future technical flexibility.

```
       +-------------------------------------------------------+
       |             Dispatcher & Driver Interfaces            |
       +---------------------------+---------------------------+
                                   |
                                   v
       +-------------------------------------------------------+
       |             Portable Workflow Logic Layer             |
       |      (Isolated Business Rules & Validation Engine)     |
       +---------------------------+---------------------------+
                                   |
            +----------------------+----------------------+
            |                                             |
            v                                             v
+-----------------------+                     +-----------------------+
|  Routemaster (Custom) | <--- Sync Engine -> |       Salesforce      |
+-----------------------+                     +-----------------------+
```

### 1. Workflow Optimization & Manual Data Elimination
We will analyze the core dispatcher journey to eliminate redundant data entry between Routemaster and Salesforce. By implementing automated data synchronization pipelines and streamlined UI workflows, dispatchers can process loads faster and eliminate the manual errors currently delaying financial invoicing.

### 2. Portable Integration Architecture & Risk Mitigation
To address the technical risks that caused previous internal attempts to fail twice, business rules and validation logic will be designed within a decoupled, portable orchestration layer built on top of Routemaster. This isolates workflow improvements from underlying codebase fragility and ensures that 60–70% of the workflow automation developed during this engagement can be directly migrated should Northwind transition platforms in the future.

### 3. Driver Experience & ELD Coordination
We will execute surgical enhancements to the custom driver mobile app to address key usability pain points and ensure accurate load updates. All mobile development will be closely synchronized with the Head of Compliance and compliance team to ensure absolute alignment with the November ELD compliance mandate and prevent any risk to operating authority.

### 4. Financial Pipeline Acceleration
By automating load completion validation and bridging data accurately between Routemaster and Salesforce (mapping specific accounting interfaces during discovery), we will remove the 3-week invoicing lag, enabling the finance team to accelerate billing cycles and normalize DSO.

---

# Phases & Timeline

The engagement is structured into distinct workstreams designed to balance rapid operational wins with thorough technical validation.

```
+-----------------------------------------------------------------------------------+
| Phase 1: Discovery & Integration Blueprint (Weeks 1 - 4)                         |
|   - Workflow mapping, API audit, validation logic isolation architecture          |
+-----------------------------------------------------------------------------------+
                                         |
                                         v
+-----------------------------------------------------------------------------------+
| Phase 2: Core Workflow Automation & Billing Integration Build (Weeks 5 - 12)    |
|   - Routemaster-Salesforce data sync, driver UX updates, ELD alignment            |
+-----------------------------------------------------------------------------------+
                                         |
                                         v
+-----------------------------------------------------------------------------------+
| Phase 3: Pilot Deployment & Outcome Validation (Weeks 13 - 16)                    |
|   - Controlled rollout, dispatch time benchmark verification, DSO monitoring     |
+-----------------------------------------------------------------------------------+
```

### Phase 1: Discovery & Integration Architecture Blueprint (Weeks 1–4)
* Conduct deep-dive workflow mapping with dispatchers to identify specific manual data entry touchpoints.
* Audit Routemaster, Salesforce, and associated financial data schemas.
* Define portable integration architecture and business rule validation specs.
* Coordinate touchpoints with the Head of Compliance to establish clear boundaries for ELD updates.
* **Deliverable:** Workflow Blueprint, Technical Architecture Specification, and Compliance Coordination Plan.

### Phase 2: Core Workflow & Integration Engineering (Weeks 5–12)
* Develop automated data synchronization between Routemaster and Salesforce.
* Implement optimized dispatcher load-entry UI components.
* Refactor targeted custom driver app components to improve user adoption and data capture.
* Conduct joint testing with internal engineering and Compliance teams.
* **Deliverable:** Functional Integration Engine, Beta Driver App Update, End-to-End Billing Data Pipeline.

### Phase 3: Pilot Rollout & Handover (Weeks 13–16)
* Launch pilot deployment with a representative cohort of dispatchers and contracted drivers.
* Benchmark operational metrics against target KPIs (30% dispatch time reduction, invoicing lag reduction).
* Complete technical documentation and knowledge transfer to internal engineers.
* **Deliverable:** Final Deployment Package, Operational KPI Validation Report, Engineering Knowledge Transfer Documentation.

---

# Pricing Approach

To ensure complete alignment with leadership expectations, we propose a **fixed-fee structure with milestone-based payments** tied directly to key project deliverables.

### Structure & Budget Alignment
In alignment with Northwind's preference for fixed-fee predictability over Time & Materials, we structure Phase 1 around clear delivery milestones. The engagement budget aligns directly with Northwind's target scope parameters ($250,000 – $400,000 target discussion range and $300,000 budget cap), structuring costs against specific verifiable operational outcomes.

### Proposed Milestone Structure

| Milestone | Key Objective / Deliverable | Payment (% Fee) |
| :--- | :--- | :--- |
| **Milestone 1: Architecture & Alignment** | Delivery of Workflow Blueprint, Integration Architecture, and ELD Compliance Synchronization Plan | 30% |
| **Milestone 2: Integration & Beta Delivery** | Completion of Routemaster-Salesforce sync engine and Beta driver workflow updates | 40% |
| **Milestone 3: Pilot Rollout & Handover** | Deployment of pilot, confirmation of operational metrics, and full handover to internal engineering | 30% |

This fixed-fee model provides budget predictability for finance while tying investment directly to verifiable operational outcomes, including unlocking $1.4M in unbilled receivables and achieving $320k in operational cost avoidance.

---

# Open Questions

To ensure total alignment across Northwind Logistics' leadership team before kickoff, the following open questions and stakeholder alignment items must be formally addressed:

1. **Phase 1 Budget Cap Alignment (Rita Donovan vs. Sarah Chen):**
   * *Context:* There is an internal conflict regarding the approved Phase 1 budget ceiling. Rita Donovan (CFO) insists on a strict $300,000 budget cap, whereas Sarah Chen (VP Operations) suggested a target range of $250,000 to $400,000 in conversation.
   * *Action Needed:* Formally clarify and agree upon the binding fixed-fee cap between Rita and Sarah prior to final contract execution.

2. **Long-Term Strategic Alignment & Scope (Marcus Patel vs. Sarah Chen & Rita Donovan):**
   * *Context:* Stakeholders hold conflicting views on technology strategy. Marcus Patel (CTO) wants to replace Routemaster entirely with a SaaS Transportation Management System (TMS) and views short-term workflow fixes as a "band-aid," whereas Sarah Chen and Rita Donovan prefer to focus on immediate, incremental workflow improvements on the existing system within a tight budget.
   * *Action Needed:* Align leadership on our proposed decoupled workflow architecture, which solves immediate operational pain points while ensuring that 60–70% of built workflow logic remains portable and reusable if Marcus's platform replacement proceeds in the future.

3. **Target Pilot Timeline Feasibility (Marcus Patel vs. Rita Donovan & Sarah Chen):**
   * *Context:* There is disagreement regarding the target deployment schedule for the pilot. Rita Donovan and Sarah Chen require a pilot in production by the end of Q3 (September 30) for operational and budget reasons, whereas Marcus Patel believes Q4 is a more realistic timeframe and noted he never agreed to a Q3 deadline.
   * *Action Needed:* Conduct a technical dependency review during Phase 1 discovery to establish a mutually agreed deployment schedule that balances immediate operational requirements with engineering feasibility.

4. **ELD Compliance Mandate Specifics & Technical Touchpoints:**
   * *Context:* Missing the November federal ELD compliance update carries significant regulatory risk (fines or loss of operating authority). However, the specific technical details of the ELD update are not yet fully known to our team, and any changes to the driver mobile app must not interfere with this compliance workstream.
   * *Action Needed:* Schedule a dedicated alignment session with the Head of Compliance to review regulatory requirements, establish integration boundaries, and coordinate driver mobile application touchpoints.

CLIENT MATRIX: 
{
  "business": {
    "pain_points": [
      {
        "statement": "Finance is significantly delayed on invoicing due to data discrepancies.",
        "confidence": "high",
        "source_excerpt": "finance is 3 weeks behind on invoicing because the data never lines up.",
        "contradiction_note": null
      },
      {
        "statement": "A large amount of working capital is tied up in unbilled receivables.",
        "confidence": "high",
        "source_excerpt": "$1.4M in working capital that's currently stuck in unbilled receivables.",
        "contradiction_note": null
      }
    ],
    "desired_state": [
      {
        "statement": "The CFO wants a fixed-fee engagement with milestone-based payments.",
        "confidence": "high",
        "source_excerpt": "fixed-fee proposal with milestone payments tied to specific outcomes",
        "contradiction_note": null
      }
    ],
    "success_criteria": [
      {
        "statement": "The project must free up working capital by returning to a five-day DSO.",
        "confidence": "high",
        "source_excerpt": "return to five-day DSO from where we are now frees up about $1.4M",
        "contradiction_note": null
      },
      {
        "statement": "The project should save costs by avoiding the need to hire additional dispatchers.",
        "confidence": "high",
        "source_excerpt": "we don't need to hire four additional dispatchers next year, which is about $320k",
        "contradiction_note": null
      }
    ],
    "risks_unknowns": [
      {
        "statement": "There is a disagreement on the approved budget cap for Phase 1.",
        "confidence": "contradicted",
        "source_excerpt": "the budget I approved is $300,000. That's the cap.",
        "contradiction_note": "Rita insists on a strict $300k cap, while Sarah claims they discussed a $250k to $400k range."
      },
      {
        "statement": "Missing the ELD compliance deadline could result in fines or losing operating authority.",
        "confidence": "high",
        "source_excerpt": "Fines, possibly losing our operating authority in some states.",
        "contradiction_note": null
      }
    ]
  },
  "technical": {
    "pain_points": [
      {
        "statement": "The custom dispatch tool is outdated and at the end of its useful life.",
        "confidence": "high",
        "source_excerpt": "Routemaster is seven years old... and it's at the end of its useful life.",
        "contradiction_note": null
      },
      {
        "statement": "Technical debt makes the codebase fragile and slows down feature development.",
        "confidence": "high",
        "source_excerpt": "We can't ship features anymore because the codebase is too fragile.",
        "contradiction_note": null
      },
      {
        "statement": "Drivers are highly dissatisfied with the current mobile application.",
        "confidence": "high",
        "source_excerpt": "drivers hate the mobile app",
        "contradiction_note": null
      }
    ],
    "desired_state": [
      {
        "statement": "There is disagreement on whether to replace the dispatch platform or fix existing workflows.",
        "confidence": "contradicted",
        "source_excerpt": "Sarah thinks this is a workflow problem. I think this is a platform problem.",
        "contradiction_note": "Marcus wants to replace Routemaster with a SaaS platform, while Sarah wants to incrementally fix workflows on the existing system."
      },
      {
        "statement": "The architecture should be designed so that workflow logic is portable to a future platform.",
        "confidence": "medium",
        "source_excerpt": "workflow logic in a layer on top of Routemaster... most of the workflow logic is portable.",
        "contradiction_note": null
      }
    ],
    "success_criteria": [
      {
        "statement": "A majority of the Phase 1 work must survive a future platform change.",
        "confidence": "medium",
        "source_excerpt": "I'd estimate 60-70% of the Phase 1 work survives a platform change.",
        "contradiction_note": null
      }
    ],
    "risks_unknowns": [
      {
        "statement": "Previous internal attempts to fix the workflow issues have failed.",
        "confidence": "high",
        "source_excerpt": "We've tried internal projects to fix this exact thing twice and they both failed.",
        "contradiction_note": null
      },
      {
        "statement": "Any changes to the driver app must coordinate with the separate ELD compliance work.",
        "confidence": "high",
        "source_excerpt": "If we're going to touch the driver app, the ELD work has to be coordinated.",
        "contradiction_note": null
      }
    ]
  },
  "operational": {
    "pain_points": [
      {
        "statement": "Dispatchers suffer from excessive manual data entry between systems.",
        "confidence": "high",
        "source_excerpt": "Too much manual entry between our custom dispatch tool and Salesforce",
        "contradiction_note": null
      }
    ],
    "desired_state": [
      {
        "statement": "The operations team wants to incrementally fix specific workflow pain points.",
        "confidence": "high",
        "source_excerpt": "fix three specific operational pain points... incrementally",
        "contradiction_note": null
      }
    ],
    "success_criteria": [
      {
        "statement": "The project must achieve a 30% reduction in dispatch time per load.",
        "confidence": "high",
        "source_excerpt": "a 30% reduction in dispatch time per load",
        "contradiction_note": null
      }
    ],
    "risks_unknowns": [
      {
        "statement": "There is disagreement on the feasibility of the Q3 pilot deadline.",
        "confidence": "contradicted",
        "source_excerpt": "Q3 was your commitment, not mine. I never agreed to Q3.",
        "contradiction_note": "Rita and Sarah require a Q3 pilot for budget reasons, but Marcus believes Q4 is more realistic and never agreed to Q3."
      }
    ]
  },
  "strategic": {
    "pain_points": [
      {
        "statement": "Technology integration from recent acquisitions remains incomplete.",
        "confidence": "medium",
        "source_excerpt": "Tech integration from those acquisitions is incomplete.",
        "contradiction_note": null
      }
    ],
    "desired_state": [
      {
        "statement": "The company must meet the upcoming federal ELD mandate update.",
        "confidence": "high",
        "source_excerpt": "The ELD compliance deadline in November is real.",
        "contradiction_note": null
      }
    ],
    "success_criteria": [
      {
        "statement": "The consulting engagement must not interfere with the ELD compliance workstream.",
        "confidence": "high",
        "source_excerpt": "whatever we build needs to not get in the way of the compliance work.",
        "contradiction_note": null
      }
    ],
    "risks_unknowns": [
      {
        "statement": "The exact details of the ELD compliance mandate are currently unclear to the consulting team.",
        "confidence": "medium",
        "source_excerpt": "details unclear, will be discussed on the call",
        "contradiction_note": null
      },
      {
        "statement": "There is fundamental disagreement on whether to invest in a short-term fix or a long-term platform replacement.",
        "confidence": "contradicted",
        "source_excerpt": "We're scoping a band-aid because we set a budget that only buys a band-aid.",
        "contradiction_note": "Marcus believes they are wasting money on a short-term fix for a dying platform, while Sarah and Rita are focused on immediate operational relief within a strict budget."
      }
    ]
  }
}

Translate the human feedback into actionable directives.

=== RESPONSE ===
{
  "directives": [
    "Remove all stakeholder names and references to internal client conflicts (e.g., 'Rita Donovan vs. Sarah Chen', 'Marcus Patel vs...') from the Open Questions section, as exposing internal disagreements is unprofessional in a client-facing proposal.",
    "Update the 'Pricing Approach' section to reflect a strict $300,000 fixed-fee budget cap, removing the $250,000–$400,000 target range to comply with the CFO's confirmed limit, and delete the budget alignment item from Open Questions.",
    "Delete the 'Long-Term Strategic Alignment & Scope' item from Open Questions entirely, as the proposal already addresses this compromise via the 'Portable Integration Architecture' (60-70% portability) approach.",
    "Reframe the 'Target Pilot Timeline Feasibility' open question to neutrally state that Phase 1 discovery will evaluate technical dependencies to finalize a Q3 versus Q4 pilot deployment schedule, removing any mention of internal disputes.",
    "Reframe the 'ELD Compliance Mandate Specifics' open question to focus purely on the planned alignment session with the Head of Compliance, removing the admission that the consulting team does not currently know the technical details."
  ]
}
