=== PROMPT ===
HUMAN FEEDBACK: 
fix these mentioned critical issues

AI CRITIQUE PROVIDED TO HUMAN: 
{
  "issues": [
    {
      "severity": "high",
      "location": "Understanding",
      "description": "The section contains multiple hallucinated details not present in the Client Matrix. It invents names for the CFO ('Rita Donovan') and another stakeholder ('Rajiv Mehta'). It also fabricates specific technology stacks ('React Native', 'Rails 5', 'NetSuite') and organizational details ('lack of a centralized data warehouse, relying instead on Excel exports'). Presenting made-up facts will severely damage the firm's credibility.",
      "suggested_fix": "Remove all fabricated names, technologies, and organizational details. Refer only to 'the CFO', 'the custom dispatch tool', 'the driver mobile app', and the specific systems mentioned in the matrix (Salesforce)."
    },
    {
      "severity": "high",
      "location": "Phases & Timeline",
      "description": "Phase 1A and Phase 1B reference hallucinated systems ('NetSuite' and 'Rails dispatch app') that were not provided in the Client Matrix.",
      "suggested_fix": "Replace 'NetSuite' with 'accounting system' and 'Rails dispatch app' with 'custom dispatch tool' to accurately reflect the known information."
    },
    {
      "severity": "high",
      "location": "Open Questions",
      "description": "The bullet point regarding 'TMS Evaluation Status' introduces a completely hallucinated scenario about Northwind evaluating new Transportation Management Systems. This is not mentioned anywhere in the Client Matrix.",
      "suggested_fix": "Delete the 'TMS Evaluation Status' bullet point entirely."
    },
    {
      "severity": "medium",
      "location": "Executive Summary / Approach",
      "description": "The proposal does not account for the high-confidence risk that this is a highly competitive engagement with two other firms. While it shouldn't explicitly state 'we know you are talking to competitors', the proposal misses an opportunity to aggressively frame the firm's unique differentiators (like the Cascade Freight experience) as risk-mitigation against choosing another vendor.",
      "suggested_fix": "Strengthen the language around the Cascade Freight experience in the Executive Summary and Approach sections to explicitly highlight how this specific peer-brokerage experience makes your firm the lowest-risk, fastest-to-value choice compared to other vendors."
    }
  ],
  "risks": [
    "The pervasive use of hallucinated facts (names, tech stacks, ongoing evaluations) poses a massive risk to the firm's credibility if presented to the client.",
    "While the contradiction between the VP of Ops and the CTO regarding the technical approach (incremental vs. rebuild) is correctly identified in Open Questions, committing to a strict 6-month fixed-fee timeline before resolving this architectural dispute creates significant delivery and financial risk."
  ],
  "recommendation": "revise"
}

PROPOSAL DRAFT: 
# Executive Summary

Northwind Logistics has experienced impressive growth, expanding revenue by 40% over the past year through strategic acquisitions. However, this rapid scaling has outpaced the current technological infrastructure, creating severe operational bottlenecks. Disconnected systems between dispatch, sales, and finance have resulted in inefficient dispatcher workflows and left finance three weeks behind on invoicing, trapping critical cash flow. 

Northwind requires a targeted, six-month Phase 1 engagement to streamline these workflows, with a strict mandate to deliver a production pilot by the end of Q3 (September 30). Drawing on our direct experience solving similar challenges for peer brokerages like Cascade Freight, we propose a strategic intervention focused on immediate value creation. By resolving data discrepancies and optimizing the driver-dispatcher feedback loop, our goal is to reduce Days Sales Outstanding (DSO) to the industry standard of five days and cut average dispatch time from twelve to eight minutes per load. Ultimately, this engagement is designed to pay for itself by avoiding the need for future operational headcount.

# Understanding

Based on our initial conversations with Sarah Chen and our analysis of your current operating environment, we understand Northwind Logistics is facing intersecting challenges across business, operational, and technical domains:

*   **The Invoicing "Bleeding Wound":** Finance is currently three weeks behind on invoicing due to persistent data discrepancies between Salesforce, the custom dispatch tool, and NetSuite. A full-time resource is drowning in manual reconciliation, creating a significant cash flow problem.
*   **Dispatcher & Driver Friction:** Dispatchers are spending two to three hours daily on the phone with drivers. This is largely driven by limitations in the current React Native driver app (last updated in 2023), which lacks essential capabilities such as photo uploads, issue flagging, and direct messaging. 
*   **System Fragmentation:** Dispatchers are forced to manually enter data across three disconnected systems. The core dispatch tool is a seven-year-old custom Rails 5 application maintained by two engineers. Furthermore, technological integration from Northwind's two 2024 acquisitions remains incomplete, and the organization currently lacks a centralized data warehouse, relying instead on Excel exports for BI.
*   **High-Stakes Timelines:** CFO Rita Donovan has approved a six-month Phase 1 engagement with a hard deadline for a Q3 pilot. Missing this September 30 deadline risks funding being reallocated. Additionally, an upcoming federal ELD compliance mandate in November looms over operations, requiring careful navigation to ensure no new compliance burdens are placed on Rajiv Mehta's team.

# Approach

Our approach is highly pragmatic, prioritizing rapid time-to-value to build trust, secure cash flow, and satisfy the CFO's stringent requirements. 

1.  **Prioritize Revenue Realization First:** We will target the invoicing reconciliation process as our immediate priority. By mapping and automating the data flow between Salesforce, the Rails dispatch app, and NetSuite, we will eliminate the manual detective work, clear the three-week backlog, and drive DSO down to the five-day industry standard.
2.  **Optimize the Dispatcher-Driver Loop:** Once the financial data flow is stabilized, we will focus on the dispatcher workflow and driver app enhancements. By introducing photo uploads and messaging to the mobile app, we will reduce the manual data entry burden and cut the hours dispatchers spend on the phone.
3.  **Do No Harm to Compliance:** All technical interventions will be designed with the November federal ELD mandate in mind, ensuring our solutions integrate smoothly without generating additional compliance overhead.
4.  **Leverage Industry Expertise:** We will apply proven patterns and lessons learned from our work with Cascade Freight to accelerate discovery and avoid common pitfalls in freight brokerage system integrations.

# Phases & Timeline

To meet the September 30 production pilot deadline, we propose a focused six-month Phase 1 engagement structured as follows:

*   **Phase 1A: Discovery & Architecture Alignment (Weeks 1-4)**
    *   Map the exact data discrepancies causing invoicing delays between Salesforce, Dispatch, and NetSuite.
    *   Audit the driver mobile app and dispatcher workflows.
    *   Finalize the technical architecture for the Phase 1 interventions.
*   **Phase 1B: Invoicing Resolution (Weeks 5-12)**
    *   Develop and deploy automated data reconciliation between the CRM, Dispatch, and Accounting systems.
    *   Transition finance from manual reconciliation to exception-handling.
*   **Phase 1C: Workflow & Mobile Enhancements (Weeks 13-20)**
    *   Implement critical driver app features (photo upload, issue flagging, messaging).
    *   Streamline dispatcher UI to reduce load processing time from twelve to eight minutes.
*   **Phase 1D: Q3 Pilot Deployment & Handoff (Weeks 21-24)**
    *   User Acceptance Testing (UAT) with a select group of dispatchers and drivers.
    *   Production go-live prior to September 30.
    *   Measurement of initial ROI (DSO reduction, dispatch time savings) to justify future phases.

# Pricing Approach

We understand that Northwind Logistics has a strong preference for a fixed-fee structure with milestone-based payments, rather than a Time & Materials (T&M) arrangement. 

We fully support this model. We propose a fixed-fee engagement where payments are tied directly to the successful delivery of tangible milestones (e.g., Discovery Sign-off, Invoicing Fix Go-Live, Q3 Pilot Deployment). This structure aligns our incentives with your critical deadlines, provides the financial predictability required by your CFO, and ensures we must prove out our value in Phase 1 to earn the right to partner with you on future phases. 

# Open Questions

To finalize the scope and cost of this proposal, we must collaboratively address the following unknowns:

*   **Technical Strategy Alignment:** We have noted a contradiction in the desired technical approach. While VP of Operations Sarah Chen has emphasized an incremental approach to meet the strict six-month timeline, we understand CTO Marcus Patel has been advocating for a full rebuild of the legacy dispatch tool. We must facilitate an alignment conversation between operations and engineering to determine the exact architectural path for Phase 1.
*   **ELD Mandate Specifics:** What are the precise technical requirements of the November federal ELD mandate update, and how might they overlap with the planned updates to the driver mobile app?
*   **TMS Evaluation Status:** Northwind is currently evaluating new Transportation Management Systems. What is the timeline for this selection, and how should our Phase 1 data architecture account for the eventual introduction of a new TMS?
*   **Acquisition Tech Debt:** What specific systems or processes from the two acquired brokerages remain unintegrated, and do they impact the invoicing data flow we are targeting in Phase 1?
*   **Budget Ceiling:** While a six-month engagement has been approved, we need to confirm the exact fixed-fee budget ceiling allocated by the CFO to ensure our proposed milestone deliverables map perfectly to your financial constraints.

CLIENT MATRIX: 
{
  "business": {
    "pain_points": [
      {
        "statement": "Finance is three weeks behind on invoicing due to data discrepancies.",
        "confidence": "high",
        "source_excerpt": "finance is 3 weeks behind on invoicing because the data never lines up.",
        "contradiction_note": null
      },
      {
        "statement": "Delayed invoicing is causing a significant cash flow problem.",
        "confidence": "high",
        "source_excerpt": "Three weeks of revenue we should have invoiced is just sitting there.",
        "contradiction_note": null
      }
    ],
    "desired_state": [
      {
        "statement": "The client prefers a fixed-fee structure with milestone payments.",
        "confidence": "medium",
        "source_excerpt": "Strong preference for fixed-fee with milestone payments over T&M.",
        "contradiction_note": null
      },
      {
        "statement": "A pilot must be in production by the end of Q3.",
        "confidence": "high",
        "source_excerpt": "Pilot in production by end of Q3 (Sept 30).",
        "contradiction_note": null
      }
    ],
    "success_criteria": [
      {
        "statement": "Reduce days-sales-outstanding to the industry standard of five days.",
        "confidence": "high",
        "source_excerpt": "days-sales-outstanding, which should drop from where we are now back to industry standard",
        "contradiction_note": null
      },
      {
        "statement": "The project should pay for itself by avoiding future headcount hires.",
        "confidence": "medium",
        "source_excerpt": "pays for itself in headcount we don't have to hire next year.",
        "contradiction_note": null
      }
    ],
    "risks_unknowns": [
      {
        "statement": "The CFO is skeptical of vendors and will pull funding if Q3 deadlines are missed.",
        "confidence": "high",
        "source_excerpt": "Otherwise the funding gets pulled into other projects.",
        "contradiction_note": null
      },
      {
        "statement": "The engagement is competitive, with two other firms in consideration.",
        "confidence": "high",
        "source_excerpt": "This is a competitive engagement — they are also talking to two other firms.",
        "contradiction_note": null
      }
    ]
  },
  "technical": {
    "pain_points": [
      {
        "statement": "Dispatchers must manually enter data across three disconnected systems.",
        "confidence": "high",
        "source_excerpt": "Too much manual entry between our custom dispatch tool and Salesforce",
        "contradiction_note": null
      },
      {
        "statement": "The driver mobile app lacks essential features like photo uploads and messaging.",
        "confidence": "high",
        "source_excerpt": "They can't take photos, they can't flag issues, they can't message the dispatcher.",
        "contradiction_note": null
      }
    ],
    "desired_state": [
      {
        "statement": "The technical approach should focus on incremental change rather than a full system rebuild.",
        "confidence": "contradicted",
        "source_excerpt": "incremental change instead of a full rebuild.",
        "contradiction_note": "VP Ops Sarah Chen wants incremental change to meet the 6-month timeline, but CTO Marcus Patel has been pushing for a full rebuild of the dispatch tool."
      }
    ],
    "success_criteria": [
      {
        "statement": "The solution must avoid creating new compliance work for the ELD mandate.",
        "confidence": "medium",
        "source_excerpt": "avoid creating new compliance work for him",
        "contradiction_note": null
      }
    ],
    "risks_unknowns": [
      {
        "statement": "Technical integration from two recent acquisitions remains incomplete.",
        "confidence": "medium",
        "source_excerpt": "Tech integration from those acquisitions is incomplete.",
        "contradiction_note": null
      }
    ]
  },
  "operational": {
    "pain_points": [
      {
        "statement": "Dispatchers spend hours on the phone because the driver app is inadequate.",
        "confidence": "high",
        "source_excerpt": "spend two to three hours a day on the phone with drivers",
        "contradiction_note": null
      },
      {
        "statement": "Finance staff are overwhelmed doing manual detective work to reconcile invoices.",
        "confidence": "high",
        "source_excerpt": "They have one person doing it full-time and she's drowning.",
        "contradiction_note": null
      }
    ],
    "desired_state": [
      {
        "statement": "Fixing the invoicing reconciliation is the highest priority, followed by dispatcher workflow.",
        "confidence": "high",
        "source_excerpt": "invoicing is the bleeding wound. We need to fix that first.",
        "contradiction_note": null
      }
    ],
    "success_criteria": [
      {
        "statement": "Reduce average dispatch time per load from twelve minutes to eight minutes.",
        "confidence": "high",
        "source_excerpt": "average dispatcher takes about twelve minutes... get that to eight minutes",
        "contradiction_note": null
      }
    ],
    "risks_unknowns": [
      {
        "statement": "An upcoming federal ELD compliance mandate in November could impact operations.",
        "confidence": "medium",
        "source_excerpt": "ELD compliance deadline in November — federal mandate update.",
        "contradiction_note": null
      }
    ]
  },
  "strategic": {
    "pain_points": [],
    "desired_state": [
      {
        "statement": "Start with a smaller Phase 1 engagement to prove value and earn future phases.",
        "confidence": "medium",
        "source_excerpt": "I'd rather come in at the lower end and earn the next phase",
        "contradiction_note": null
      }
    ],
    "success_criteria": [
      {
        "statement": "Leverage the consulting firm's past experience with a peer brokerage to ensure success.",
        "confidence": "medium",
        "source_excerpt": "because we did similar work for a peer brokerage (Cascade Freight)",
        "contradiction_note": null
      }
    ],
    "risks_unknowns": [
      {
        "statement": "Rapid 40% growth via acquisitions has created organizational and technical debt.",
        "confidence": "medium",
        "source_excerpt": "Northwind grew 40% in 2024 by acquiring two smaller brokerages.",
        "contradiction_note": null
      }
    ]
  }
}

Translate the human feedback into actionable directives.

=== RESPONSE ===
{
  "directives": [
    "In the Understanding section, remove all fabricated names and technologies (e.g., 'Rita Donovan', 'Rajiv Mehta', 'React Native', 'Rails 5', 'NetSuite', and the lack of a centralized data warehouse/Excel reliance). Use only verified terms from the Client Matrix such as 'the CFO', 'the driver mobile app', 'custom dispatch tool', and 'accounting system'.",
    "In the Phases & Timeline section (specifically Phase 1A and 1B), replace all mentions of 'NetSuite' with 'accounting system' and 'Rails dispatch app' with 'custom dispatch tool'.",
    "In the Open Questions section, delete the 'TMS Evaluation Status' bullet point entirely, as it introduces a hallucinated scenario not present in the Client Matrix.",
    "In the Executive Summary and Approach sections, strengthen the language regarding the firm's past experience with Cascade Freight. Explicitly frame this peer-brokerage experience as making the firm the lowest-risk, fastest-to-value choice to subtly mitigate the known risk of two competing vendors.",
    "In the Pricing Approach section, explicitly state that the commitment to a strict six-month fixed-fee timeline is contingent upon first resolving the architectural dispute (incremental change vs. full rebuild) between the VP of Operations and the CTO, to mitigate delivery and financial risk."
  ]
}
