=== PROMPT ===
HUMAN FEEDBACK: 
fix the issues thar ai meantioned with the emntioned fixes

PROPOSAL DRAFT: 
# Executive Summary

Northwind Logistics has experienced impressive growth, expanding to $85M in annual revenue following recent acquisitions. However, operational infrastructure has not kept pace with business scaling. Core operational workflows currently suffer from manual friction between a custom legacy dispatch application ("Routemaster") and Salesforce, driver dissatisfaction with the legacy mobile application, and severe invoicing bottlenecks that delay working capital realization.

To resolve these immediate operational challenges while safeguarding future flexibility, we propose a modular, outcome-focused engagement. Our objective is to streamline dispatcher workflows, automate data synchronization into accounting, and establish portable integration architecture. By addressing key friction points, Northwind can release approximately $1.4M in working capital tied up in unbilled receivables, avoid an estimated $320,000 in additional dispatcher hiring costs, and achieve a 30% reduction in dispatch processing time per load.

Our proposed approach focuses on delivering high-impact, incremental workflow improvements that complement internal technology initiatives—specifically respecting the critical, non-negotiable November ELD compliance workstream—while ensuring that the majority of solution logic remains portable to any future platform architecture.

---

# Understanding

### Business & Financial Impact
* **Invoicing Delays & Working Capital:** Delays in reconciling operational data between systems leave finance up to 3 weeks behind on invoicing. Approximately $1.4M in working capital is currently locked in unbilled receivables. Restoring billing efficiency to a 5-day Days Sales Outstanding (DSO) will directly release this capital.
* **Operational Scalability:** With 40 dispatchers managing ~600 contracted drivers across ~200 total employees, manual data entry creates a significant operational bottleneck. Optimizing workflow productivity can achieve a 30% reduction in dispatch time per load and avoid the near-term need to hire four additional dispatchers (representing ~$320k in annual cost avoidance).

### Technical & Systems Landscape
* **Dispatch System (Routemaster):** A custom Rails 5 application built ~7 years ago, currently maintained by two internal engineers. Technical debt and codebase fragility limit rapid feature delivery.
* **CRM & Financial Systems:** Salesforce (Sales Cloud) is utilized for CRM, and NetSuite serves as the core accounting platform. Data exchange between Routemaster, Salesforce, and NetSuite relies on heavy manual re-entry. Business intelligence currently depends on manual Excel exports.
* **Driver Mobile Experience:** Drivers utilize a custom React Native application (last major update in 2023) that suffers from low driver satisfaction.
* **M&A Tech Integration:** Technology integration from the 2024 acquisitions of two smaller brokerages remains incomplete, adding operational complexity.
* **Regulatory Compliance:** A federal ELD compliance mandate deadline occurs in November. All technical modifications, particularly those touching the driver mobile application, must seamlessly coordinate with and avoid disturbing this compliance workstream.

### Core Success Criteria
* Achieve a **30% reduction in dispatch time per load**.
* Re-establish a **5-day DSO**, unlocking ~$1.4M in working capital.
* Ensure **60–70% of built workflow logic remains portable**, ensuring long-term value preservation regardless of future core platform decisions.
* Zero disruption to internal ELD compliance milestones.

---

# Approach

Our approach emphasizes targeted operational relief, system integration, and modular engineering to deliver immediate financial return while preserving future technical flexibility.

```
       +-------------------------------------------------------+
       |             Dispatcher & Driver Interfaces            |
       +---------------------------+---------------------------+
                                   |
                                   v
       +-------------------------------------------------------+
       |             Portable Workflow Logic Layer             |
       |      (Isolated Business Rules & Validation Engine)     |
       +---------------------------+---------------------------+
                                   |
            +----------------------+----------------------+
            |                                             |
            v                                             v
+-----------------------+                     +-----------------------+
|  Routemaster (Rails)  | <--- Sync Engine -> | Salesforce & NetSuite |
+-----------------------+                     +-----------------------+
```

### 1. Workflow Optimization & Manual Data Elimination
We will analyze the core dispatcher journey to eliminate redundant data entry between Routemaster and Salesforce. By implementing automated data synchronization pipelines and streamlined UI workflows, dispatchers can process loads faster and eliminate the manual errors currently delaying financial invoicing.

### 2. Portable Integration Architecture
To protect Northwind's investment, business rules and validation logic will be designed within a decoupled, portable orchestration layer. This ensures that 60–70% of the workflow automation developed during this engagement can be directly migrated should Northwind transition platforms in the future.

### 3. Driver Experience & ELD Coordination
We will execute surgical enhancements to the React Native driver mobile app to address key usability pain points and ensure accurate load updates. All mobile development will be closely synchronized with the Head of Compliance (Rajiv Mehta) to ensure absolute alignment with the November ELD compliance mandate.

### 4. Financial Pipeline Acceleration
By automating load completion validation and bridging data directly into NetSuite, we will remove the 3-week invoicing lag, enabling the finance team to accelerate billing cycles and normalize DSO.

---

# Phases & Timeline

The engagement is structured into distinct workstreams designed to balance rapid operational wins with thorough technical validation.

```
+-----------------------------------------------------------------------------------+
| Phase 1: Discovery & Integration Blueprint (Weeks 1 - 4)                         |
|   - Workflow mapping, API audit, validation logic isolation architecture          |
+-----------------------------------------------------------------------------------+
                                         |
                                         v
+-----------------------------------------------------------------------------------+
| Phase 2: Core Workflow Automation & Billing Integration Build (Weeks 5 - 12)    |
|   - Routemaster-Salesforce-NetSuite sync, driver UX updates, ELD alignment        |
+-----------------------------------------------------------------------------------+
                                         |
                                         v
+-----------------------------------------------------------------------------------+
| Phase 3: Pilot Deployment & Outcome Validation (Weeks 13 - 16)                    |
|   - Controlled rollout, dispatch time benchmark verification, DSO monitoring     |
+-----------------------------------------------------------------------------------+
```

### Phase 1: Discovery & Integration Architecture Blueprint (Weeks 1–4)
* Conduct deep-dive workflow mapping with 40 dispatchers to identify specific manual data entry touchpoints.
* Audit Routemaster (Rails 5) codebase, Salesforce, and NetSuite data schemas.
* Define portable integration architecture and business rule validation specs.
* Coordinate touchpoints with Compliance to establish clear boundaries for ELD updates.
* **Deliverable:** Workflow Blueprint, Technical Architecture Specification, and Compliance Coordination Plan.

### Phase 2: Core Workflow & Integration Engineering (Weeks 5–12)
* Develop automated data synchronization between Routemaster, Salesforce, and NetSuite.
* Implement optimized dispatcher load-entry UI components.
* Refactor targeted React Native driver app components to improve user adoption and data capture.
* Conduct joint testing with internal Rails engineers and Compliance.
* **Deliverable:** Functional Integration Engine, Beta Driver App Update, End-to-End Billing Data Pipeline.

### Phase 3: Pilot Rollout & Handover (Weeks 13–16)
* Launch pilot deployment with a representative cohort of dispatchers and contracted drivers.
* Benchmark operational metrics against target KPIs (30% dispatch time reduction, invoicing lag reduction).
* Complete technical documentation and knowledge transfer to internal engineers.
* **Deliverable:** Final Deployment Package, Operational KPI Validation Report, Engineering Knowledge Transfer Documentation.

---

# Pricing Approach

To ensure complete alignment with leadership expectations, we propose a **fixed-fee structure with milestone-based payments** tied directly to key project deliverables.

### Benchmark & Structure
Based on benchmark data from similar past engagements in freight brokerage and logistics (involving mid-market team structures and discovery-to-pilot delivery), comparable scope engagements typically map to a benchmark band of **$150,000 – $250,000**.

### Proposed Milestone Structure

| Milestone | Key Objective / Deliverable | Payment (% Fee) |
| :--- | :--- | :--- |
| **Milestone 1: Architecture & Alignment** | Delivery of Workflow Blueprint, Integration Architecture, and ELD Compliance Synchronization Plan | 30% |
| **Milestone 2: Integration & Beta Delivery** | Completion of Routemaster-Salesforce-NetSuite sync engine and Beta driver workflow updates | 40% |
| **Milestone 3: Pilot Rollout & Handover** | Deployment of pilot, confirmation of operational metrics, and full handover to internal engineering | 30% |

This fixed-fee model provides budget predictability for finance while tying investment directly to verifiable operational outcomes, including unlocking $1.4M in unbilled receivables and achieving $320k in operational cost avoidance.

---

# Open Questions

To ensure total alignment across Northwind Logistics' leadership team before kickoff, the following open questions and stakeholder alignment items must be formally addressed:

1. **Phase 1 Budget Cap Alignment:**
   * *Context:* Feedback reflects differing internal assumptions regarding the approved Phase 1 budget ceiling (a strict $300,000 cap versus a $250,000–$400,000 target range).
   * *Action Needed:* Confirm the binding fixed-fee budget threshold across the VP of Operations and CFO prior to final contract execution.

2. **Long-Term Platform Strategy (Fix vs. Replace):**
   * *Context:* Stakeholders hold varying views on whether Phase 1 should focus on incremental workflow enhancements over Routemaster or prepare for a broader legacy platform replacement/SaaS TMS selection.
   * *Action Needed:* Confirm leadership consensus on our proposed architecture—building a portable workflow/integration layer that solves immediate operational pain while ensuring 60–70% of built logic remains reusable if Routemaster is replaced in the future.

3. **Target Pilot Timeline & Production Readiness:**
   * *Context:* Target timeline expectations vary regarding pilot production readiness (end of Q3 versus Q4 execution window).
   * *Action Needed:* Review engineering dependencies during Phase 1 discovery to establish a mutually agreed deployment calendar that balances rapid operational relief with strict quality assurance.

4. **ELD Compliance Mandate Specifics:**
   * *Context:* Specific technical dependencies regarding the November federal ELD mandate update require formal review.
   * *Action Needed:* Schedule a dedicated technical alignment session with Rajiv Mehta (Head of Compliance) to review ELD requirements and map driver mobile app touchpoints.

CLIENT MATRIX: 
{
  "business": {
    "pain_points": [
      {
        "statement": "Finance is significantly delayed on invoicing due to data discrepancies.",
        "confidence": "high",
        "source_excerpt": "finance is 3 weeks behind on invoicing because the data never lines up.",
        "contradiction_note": null
      },
      {
        "statement": "A large amount of working capital is tied up in unbilled receivables.",
        "confidence": "high",
        "source_excerpt": "$1.4M in working capital that's currently stuck in unbilled receivables.",
        "contradiction_note": null
      }
    ],
    "desired_state": [
      {
        "statement": "The CFO wants a fixed-fee engagement with milestone-based payments.",
        "confidence": "high",
        "source_excerpt": "fixed-fee proposal with milestone payments tied to specific outcomes",
        "contradiction_note": null
      }
    ],
    "success_criteria": [
      {
        "statement": "The project must free up working capital by returning to a five-day DSO.",
        "confidence": "high",
        "source_excerpt": "return to five-day DSO from where we are now frees up about $1.4M",
        "contradiction_note": null
      },
      {
        "statement": "The project should save costs by avoiding the need to hire additional dispatchers.",
        "confidence": "high",
        "source_excerpt": "we don't need to hire four additional dispatchers next year, which is about $320k",
        "contradiction_note": null
      }
    ],
    "risks_unknowns": [
      {
        "statement": "There is a disagreement on the approved budget cap for Phase 1.",
        "confidence": "contradicted",
        "source_excerpt": "the budget I approved is $300,000. That's the cap.",
        "contradiction_note": "Rita insists on a strict $300k cap, while Sarah claims they discussed a $250k to $400k range."
      },
      {
        "statement": "Missing the ELD compliance deadline could result in fines or losing operating authority.",
        "confidence": "high",
        "source_excerpt": "Fines, possibly losing our operating authority in some states.",
        "contradiction_note": null
      }
    ]
  },
  "technical": {
    "pain_points": [
      {
        "statement": "The custom dispatch tool is outdated and at the end of its useful life.",
        "confidence": "high",
        "source_excerpt": "Routemaster is seven years old... and it's at the end of its useful life.",
        "contradiction_note": null
      },
      {
        "statement": "Technical debt makes the codebase fragile and slows down feature development.",
        "confidence": "high",
        "source_excerpt": "We can't ship features anymore because the codebase is too fragile.",
        "contradiction_note": null
      },
      {
        "statement": "Drivers are highly dissatisfied with the current mobile application.",
        "confidence": "high",
        "source_excerpt": "drivers hate the mobile app",
        "contradiction_note": null
      }
    ],
    "desired_state": [
      {
        "statement": "There is disagreement on whether to replace the dispatch platform or fix existing workflows.",
        "confidence": "contradicted",
        "source_excerpt": "Sarah thinks this is a workflow problem. I think this is a platform problem.",
        "contradiction_note": "Marcus wants to replace Routemaster with a SaaS platform, while Sarah wants to incrementally fix workflows on the existing system."
      },
      {
        "statement": "The architecture should be designed so that workflow logic is portable to a future platform.",
        "confidence": "medium",
        "source_excerpt": "workflow logic in a layer on top of Routemaster... most of the workflow logic is portable.",
        "contradiction_note": null
      }
    ],
    "success_criteria": [
      {
        "statement": "A majority of the Phase 1 work must survive a future platform change.",
        "confidence": "medium",
        "source_excerpt": "I'd estimate 60-70% of the Phase 1 work survives a platform change.",
        "contradiction_note": null
      }
    ],
    "risks_unknowns": [
      {
        "statement": "Previous internal attempts to fix the workflow issues have failed.",
        "confidence": "high",
        "source_excerpt": "We've tried internal projects to fix this exact thing twice and they both failed.",
        "contradiction_note": null
      },
      {
        "statement": "Any changes to the driver app must coordinate with the separate ELD compliance work.",
        "confidence": "high",
        "source_excerpt": "If we're going to touch the driver app, the ELD work has to be coordinated.",
        "contradiction_note": null
      }
    ]
  },
  "operational": {
    "pain_points": [
      {
        "statement": "Dispatchers suffer from excessive manual data entry between systems.",
        "confidence": "high",
        "source_excerpt": "Too much manual entry between our custom dispatch tool and Salesforce",
        "contradiction_note": null
      }
    ],
    "desired_state": [
      {
        "statement": "The operations team wants to incrementally fix specific workflow pain points.",
        "confidence": "high",
        "source_excerpt": "fix three specific operational pain points... incrementally",
        "contradiction_note": null
      }
    ],
    "success_criteria": [
      {
        "statement": "The project must achieve a 30% reduction in dispatch time per load.",
        "confidence": "high",
        "source_excerpt": "a 30% reduction in dispatch time per load",
        "contradiction_note": null
      }
    ],
    "risks_unknowns": [
      {
        "statement": "There is disagreement on the feasibility of the Q3 pilot deadline.",
        "confidence": "contradicted",
        "source_excerpt": "Q3 was your commitment, not mine. I never agreed to Q3.",
        "contradiction_note": "Rita and Sarah require a Q3 pilot for budget reasons, but Marcus believes Q4 is more realistic and never agreed to Q3."
      }
    ]
  },
  "strategic": {
    "pain_points": [
      {
        "statement": "Technology integration from recent acquisitions remains incomplete.",
        "confidence": "medium",
        "source_excerpt": "Tech integration from those acquisitions is incomplete.",
        "contradiction_note": null
      }
    ],
    "desired_state": [
      {
        "statement": "The company must meet the upcoming federal ELD mandate update.",
        "confidence": "high",
        "source_excerpt": "The ELD compliance deadline in November is real.",
        "contradiction_note": null
      }
    ],
    "success_criteria": [
      {
        "statement": "The consulting engagement must not interfere with the ELD compliance workstream.",
        "confidence": "high",
        "source_excerpt": "whatever we build needs to not get in the way of the compliance work.",
        "contradiction_note": null
      }
    ],
    "risks_unknowns": [
      {
        "statement": "The exact details of the ELD compliance mandate are currently unclear to the consulting team.",
        "confidence": "medium",
        "source_excerpt": "details unclear, will be discussed on the call",
        "contradiction_note": null
      },
      {
        "statement": "There is fundamental disagreement on whether to invest in a short-term fix or a long-term platform replacement.",
        "confidence": "contradicted",
        "source_excerpt": "We're scoping a band-aid because we set a budget that only buys a band-aid.",
        "contradiction_note": "Marcus believes they are wasting money on a short-term fix for a dying platform, while Sarah and Rita are focused on immediate operational relief within a strict budget."
      }
    ]
  }
}

Translate the human feedback into actionable directives.

=== RESPONSE ===
{
  "directives": [
    "Remove all hallucinated metrics, technologies, and names not present in the Client Matrix. Specifically, delete references to '$85M in annual revenue', '40 dispatchers', '~600 contracted drivers', '~200 total employees', 'Rails 5', 'two internal engineers', 'NetSuite', 'React Native', '2023', 'Rajiv Mehta', and '2024 acquisitions of two smaller brokerages'. Replace them with generic terms or remove the clauses entirely.",
    "Revise the 'Pricing Approach' section to remove the hallucinated '$150,000 – $250,000' benchmark. Instead, align the pricing narrative with the actual budget parameters discussed in the intake (the $250,000–$400,000 range and the $300,000 cap).",
    "Update the 'Open Questions' section to explicitly name the stakeholders involved in each conflict as defined in the Client Matrix: state that Rita insists on a $300k budget cap while Sarah suggests a $250k-$400k range; note that Marcus wants to replace the platform with a SaaS TMS while Sarah wants to incrementally fix workflows; and clarify that Rita and Sarah require a Q3 pilot while Marcus believes Q4 is more realistic."
  ]
}
