=== PROMPT ===
Please critique the following proposal.

CLIENT MATRIX: 
{
  "business": {
    "pain_points": [
      {
        "statement": "Finance is significantly delayed on invoicing due to data discrepancies.",
        "confidence": "high",
        "source_excerpt": "finance is 3 weeks behind on invoicing because the data never lines up.",
        "contradiction_note": null
      },
      {
        "statement": "A large amount of working capital is tied up in unbilled receivables.",
        "confidence": "high",
        "source_excerpt": "frees up about $1.4M in working capital that's currently stuck in unbilled receivables.",
        "contradiction_note": null
      }
    ],
    "desired_state": [
      {
        "statement": "The company wants to return to an industry-standard Days Sales Outstanding (DSO).",
        "confidence": "high",
        "source_excerpt": "return to five-day DSO from where we are now",
        "contradiction_note": null
      },
      {
        "statement": "The CFO requires a fixed-fee engagement structure with milestone-based payments.",
        "confidence": "high",
        "source_excerpt": "fixed-fee proposal with milestone payments tied to specific outcomes",
        "contradiction_note": null
      }
    ],
    "success_criteria": [
      {
        "statement": "The project must free up $1.4M in working capital.",
        "confidence": "high",
        "source_excerpt": "frees up about $1.4M in working capital",
        "contradiction_note": null
      },
      {
        "statement": "The project must save $320k by avoiding the need to hire additional dispatchers.",
        "confidence": "high",
        "source_excerpt": "we don't need to hire four additional dispatchers next year, which is about $320k",
        "contradiction_note": null
      }
    ],
    "risks_unknowns": [
      {
        "statement": "There is a disagreement regarding the maximum budget for the Phase 1 engagement.",
        "confidence": "contradicted",
        "source_excerpt": "budget I approved is $300,000. That's the cap.",
        "contradiction_note": "CFO Rita insists on a strict $300k cap, while VP Ops Sarah claims they discussed a $250k-$400k range."
      },
      {
        "statement": "Failure to meet ELD compliance could result in fines or loss of operating authority.",
        "confidence": "high",
        "source_excerpt": "Fines, possibly losing our operating authority in some states.",
        "contradiction_note": null
      }
    ]
  },
  "technical": {
    "pain_points": [
      {
        "statement": "The legacy dispatch system has severe technical debt making it fragile.",
        "confidence": "high",
        "source_excerpt": "We can't ship features anymore because the codebase is too fragile.",
        "contradiction_note": null
      },
      {
        "statement": "Development velocity is severely hindered by the current architecture.",
        "confidence": "high",
        "source_excerpt": "Every change takes three times as long as it should.",
        "contradiction_note": null
      }
    ],
    "desired_state": [
      {
        "statement": "Stakeholders disagree on whether to replace the legacy dispatch system or patch its workflows.",
        "confidence": "contradicted",
        "source_excerpt": "replace Routemaster with a SaaS platform",
        "contradiction_note": "CTO Marcus wants a full SaaS replacement, while VP Ops Sarah wants incremental workflow fixes on the existing platform."
      },
      {
        "statement": "Workflow logic should be built to survive a potential future platform replacement.",
        "confidence": "medium",
        "source_excerpt": "60-70% of the Phase 1 work survives a platform change.",
        "contradiction_note": null
      }
    ],
    "success_criteria": [
      {
        "statement": "The CTO must review and sign off on the proposed architecture.",
        "confidence": "high",
        "source_excerpt": "I want to be in the room when you walk through the architecture.",
        "contradiction_note": null
      }
    ],
    "risks_unknowns": [
      {
        "statement": "Previous internal attempts to fix the workflow issues have failed.",
        "confidence": "high",
        "source_excerpt": "We've tried internal projects to fix this exact thing twice and they both failed.",
        "contradiction_note": null
      },
      {
        "statement": "Changes to the driver app may conflict with ongoing ELD compliance work.",
        "confidence": "high",
        "source_excerpt": "If we're going to touch the driver app, the ELD work has to be coordinated.",
        "contradiction_note": null
      }
    ]
  },
  "operational": {
    "pain_points": [
      {
        "statement": "Dispatchers suffer from excessive manual double-entry between systems.",
        "confidence": "high",
        "source_excerpt": "Too much manual entry between our custom dispatch tool and Salesforce",
        "contradiction_note": null
      },
      {
        "statement": "The current mobile application is highly disliked by the drivers.",
        "confidence": "high",
        "source_excerpt": "drivers hate the mobile app",
        "contradiction_note": null
      }
    ],
    "desired_state": [
      {
        "statement": "Operations wants to significantly reduce the time it takes to dispatch a load.",
        "confidence": "high",
        "source_excerpt": "30% reduction in dispatch time per load",
        "contradiction_note": null
      }
    ],
    "success_criteria": [
      {
        "statement": "A pilot must be in production by the end of Q3 to secure funding.",
        "confidence": "high",
        "source_excerpt": "If we don't have something in production by end of September, the funding gets reallocated.",
        "contradiction_note": null
      }
    ],
    "risks_unknowns": [
      {
        "statement": "There is a conflict regarding the feasibility of the Q3 pilot deadline.",
        "confidence": "contradicted",
        "source_excerpt": "I think Q4 is more realistic if we're doing it right.",
        "contradiction_note": "VP Ops and CFO mandate a Q3 pilot for budget reasons, but the CTO believes Q4 is the realistic timeline."
      }
    ]
  },
  "strategic": {
    "pain_points": [
      {
        "statement": "Technical integration from recent company acquisitions remains incomplete.",
        "confidence": "medium",
        "source_excerpt": "Tech integration from those acquisitions is incomplete.",
        "contradiction_note": null
      }
    ],
    "desired_state": [
      {
        "statement": "Any new development must not interfere with upcoming federal compliance mandates.",
        "confidence": "high",
        "source_excerpt": "whatever we build needs to not get in the way of the compliance work.",
        "contradiction_note": null
      }
    ],
    "success_criteria": [
      {
        "statement": "The company must meet the federal ELD compliance deadline in November.",
        "confidence": "high",
        "source_excerpt": "The ELD compliance deadline in November is real.",
        "contradiction_note": null
      }
    ],
    "risks_unknowns": [
      {
        "statement": "The exact scope and technical requirements of the ELD compliance work are currently unknown to the consultant.",
        "confidence": "high",
        "source_excerpt": "I need to learn more about the ELD work before I can speak to that.",
        "contradiction_note": null
      }
    ]
  }
}

PROPOSAL DRAFT: 
# Operational & Integration Modernization Proposal

**Prepared for:** Northwind Logistics  
**Attention:** Sarah Chen (VP Operations), Marcus Patel (CTO), Rita Donovan (CFO)  
**Location:** Columbus, OH  

---

## Executive Summary

Northwind Logistics has achieved rapid expansion, growing 40% in 2024 through acquisition to reach ~$85M in annual revenue. However, operational infrastructure has reached a critical inflection point. Manual data re-entry across a legacy Rails dispatch application and Salesforce has created significant administrative friction, delaying invoicing by three weeks and locking up approximately $1.4M in working capital. Additionally, driver dissatisfaction with the mobile application and upcoming federal ELD compliance mandates in November require immediate, coordinated action.

Drawing on our direct experience resolving similar operational bottlenecks for peer brokerages such as Cascade Freight, we propose a focused 6-month Phase 1 engagement. This initiative will automate key dispatch-to-invoicing data flows, optimize the driver mobile experience, and establish a clean data baseline between Salesforce, dispatch, and NetSuite. 

Key targeted outcomes include:
* **Liberating ~$1.4M in working capital** by resolving data discrepancies and transitioning back toward a 5-day Days Sales Outstanding (DSO) standard.
* **Achieving a 30% reduction in load dispatch time**, eliminating the need to hire four additional dispatchers and saving ~$320k annually.
* **Mitigating compliance risk** by coordinating all mobile and dispatch software updates with November federal ELD mandates.

To address financial risk, this engagement is structured under a predictable, fixed-fee model tied strictly to outcome-based milestones.

---

## Understanding

### Business & Financial Impact
Northwind's 40% revenue growth in 2024 via two brokerage acquisitions brought increased volume without fully integrated supporting systems. Currently, finance is operating 3 weeks behind on invoicing because load and billing data do not align across systems. This operational lag leaves ~$1.4M in working capital trapped in unbilled receivables. Restoring billing synchronization is critical to bringing Northwind back to an industry-standard 5-day DSO.

### Operational Challenges
Northwind’s 40 dispatchers manage ~600 contracted drivers using disjointed toolsets. Dispatchers perform excessive manual double-entry between the custom dispatch tool and Salesforce. Simultaneously, drivers experience significant friction with the custom React Native mobile app (last updated in 2023). Streamlining these workflows offers an opportunity to reduce dispatch duration per load by 30% and eliminate the immediate requirement to hire four additional dispatchers (a $320k annual cost).

### Technical Environment
* **Dispatch Tool:** Internally developed Rails 5 application ("Routemaster"), maintained by two internal engineers. The system carries technical debt that impedes feature delivery velocity.
* **CRM:** Salesforce (Sales Cloud), acting as the primary customer record.
* **Accounting:** NetSuite, currently lagging behind operational activity due to manual data validation steps.
* **Mobile:** Custom React Native driver app requiring updates.
* **Data & Analytics:** No central data warehouse; business intelligence relies on manual Excel exports from Salesforce.
* **TMS:** Currently evaluating external TMS platforms.

### Strategic & Regulatory Context
Federal ELD compliance mandates take effect in November. Any technical intervention in the dispatch system or mobile application must ensure seamless alignment with these regulatory requirements to avoid fines or disruptions to operating authority. Furthermore, executive leadership requires a fixed-fee milestone structure that safeguards capital and guarantees clear deliverables.

---

## Approach

Our technical approach centers on targeted, non-disruptive integration layers and workflow optimization that yield immediate operational relief while protecting long-term architectural flexibility.

```
+-------------------+       +-----------------------+       +-------------------+
|   Salesforce CRM  | <---> |   Integration Layer   | <---> | NetSuite Financials|
|   (Sales Cloud)   |       | (Data Sync & Validation)|     |   (Invoicing)     |
+-------------------+       +-----------------------+       +-------------------+
                                        ^
                                        |
                            +-----------------------+
                            | Custom Rails Dispatch |
                            |   & Mobile Driver App |
                            +-----------------------+
```

1. **Decoupled Workflow & Integration Data Layer:** We will implement structured, automated data sync pipelines between Salesforce, the custom Rails dispatch application, and NetSuite. By automating load validation and invoice triggering, we eliminate manual re-entry and clear the 3-week invoicing backlog.
2. **Platform-Agnostic Design:** Recognizing that Northwind is evaluating future TMS options, workflow logic will be architected so that 60–70% of the underlying business logic and integration pipelines remain fully reusable regardless of future platform transitions.
3. **Driver Mobile App Optimization:** Targeted enhancements to the React Native driver app will reduce dispatcher-driver communication friction while ensuring total compatibility with federal ELD tracking workflows.
4. **Architectural Governance:** All structural data models and integration pipelines will undergo formal architectural review and sign-off with CTO Marcus Patel prior to deployment.

---

## Phases & Timeline

The proposed 6-month Phase 1 engagement is structured into four sequential phases:

```
Month 1           Month 2 - 3            Month 4 - 5           Month 6
+---------------+ +--------------------+ +-------------------+ +-------------------+
| Phase 1A:     | | Phase 1B:          | | Phase 1C:         | | Phase 1D:         |
| Discovery &   | | Core Integration & | | Pilot Deployment  | | Optimization &    |
| Architecture  | | Mobile Development | | & Validation      | | ELD Handover      |
+---------------+ +--------------------+ +-------------------+ +-------------------+
```

### Phase 1A: Discovery & Architecture Alignment (Month 1)
* Map complete data flows across Salesforce, Rails dispatch tool, and NetSuite.
* Conduct joint technical review sessions with CTO Marcus Patel for architectural sign-off.
* Engaged session with Head of Compliance Rajiv Mehta to map federal ELD integration requirements.

### Phase 1B: Core Integration & Mobile Workflow Build (Months 2–3)
* Develop automated data synchronization pipelines connecting order entry, dispatch, and billing.
* Implement targeted UI/UX and stability fixes to the React Native driver app.
* Establish automated error handling and validation logic between dispatch and NetSuite.

### Phase 1C: Pilot Deployment & Operational Validation (Months 4–5)
* Deploy automated dispatch-to-invoicing workflows to a select dispatcher cohort.
* Measure dispatch time per load against the 30% reduction benchmark.
* Track unbilled receivables reduction toward liberating $1.4M in working capital.

### Phase 1D: Optimization, ELD Compliance Hand-off & Rollout (Month 6)
* Finalize full operational roll-out across all 40 dispatchers and driver fleet.
* Final sync and validation ahead of the November federal ELD compliance mandate.
* Deliver complete technical documentation and hand off maintenance procedures to internal engineering.

---

## Pricing Approach

To ensure absolute budget predictability for CFO Rita Donovan and mitigate risk, this engagement will be delivered as a **fixed-fee engagement with milestone-based payments**.

Based on comparative historical data from similar logistics engagements involving a 4-person consulting team (covering discovery, architecture, integration engineering, and mobile workflow MVP), typical price bands range between **$150,000 and $250,000**.

### Milestone Payment Schedule

| Milestone | Deliverable / Outcome | Fee Structure |
| :--- | :--- | :--- |
| **Milestone 1: Architecture Sign-off** | Validated integration blueprint, data mapping, and CTO architecture approval | 25% |
| **Milestone 2: Integration & Mobile MVP** | Automated pipeline build (Salesforce <-> Dispatch <-> NetSuite) & Driver App build | 35% |
| **Milestone 3: Pilot Launch & Validation** | Operational pilot live in production; validation of dispatch time reduction | 25% |
| **Milestone 4: Full Deployment & Hand-off**| Complete rollout across dispatch team, operational sign-off, and compliance hand-off | 15% |

---

## Open Questions

To maintain complete transparency, the following items reflect points of ongoing internal discussion or incomplete technical data. These will be formally clarified during Phase 1A Discovery.

1. **Phase 1 Budget Cap Alignment**
   * *Issue:* Executive alignment is needed regarding the financial ceiling. CFO Rita Donovan has indicated a strict $300,000 budget cap, whereas initial operational conversations suggested a potential $250,000–$400,000 range.
   * *Resolution:* Our proposed fixed-fee milestone model (benchmarked at $150,000–$250,000 based on team size) fits within the $300,000 cap, but final scope boundaries will be confirmed prior to contract execution.

2. **Long-Term Dispatch Platform Strategy (SaaS Replacement vs. Platform Remediation)**
   * *Issue:* CTO Marcus Patel favors replacing the legacy Rails 5 dispatch application with a commercial SaaS TMS platform, while VP Operations Sarah Chen favors incremental workflow remediation on the existing platform.
   * *Resolution:* Discovery will focus on building integration logic at the middleware/CRM layer so that 60–70% of the developed workflows survive intact regardless of whether Northwind retains Routemaster or migrates to a SaaS TMS.

3. **Pilot Launch Schedule & Production Readiness**
   * *Issue:* Operational leadership has requested a production pilot by the end of Q3 (September 30) to preserve funding allocation, while technical leadership has indicated Q4 may be a more realistic target for safe deployment.
   * *Resolution:* During Week 2 of Phase 1A, we will define a strictly prioritized "Minimal Viable Pilot" scope specifically engineered to go live by September 30 without creating technical risk.

4. **ELD Compliance Integration Requirements**
   * *Issue:* The precise technical scope and data touchpoints required for the November federal ELD compliance update have not yet been evaluated by our technical team.
   * *Resolution:* We will hold dedicated sessions with Head of Compliance Rajiv Mehta during Phase 1A to audit ELD software touchpoints and guarantee zero interference with regulatory deadlines.


=== RESPONSE ===
{
  "issues": [
    {
      "severity": "critical",
      "location": "Executive Summary & Understanding (Business & Financial Impact, Operational Challenges)",
      "description": "The proposal hallucinates specific financial and operational metrics not present in the Client Matrix, including \"$85M in annual revenue\", \"growing 40% in 2024\", \"40 dispatchers\", and \"~600 contracted drivers\". Presenting fabricated business metrics to a client is a critical risk that would severely damage the firm's credibility.",
      "suggested_fix": "Remove all fabricated metrics. Replace them with qualitative descriptions supported by the matrix (e.g., \"following recent acquisitions\") and strictly use only the provided numbers ($1.4M working capital, $320k savings, avoiding 4 additional dispatchers)."
    },
    {
      "severity": "high",
      "location": "Throughout the proposal (Understanding, Approach, Phases)",
      "description": "The proposal invents specific technologies and third-party systems not mentioned in the matrix, specifically \"NetSuite\", \"Rails 5\", and \"React Native\". Guessing the client's tech stack and accounting software could embarrass the firm if incorrect.",
      "suggested_fix": "Replace \"NetSuite\" with \"accounting/finance system\", \"Rails 5\" with \"legacy dispatch system\", and \"React Native\" with \"mobile application\"."
    },
    {
      "severity": "high",
      "location": "Phases & Timeline (Phase 1A) & Open Questions (Item 4)",
      "description": "The proposal hallucinates a stakeholder name and title (\"Head of Compliance Rajiv Mehta\") that does not exist in the Client Matrix.",
      "suggested_fix": "Remove the fabricated name and refer generically to \"the compliance team\" or \"relevant compliance stakeholders.\""
    },
    {
      "severity": "high",
      "location": "Understanding (Technical Environment)",
      "description": "The proposal completely omits a high-confidence fact from the matrix: previous internal attempts to fix the workflow issues have failed twice. Omitting this misses a key opportunity to justify the external engagement and address a major historical risk.",
      "suggested_fix": "Add a bullet point in the Technical Environment section acknowledging the two previous failed internal attempts, and briefly note in the Approach section how the proposed methodology mitigates the risk of a third failure."
    }
  ],
  "risks": [
    "The Proposal Agent is heavily hallucinating specific client details (financial metrics, tech stack, personnel) to fill in narrative gaps. This poses a severe risk to the firm's credibility if not strictly controlled.",
    "By failing to acknowledge past internal project failures, the proposal misses an opportunity to build trust and explain why an external consultancy is necessary to succeed where internal teams could not."
  ],
  "recommendation": "revise"
}
