=== PROMPT ===
Please critique the following proposal.

=== CLIENT MATRIX ===
{
  "business": {
    "pain_points": [
      {
        "statement": "Invoicing is three weeks delayed due to data mismatches between dispatch and CRM/accounting, freezing cash flow in unbilled receivables.",
        "confidence": "high",
        "source_excerpt": "finance is 3 weeks behind on invoicing because the data never lines up.",
        "contradiction_note": null
      },
      {
        "statement": "There is a disagreement on the authorized budget range for the Phase 1 engagement between the CFO and VP of Operations.",
        "confidence": "contradicted",
        "source_excerpt": "Rita, the budget I approved is $300,000. That's the cap... Rita, that's not what we discussed. We discussed a six-month Phase 1 in the $250 to $400 range",
        "contradiction_note": "CFO Rita Donovan strictly insists the budget cap is $300,000, whereas VP of Operations Sarah Chen believed the approved range was $250,000 to $400,000."
      }
    ],
    "desired_state": [
      {
        "statement": "Structure the consulting project as a fixed-fee engagement with clear milestone-based payments.",
        "confidence": "high",
        "source_excerpt": "I'll give you a fixed-fee proposal with milestone payments tied to specific outcomes",
        "contradiction_note": null
      },
      {
        "statement": "Restore invoicing timelines back to industry-standard Days Sales Outstanding (DSO).",
        "confidence": "high",
        "source_excerpt": "return to industry-standard DSO on the invoicing side.",
        "contradiction_note": null
      }
    ],
    "success_criteria": [
      {
        "statement": "Reduce dispatch overhead to avoid hiring four new dispatchers, saving approximately $320,000 annually.",
        "confidence": "high",
        "source_excerpt": "a 30% reduction in dispatch time means we don't need to hire four additional dispatchers next year, which is about $320k in fully-loaded comp.",
        "contradiction_note": null
      },
      {
        "statement": "Free up approximately $1.4 million in working capital by achieving a 5-day DSO.",
        "confidence": "high",
        "source_excerpt": "return to five-day DSO from where we are now frees up about $1.4M in working capital that's currently stuck in unbilled receivables.",
        "contradiction_note": null
      }
    ],
    "risks_unknowns": [
      {
        "statement": "The CFO is highly cautious and skeptical of external consultants due to a negative vendor experience in 2023.",
        "confidence": "high",
        "source_excerpt": "Skeptical of consulting engagements; got burned by a previous vendor in 2023.",
        "contradiction_note": null
      }
    ]
  },
  "technical": {
    "pain_points": [
      {
        "statement": "Stakeholders disagree on whether the core issue is an operational workflow problem or a legacy technology platform failure.",
        "confidence": "contradicted",
        "source_excerpt": "Sarah thinks this is a workflow problem. I think this is a platform problem.",
        "contradiction_note": "CTO Marcus Patel advocates for replacing the 7-year-old custom Rails tool (Routemaster) with a $600k SaaS platform, while VP Sarah Chen advocates for incremental workflow improvements on the existing stack."
      },
      {
        "statement": "The custom dispatch tool Routemaster suffers from heavy technical debt, making code fragile and feature delivery slow.",
        "confidence": "high",
        "source_excerpt": "We can't ship features anymore because the codebase is too fragile. Every change takes three times as long as it should.",
        "contradiction_note": null
      }
    ],
    "desired_state": [
      {
        "statement": "Build workflow automation in a modular layer above Routemaster so the majority of logic remains portable during future platform replacements.",
        "confidence": "medium",
        "source_excerpt": "workflow logic in a layer on top of Routemaster, talking to Salesforce and the driver app through clean integration points... I'd estimate 60-70% of the Phase 1 work survives a platform change.",
        "contradiction_note": null
      }
    ],
    "success_criteria": [
      {
        "statement": "Establish clean, maintainable integration points between Routemaster, Salesforce, and the driver app.",
        "confidence": "high",
        "source_excerpt": "talking to Salesforce and the driver app through clean integration points",
        "contradiction_note": null
      }
    ],
    "risks_unknowns": [
      {
        "statement": "Two previous internal projects attempting to fix the exact same workflow and technical issues failed.",
        "confidence": "high",
        "source_excerpt": "We've tried internal projects to fix this exact thing twice and they both failed.",
        "contradiction_note": null
      }
    ]
  },
  "operational": {
    "pain_points": [
      {
        "statement": "Dispatchers spend excessive time manually cross-entering data between the custom dispatch tool and Salesforce.",
        "confidence": "high",
        "source_excerpt": "Our dispatcher workflow is killing us. Too much manual entry between our custom dispatch tool and Salesforce",
        "contradiction_note": null
      },
      {
        "statement": "Contracted drivers express dissatisfaction with the current mobile application user experience.",
        "confidence": "high",
        "source_excerpt": "drivers hate the mobile app",
        "contradiction_note": null
      }
    ],
    "desired_state": [
      {
        "statement": "Prioritize solving invoicing data reconciliation first, followed by streamlining the upstream dispatcher workflow.",
        "confidence": "high",
        "source_excerpt": "focus on the invoicing reconciliation first because that's directly affecting cash flow, and then the dispatcher workflow because it's the upstream cause of the bad invoicing data.",
        "contradiction_note": null
      }
    ],
    "success_criteria": [
      {
        "statement": "Achieve a 30% reduction in average dispatch processing time per load.",
        "confidence": "high",
        "source_excerpt": "30% reduction in dispatch time per load",
        "contradiction_note": null
      }
    ],
    "risks_unknowns": [
      {
        "statement": "An upcoming federal ELD compliance mandate on November 15th may impact driver app requirements and risk operations if missed.",
        "confidence": "high",
        "source_excerpt": "The ELD compliance deadline in November is real. The federal mandate update changes how we have to log driver hours and report them.",
        "contradiction_note": null
      }
    ]
  },
  "strategic": {
    "pain_points": [
      {
        "statement": "There is a contradiction between leadership regarding the target delivery timeline for the pilot implementation.",
        "confidence": "contradicted",
        "source_excerpt": "We have a Q3 pilot commitment... Q3 was your commitment, not mine. I never agreed to Q3. I think Q4 is more realistic if we're doing it right.",
        "contradiction_note": "CFO Rita Donovan and VP Sarah Chen insist on an end-of-Q3 pilot launch, whereas CTO Marcus Patel claims Q4 is the realistic timeline and rejects the Q3 date."
      }
    ],
    "desired_state": [
      {
        "statement": "Deploy a functional pilot into production by the end of Q3 to protect project funding from reallocation.",
        "confidence": "high",
        "source_excerpt": "If we don't have something in production by end of September, the funding gets reallocated. That part isn't negotiable.",
        "contradiction_note": null
      }
    ],
    "success_criteria": [
      {
        "statement": "Deliver Phase 1 outcomes prior to September 30th within the $300,000 budget cap.",
        "confidence": "high",
        "source_excerpt": "Pilot in production by end of Q3 (Sept 30).",
        "contradiction_note": null
      }
    ],
    "risks_unknowns": [
      {
        "statement": "The company risks making short-term operational fixes that conflict with long-term technology platform strategy under tight deadline constraints.",
        "confidence": "high",
        "source_excerpt": "We should not be making a multi-year platform decision under an artificial six-month deadline.",
        "contradiction_note": null
      }
    ]
  }
}

=== PROPOSAL DRAFT ===
# Client Proposal: Operations & Dispatch Workflow Optimization

**Prepared for:** Northwind Logistics  
**Primary Contact:** Sarah Chen, VP of Operations  
**Key Stakeholders:** Marcus Patel (CTO), Rita Donovan (CFO), Rajiv Mehta (Head of Compliance)  

---

## Executive Summary

Northwind Logistics has experienced rapid expansion, achieving $85M in annual revenue following significant acquisition-led growth. However, this growth has created operational bottlenecks across dispatch, invoicing, and driver systems. Data mismatches between the custom dispatch system (*Routemaster*) and Salesforce currently delay invoicing by three weeks, freezing critical cash flow in unbilled receivables. Concurrently, manual data entry burdens dispatchers, and drivers struggle with an outdated mobile experience.

To address these challenges without interrupting daily operations, we propose a modular, outcome-focused engagement. Our approach prioritizes immediate financial relief by automating invoicing reconciliation, followed by streamlining upstream dispatcher workflows through an abstraction/integration layer. This strategy delivers rapid, measurable impact—unlocking working capital and reducing operational overhead—while preserving core business logic so that work completed in Phase 1 remains fully portable regardless of future long-term platform decisions.

---

## Understanding

### Current State & Core Challenges
* **Financial Drag & Invoicing Delays:** Invoicing data currently lags by 3 weeks due to manual reconciliation and data mismatches between dispatch tools and accounting/CRM systems.
* **Dispatcher Overhead:** Dispatchers spend excessive manual effort cross-entering load data between *Routemaster* and Salesforce, straining capacity across the team of 40 dispatchers.
* **Driver App Friction:** Contracted drivers experience friction with the custom React Native mobile app, affecting data accuracy and driver satisfaction.
* **Technical Debt:** The legacy Rails 5 dispatch application (*Routemaster*) suffers from architectural fragility, making direct feature delivery slow and high-risk.
* **Upcoming Regulatory Deadline:** A federal ELD compliance update taking effect on November 15th requires specific driver logging and reporting updates.

### Success Criteria & Desired Outcomes
* **Cash Flow Optimization:** Restore invoicing timelines back to an industry-standard Days Sales Outstanding (DSO), aiming for a 5-day DSO to unlock approximately **$1.4M in working capital**.
* **Operational Efficiency:** Achieve a **30% reduction in average dispatch processing time per load**, preventing the need to hire 4 additional dispatchers and saving approximately **$320,000 annually**.
* **Modular Integration:** Establish clean integration points between dispatch, Salesforce, and driver interfaces, ensuring 60–70% of business logic survives any future core system updates.

---

## Approach

Our proposed strategy de-risks execution through a phased, modular architecture that focuses first on high-value business outcomes:

```
+-------------------------------------------------------------------+
|                     Northwind Logistics Systems                   |
|  +------------------+    +-------------------+    +------------+  |
|  | Salesforce CRM   |    | Driver Mobile App |    | NetSuite   |  |
|  +--------+---------+    +---------+---------+    +-----+------+  |
+-----------|------------------------|--------------------|---------+
            |                        |                    |
            +-------------------+----+--------------------+
                                |
                  +-------------v-------------+
                  |  Modular Workflow &       |
                  |  Integration Layer        |
                  +-------------+-------------+
                                |
                   +------------v------------+
                   | Custom Dispatch Tool    |
                   | (Routemaster - Rails)   |
                   +-------------------------+
```

1. **Invoicing Reconciliation First:** We will immediately address the data mismatches between dispatch and finance/Salesforce to automate billing triggers and accelerate cash collection.
2. **Upstream Workflow Automation:** Once invoicing triggers are automated, we will streamline dispatcher entry points to reduce load handling time by 30%.
3. **Decoupled Integration Layer:** Rather than attempting a risky full rewrite of *Routemaster* during Phase 1, we will build a clean workflow layer on top of existing applications. This ensures stability, rapid delivery, and seamless portability for future tech stack evolution.
4. **ELD Compliance Alignment:** We will collaborate with Head of Compliance Rajiv Mehta during discovery to embed required federal ELD compliance tracking into driver app integrations well ahead of the November 15 deadline.

---

## Phases & Timeline

Below is an overview of the structured timeline designed to deliver rapid, measurable results while maintaining risk controls:

```
+-----------------------------------------------------------------------------------+
| Month 1: Discovery & Invoicing Engine                                             |
|   - Discovery & architecture setup                                                |
|   - NetSuite/Salesforce/Routemaster reconciliation engine                         |
+-----------------------------------------------------------------------------------+
| Month 2: Dispatcher Workflow Automation                                           |
|   - Automated load sync & dispatch UI workflow optimizations                      |
|   - Driver app integration endpoints & ELD compliance mapping                     |
+-----------------------------------------------------------------------------------+
| Month 3: Pilot Deployment & Refinement                                            |
|   - End-to-end testing & staging validation                                       |
|   - Production rollout of pilot & dispatcher training                             |
+-----------------------------------------------------------------------------------+
```

### Detailed Phase Breakdown

* **Phase 1A: Discovery & Invoicing Architecture (Weeks 1–4)**
  * Audit data schema mismatches between *Routemaster*, Salesforce, and NetSuite.
  * Define ELD compliance technical requirements with compliance leadership.
  * Deliver automated invoice reconciliation engine to eliminate billing backlogs.

* **Phase 1B: Dispatcher Workflow & Driver Integration (Weeks 5–8)**
  * Build workflow automation layer reducing cross-system data entry for dispatchers.
  * Refactor mobile app integration endpoints to improve driver submission reliability.
  * Conduct iterative testing with core dispatchers.

* **Phase 1C: Pilot Deployment & Operational Rollout (Weeks 9–12)**
  * Deploy pilot release to a dedicated dispatcher cohort.
  * Validate reduction in processing time and automated invoice generation.
  * Deliver final architectural handoff and operational documentation.

---

## Pricing Approach

To ensure complete cost predictability and address previous vendor skepticism, we propose a **Fixed-Fee Model tied strictly to milestone achievements**.

Based on benchmark data from similar logistics and freight management engagements involving 4-person expert teams (Discovery + MVP integration builds ranging from $150,000 to $250,000), we structure our engagement fees around transparent deliverables:

| Milestone | Deliverables | Target Fee |
| :--- | :--- | :--- |
| **Milestone 1: Architecture & Invoicing Engine** | Technical specification, data schema mapping, and deployment of automated invoicing reconciliation layer | $75,000 |
| **Milestone 2: Dispatch Workflow Automation** | Modular integration layer, dispatch workflow automation, driver app endpoint updates, ELD mapping | $100,000 |
| **Milestone 3: Pilot Launch & Handoff** | Production deployment of pilot, operational validation (30% dispatch efficiency gain), handoff documentation | $75,000 |
| **Total Proposed Fixed Fee** | **End-to-end Phase 1 Delivery** | **$250,000** |

*Payment is contingent upon formal sign-off for each milestone outcome.*

---

## Open Questions

To ensure alignment across all executive stakeholders before finalizing the project charter, the following areas require clarification:

### 1. Phase 1 Budget Cap Alignment
* **Context:** The intake materials reflect differing internal perspectives regarding approved funding—CFO Rita Donovan strictly targets a **$300,000 budget cap**, whereas VP of Operations Sarah Chen understood the approved range to be **$250,000 to $400,000**.
* **Clarification Needed:** We have structured our proposed fixed-fee engagement at **$250,000** to respect the CFO's strict $300,000 limit while fully addressing core operational goals. We seek explicit confirmation from leadership that this proposed scope and fee align with overall budget expectations.

### 2. Strategic Technical Direction (Workflow Layer vs. Full Rebuild)
* **Context:** CTO Marcus Patel advocates for replacing the custom 7-year-old *Routemaster* software with a comprehensive SaaS platform (estimated at ~$600k), whereas VP Ops Sarah Chen favors incremental workflow improvements on top of the current stack.
* **Clarification Needed:** We request a joint technical session with Marcus Patel and Sarah Chen to confirm that building a modular, decoupled integration layer—designed so that 60–70% of the logic survives any future platform migration—satisfies short-term operational urgency without hindering long-term technical architecture goals.

### 3. Pilot Target Timeline Alignment (Q3 vs. Q4)
* **Context:** VP Sarah Chen and CFO Rita Donovan emphasize a target pilot launch by the end of Q3 (September 30) to secure project funding, while CTO Marcus Patel assesses Q4 as a more realistic timeframe for technical safety.
* **Clarification Needed:** We need to finalize the precise scope boundary for the initial pilot cohort so that a production-ready release can safely launch by September 30 without compromising technical rigor or system integrity.


=== RESPONSE ===
{
  "issues": [],
  "risks": [
    "Internal stakeholder disagreements on budget caps, technical direction (rebuild vs. workflow layer), and delivery timelines (Q3 vs. Q4) could stall project approval if not resolved."
  ],
  "recommendation": "approve"
}
