=== PROMPT ===
Please critique the following proposal.

CLIENT MATRIX: 
{
  "business": {
    "pain_points": [
      {
        "statement": "Finance is three weeks behind on invoicing due to mismatched data across systems.",
        "confidence": "high",
        "source_excerpt": "finance is 3 weeks behind on invoicing because the data never lines up",
        "contradiction_note": null
      }
    ],
    "desired_state": [
      {
        "statement": "The client prefers a fixed-fee structure with milestone payments rather than time and materials.",
        "confidence": "high",
        "source_excerpt": "Strong preference for fixed-fee with milestone payments over T&M.",
        "contradiction_note": null
      }
    ],
    "success_criteria": [
      {
        "statement": "Days-sales-outstanding (DSO) should drop to the industry standard of about five days.",
        "confidence": "high",
        "source_excerpt": "days-sales-outstanding, which should drop from where we are now back to industry standard",
        "contradiction_note": null
      }
    ],
    "risks_unknowns": [
      {
        "statement": "The CFO is skeptical of consulting engagements due to past bad experiences.",
        "confidence": "high",
        "source_excerpt": "Skeptical of consulting engagements; got burned by a previous vendor in 2023.",
        "contradiction_note": null
      }
    ]
  },
  "technical": {
    "pain_points": [
      {
        "statement": "The driver mobile app lacks essential features like photo uploads and messaging.",
        "confidence": "high",
        "source_excerpt": "They can't take photos, they can't flag issues, they can't message the dispatcher.",
        "contradiction_note": null
      },
      {
        "statement": "Dispatchers must manually integrate data across three separate systems for a single assignment.",
        "confidence": "high",
        "source_excerpt": "it's three systems for one assignment, and the dispatcher is the integration layer.",
        "contradiction_note": null
      }
    ],
    "desired_state": [
      {
        "statement": "The company wants to incrementally improve the existing dispatch tool rather than rebuilding it from scratch.",
        "confidence": "contradicted",
        "source_excerpt": "make the case for incremental change instead of a full rebuild.",
        "contradiction_note": "Sarah (VP Ops) wants incremental change, but Marcus (CTO) has been pushing for a full rebuild for a year."
      }
    ],
    "success_criteria": [
      {
        "statement": "The solution should avoid creating additional compliance work for the ELD mandate.",
        "confidence": "medium",
        "source_excerpt": "avoid creating new compliance work for him, that's a quiet point in your favor.",
        "contradiction_note": null
      }
    ],
    "risks_unknowns": [
      {
        "statement": "There is an upcoming federal ELD compliance deadline in November with unclear details.",
        "confidence": "high",
        "source_excerpt": "ELD compliance deadline in November (federal mandate update; details unclear",
        "contradiction_note": null
      }
    ]
  },
  "operational": {
    "pain_points": [
      {
        "statement": "Dispatchers spend hours on the phone because the driver app is inadequate.",
        "confidence": "high",
        "source_excerpt": "spend two to three hours a day on the phone with drivers",
        "contradiction_note": null
      },
      {
        "statement": "Finance staff must manually reconcile mismatched data for every invoice.",
        "confidence": "high",
        "source_excerpt": "finance is doing detective work on every single invoice.",
        "contradiction_note": null
      }
    ],
    "desired_state": [
      {
        "statement": "The primary operational goal is to fix the invoicing reconciliation process first.",
        "confidence": "high",
        "source_excerpt": "invoicing is the bleeding wound. We need to fix that first.",
        "contradiction_note": null
      }
    ],
    "success_criteria": [
      {
        "statement": "Dispatch time per load needs to be reduced from twelve minutes to eight minutes.",
        "confidence": "high",
        "source_excerpt": "If we can get that to eight minutes",
        "contradiction_note": null
      }
    ],
    "risks_unknowns": [
      {
        "statement": "Tech integration from recent acquisitions remains incomplete.",
        "confidence": "medium",
        "source_excerpt": "Tech integration from those acquisitions is incomplete.",
        "contradiction_note": null
      }
    ]
  },
  "strategic": {
    "pain_points": [
      {
        "statement": "There is internal conflict regarding whether to rebuild or incrementally improve the dispatch tool.",
        "confidence": "high",
        "source_excerpt": "that's a fight I've been having internally",
        "contradiction_note": null
      }
    ],
    "desired_state": [
      {
        "statement": "The VP of Operations wants to start at the lower end of the budget to prove value.",
        "confidence": "medium",
        "source_excerpt": "I'd rather come in at the lower end and earn the next phase",
        "contradiction_note": null
      }
    ],
    "success_criteria": [
      {
        "statement": "A measurable pilot must be in production by the end of Q3 to secure funding.",
        "confidence": "high",
        "source_excerpt": "have something measurable in production by end of September.",
        "contradiction_note": null
      }
    ],
    "risks_unknowns": [
      {
        "statement": "The engagement is competitive, with the client evaluating two other firms.",
        "confidence": "high",
        "source_excerpt": "This is a competitive engagement — they are also talking to two other firms.",
        "contradiction_note": null
      },
      {
        "statement": "If a measurable pilot isn't live by Q3, the CFO will pull the project funding.",
        "confidence": "high",
        "source_excerpt": "Otherwise the funding gets pulled into other projects.",
        "contradiction_note": null
      }
    ]
  }
}

PROPOSAL DRAFT: 
# Northwind Logistics: Phase 1 Operational Transformation Proposal

## Executive Summary
Northwind Logistics has experienced rapid expansion—coupled with recent acquisitions—that has outpaced the capabilities of your current technology stack. Today, dispatchers are acting as manual integration layers across disconnected systems, drivers are frustrated by an outdated mobile experience, and finance is struggling with a three-week backlog on invoicing. 

Drawing on our recent success solving similar operational bottlenecks, we propose a targeted, milestone-driven Phase 1 engagement. Our primary objective is to deploy a measurable pilot in production by the end of Q3 (September 30) that stops the "bleeding" in invoice reconciliation and reduces dispatcher load times. By focusing on high-impact operational improvements first, we will deliver immediate ROI, establish trust with your financial leadership, and lay a scalable foundation for Northwind’s continued growth.

## Understanding
Based on our initial discussions, we have identified the following core dynamics driving this initiative:

**Operational Pain Points & Success Criteria**
*   **Invoicing Backlog:** Mismatched data between the existing dispatch tool and CRM forces finance to do manual "detective work" on every invoice, resulting in a three-week delay. The success metric is reducing Days Sales Outstanding (DSO) to the industry standard of approximately five days.
*   **Dispatcher Inefficiency:** Dispatchers are manually bridging three separate systems for a single assignment and spending 2-3 hours daily on the phone with drivers. The goal is to reduce dispatch time per load from twelve minutes to eight minutes.
*   **Driver Experience:** The current driver mobile app lacks critical functionality, preventing drivers from uploading photos, flagging issues, or messaging dispatch directly.

**Strategic & Technical Context**
*   **Urgent Timeline:** A measurable pilot must be live in production by the end of Q3 to validate the investment and prevent the CFO from reallocating project funding.
*   **Compliance Deadline:** A federal ELD mandate update is looming in November. Any solution implemented must not create additional compliance work for your team.
*   **Current Tech Stack:** Operations rely on an existing dispatch tool, a CRM, finance systems for accounting, and a custom driver mobile app.

## Approach
To meet the aggressive Q3 deadline and satisfy the CFO’s requirement for measurable ROI, our approach prioritizes resolving the most acute operational pain points while remaining architecture-agnostic for the Q3 pilot. 

1.  **Prioritize the "Bleeding Wound" (Invoicing):** We will begin by mapping the data flow between the CRM, the existing dispatch tool, and finance systems. By standardizing data validation at the point of entry and automating the reconciliation handoff, we will unblock the finance team and drive immediate improvements to DSO.
2.  **Streamline the Dispatcher-Driver Loop:** We will target the specific feature gaps in the driver mobile app (photo uploads, basic messaging, issue flagging) that currently force dispatchers onto the phone. 
3.  **Cross-Functional Alignment:** We will facilitate structured alignment workshops between Operations (Sarah) and Engineering (Marcus) to define a Q3 pilot scope that delivers operational relief without compounding technical debt. 
4.  **Compliance-Safe Deployment:** We will engage with your compliance leadership early to map the upcoming November ELD requirements, ensuring our Q3 pilot architecture isolates ELD data and introduces zero new compliance overhead.

## Phases & Timeline
To meet the end-of-Q3 deadline, we propose a rapid Phase 1 engagement structured around functional milestones.

*   **Phase 1A: Discovery & Alignment (Weeks 1–3)**
    *   Map current-state data flows between the CRM, the existing dispatch tool, and finance systems.
    *   Audit the driver mobile app and existing dispatch tool codebase.
    *   Evaluate and finalize the decision between iterating on the existing dispatch tool or starting a new build.
    *   Define exact technical KPIs and finalize the Q3 pilot scope.
*   **Phase 1B: Invoicing Data Remediation (Weeks 4–10)**
    *   Implement data validation and automated syncing between the CRM, the existing dispatch tool, and finance systems.
    *   Deploy finance dashboard/reporting to eliminate manual invoice detective work.
    *   *Milestone:* Finance workflow deployed; DSO reduction tracking begins.
*   **Phase 1C: Dispatch & Driver Pilot (Weeks 11–End of Q3)**
    *   Deploy high-priority driver mobile app updates (photo upload, issue flagging, messaging).
    *   Streamline the dispatcher UI to reduce multi-system data entry.
    *   *Milestone:* Pilot live in production by September 30; target 8-minute dispatch time.
*   **Phase 1D: Optimization & ELD Validation (Post-Q3)**
    *   Monitor pilot metrics and optimize based on dispatcher/driver feedback.
    *   Ensure the Q3 pilot remains compliant and does not interfere with the internal team's ELD transition efforts.
    *   Plan Phase 2 roadmap (including integration with future operational systems).

## Pricing Approach
We understand that Northwind’s financial leadership is highly focused on accountability and risk mitigation, particularly given the CFO's skepticism stemming from a negative vendor experience in 2023. Therefore, we propose a **fixed-fee engagement tied to specific delivery milestones** rather than a Time & Materials (T&M) model. This milestone-based, fixed-fee delivery model is specifically designed to rebuild trust, ensure accountability, and mitigate the risks experienced with past vendors.

By starting at the lower end of the budget spectrum for Phase 1, we aim to prove definitive value—specifically through the Q3 pilot and the reduction of DSO—before requesting further investment for Phase 2. The exact fixed-fee milestones will be finalized once the open questions below are resolved and the final pilot scope is locked.

## Open Questions
To finalize this proposal and provide a binding fixed-fee quote, we need to clarify the following areas where we currently have conflicting information or low visibility:

*   **Strategic Direction for Dispatch Tool (Contradicted):** We noted a divergence in desired state during intake. Operations prefers an incremental improvement to the existing dispatch tool to prove value quickly, whereas technical leadership has advocated for a full rebuild. We must align on whether the Q3 pilot will be an iteration on the existing dispatch tool or the first module of a new architecture.
*   **Acquisition Tech Debt:** To what extent does the incomplete technology integration from the two recent acquisitions impact the current invoicing and dispatch data flows? We need to understand if we are integrating one standard process or multiple legacy processes.
*   **ELD Mandate Specifics:** What are the specific technical requirements for the upcoming November federal ELD mandate update? We need to consult with technical leadership to guarantee our pilot avoids triggering new compliance workloads.
*   **Budget Thresholds:** While we are committed to an entry-level fixed-fee structure to earn trust, we need to define the specific Phase 1 budget ceiling approved by the CFO to ensure our proposed scope aligns with financial expectations.


=== RESPONSE ===
{
  "issues": [
    {
      "severity": "high",
      "location": "Open Questions, Bullet 1",
      "description": "The proposal includes the internal metadata tag '(Contradicted)' in the client-facing heading. Exposing internal matrix notes to the client is highly unprofessional and would embarrass the firm.",
      "suggested_fix": "Remove the word '(Contradicted)' from the heading so it simply reads 'Strategic Direction for Dispatch Tool:'."
    },
    {
      "severity": "medium",
      "location": "Phases & Timeline",
      "description": "The proposed timeline spans at least 13 weeks (Phase 1C starts on Week 11). Because Q3 is exactly 13 weeks long, this schedule assumes the project starts exactly on the first day of Q3. Any delay in contract signing will cause the pilot to miss the hard September 30 deadline.",
      "suggested_fix": "Compress the proposed timeline phases or explicitly state the required project start date (e.g., 'Assuming a July 1 start') to ensure the September 30 deadline is mathematically feasible."
    }
  ],
  "risks": [
    "The internal conflict between Operations (Sarah) and Engineering (Marcus) regarding a rebuild vs. incremental update could easily delay the Phase 1A alignment. If this drags out, the strict end-of-Q3 deadline will be missed, risking the CFO pulling the budget.",
    "The engagement is highly competitive with two other firms bidding. Given the CFO's existing skepticism of vendors, any lack of polish in the proposal (such as the metadata leak) could immediately disqualify the firm."
  ],
  "recommendation": "revise"
}
