=== PROMPT ===
Please critique the following proposal.

CLIENT MATRIX: 
{
  "business": {
    "pain_points": [
      {
        "statement": "Finance is three weeks behind on invoicing due to data misalignment.",
        "confidence": "high",
        "source_excerpt": "finance is 3 weeks behind on invoicing because the data never lines up.",
        "contradiction_note": null
      },
      {
        "statement": "Working capital is tied up in unbilled receivables.",
        "confidence": "high",
        "source_excerpt": "$1.4M in working capital that's currently stuck in unbilled receivables.",
        "contradiction_note": null
      }
    ],
    "desired_state": [
      {
        "statement": "Return to an industry-standard five-day DSO.",
        "confidence": "high",
        "source_excerpt": "a return to five-day DSO from where we are now",
        "contradiction_note": null
      },
      {
        "statement": "A fixed-fee engagement with milestone-based payments.",
        "confidence": "high",
        "source_excerpt": "fixed-fee proposal with milestone payments tied to specific outcomes",
        "contradiction_note": null
      }
    ],
    "success_criteria": [
      {
        "statement": "Free up $1.4M in working capital.",
        "confidence": "high",
        "source_excerpt": "frees up about $1.4M in working capital",
        "contradiction_note": null
      },
      {
        "statement": "Avoid $320k in costs by not hiring four additional dispatchers.",
        "confidence": "high",
        "source_excerpt": "we don't need to hire four additional dispatchers next year, which is about $320k",
        "contradiction_note": null
      }
    ],
    "risks_unknowns": [
      {
        "statement": "Disagreement on the approved budget cap for Phase 1.",
        "confidence": "contradicted",
        "source_excerpt": "the budget I approved is $300,000... We discussed a six-month Phase 1 in the $250 to $400 range",
        "contradiction_note": "Rita insists the budget is strictly capped at $300k, while Sarah claims they discussed a range up to $400k."
      },
      {
        "statement": "Potential loss of operating authority if ELD compliance is missed.",
        "confidence": "medium",
        "source_excerpt": "Fines, possibly losing our operating authority in some states.",
        "contradiction_note": null
      }
    ]
  },
  "technical": {
    "pain_points": [
      {
        "statement": "The custom dispatch tool, Routemaster, is at the end of its useful life.",
        "confidence": "high",
        "source_excerpt": "Routemaster is seven years old... and it's at the end of its useful life.",
        "contradiction_note": null
      },
      {
        "statement": "Technical debt makes the codebase fragile and slows feature development.",
        "confidence": "high",
        "source_excerpt": "We can't ship features anymore because the codebase is too fragile.",
        "contradiction_note": null
      }
    ],
    "desired_state": [
      {
        "statement": "Replace the custom Routemaster tool with a SaaS platform.",
        "confidence": "contradicted",
        "source_excerpt": "replace Routemaster with a SaaS platform",
        "contradiction_note": "Marcus wants to replace Routemaster with a SaaS platform, but Sarah wants to incrementally fix workflows on the existing system."
      },
      {
        "statement": "Build workflow logic that is portable to a future platform.",
        "confidence": "medium",
        "source_excerpt": "most of the workflow logic is portable.",
        "contradiction_note": null
      }
    ],
    "success_criteria": [
      {
        "statement": "60-70% of the Phase 1 work survives a future platform change.",
        "confidence": "low",
        "source_excerpt": "60-70% of the Phase 1 work survives a platform change.",
        "contradiction_note": null
      }
    ],
    "risks_unknowns": [
      {
        "statement": "Previous internal attempts to fix the workflow have failed twice.",
        "confidence": "high",
        "source_excerpt": "We've tried internal projects to fix this exact thing twice and they both failed.",
        "contradiction_note": null
      },
      {
        "statement": "Touching the driver app may conflict with ELD compliance work.",
        "confidence": "high",
        "source_excerpt": "If we're going to touch the driver app, the ELD work has to be coordinated.",
        "contradiction_note": null
      }
    ]
  },
  "operational": {
    "pain_points": [
      {
        "statement": "Dispatchers suffer from too much manual double-entry.",
        "confidence": "high",
        "source_excerpt": "Too much manual entry between our custom dispatch tool and Salesforce",
        "contradiction_note": null
      },
      {
        "statement": "Drivers are unhappy with the current mobile app.",
        "confidence": "high",
        "source_excerpt": "drivers hate the mobile app",
        "contradiction_note": null
      }
    ],
    "desired_state": [
      {
        "statement": "Fix dispatcher double-entry and invoicing incrementally.",
        "confidence": "high",
        "source_excerpt": "fix three specific operational pain points... incrementally",
        "contradiction_note": null
      }
    ],
    "success_criteria": [
      {
        "statement": "Achieve a 30% reduction in dispatch time per load.",
        "confidence": "high",
        "source_excerpt": "30% reduction in dispatch time per load",
        "contradiction_note": null
      }
    ],
    "risks_unknowns": [
      {
        "statement": "Upcoming federal ELD mandate update in November.",
        "confidence": "high",
        "source_excerpt": "The ELD compliance deadline in November is real.",
        "contradiction_note": null
      }
    ]
  },
  "strategic": {
    "pain_points": [
      {
        "statement": "Internal misalignment on whether the core issue is workflow or platform.",
        "confidence": "high",
        "source_excerpt": "Sarah and I have been having a parallel conversation about this for months and we don't agree",
        "contradiction_note": null
      }
    ],
    "desired_state": [
      {
        "statement": "Have a pilot in production by the end of Q3.",
        "confidence": "high",
        "source_excerpt": "If we don't have something in production by end of September, the funding gets reallocated.",
        "contradiction_note": null
      }
    ],
    "success_criteria": [
      {
        "statement": "Deliver a credible plan to hit the Q3 pilot within the authorized budget.",
        "confidence": "high",
        "source_excerpt": "hit the Q3 pilot inside the budget you've authorized.",
        "contradiction_note": null
      }
    ],
    "risks_unknowns": [
      {
        "statement": "Disagreement on the feasibility of the Q3 deadline.",
        "confidence": "contradicted",
        "source_excerpt": "Q3 was your commitment, not mine... I think Q4 is more realistic",
        "contradiction_note": "Sarah and Rita mandate a Q3 delivery to secure funding, but Marcus believes Q4 is the realistic timeline for doing it right."
      }
    ]
  }
}

PROPOSAL DRAFT: 
# Proposal for Northwind Logistics: Operations & Workflow Transformation

## Executive Summary

Northwind Logistics has achieved impressive growth, expanding 40% in 2024 through acquisition to reach ~$85M in annual revenue. However, rapid expansion has strained operational systems. Disconnects between custom core tools, Salesforce, and finance platforms have created significant operational drag: finance currently operates 3 weeks behind on invoicing, leaving $1.4M in working capital locked in unbilled receivables, while 40 dispatchers face continuous manual data re-entry.

To unlock this capital and support scalable growth, Northwind requires targeted operational streamlining and system integration. This engagement delivers an immediate, pilot-tested integration solution designed to:
* **Eliminate Invoicing Delays:** Streamline data flows to move from a 3-week invoicing lag back to an industry-standard 5-day Days Sales Outstanding (DSO), unlocking $1.4M in working capital.
* **Boost Dispatcher Efficiency:** Reduce dispatch time per load by 30%, enabling existing teams to handle increased volume and avoiding $320,000 in planned headcount expansion (4 dispatchers).
* **Deliver Fast Risk-Mitigated Value:** Deploy a operational production pilot by September 30 (end of Q3) to maintain operational momentum, while aligning system updates with the upcoming November federal ELD compliance mandate.

Drawing on our direct experience delivering similar operational transformations for peer freight brokerages (such as Cascade Freight), we propose a modular, fixed-fee engagement structured around strict milestone deliverables.

---

## Understanding

Following Northwind's 2024 acquisitions, incomplete technology integration has created critical bottlenecks across financial, operational, and technical functions:

* **Financial Bottlenecks & Working Capital Friction:**
  * **Invoicing Lag:** Data misalignment between dispatch and billing creates a 3-week backlog in invoice processing.
  * **Working Capital Lockup:** $1.4M in working capital is currently tied up in unbilled receivables.
  * **DSO Target:** The business requires a structural return to an industry-standard 5-day DSO.

* **Operational & Dispatch Inefficiencies:**
  * **Manual Double-Entry:** 40 dispatchers must manually re-key data between the primary dispatch system and Salesforce (Sales Cloud).
  * **Capacity Constraints:** Rapid growth threatens to require 4 additional dispatcher hires ($320k in annual operating expense) unless efficiency is increased by 30% per load.
  * **Driver Experience:** ~600 contracted drivers report friction with the custom React Native mobile app (last significantly updated in 2023).

* **System & Regulatory Landscape:**
  * **Core Systems:** Core dispatch runs on a custom Rails 5 app maintained by a lean two-person team, integrated with Salesforce and NetSuite (accounting), with no centralized data warehouse.
  * **Regulatory Compliance:** A federal Electronic Logging Device (ELD) mandate update takes effect in November, requiring coordinated updates to driver-facing workflows.
  * **Previous Internal Initiatives:** Two previous internal attempts to resolve these workflow and integration challenges have failed. The proposed decoupled architecture, combined with dedicated external engineering and domain expertise, directly addresses the root causes of those past failures by insulating business logic from legacy constraints and providing hands-on execution bandwidth.

---

## Approach

Our technical and operational approach focuses on decoupling business workflows from underlying legacy code, delivering fast operational relief while maintaining technical flexibility.

```
+-----------------------------------------------------------------------+
|                         APPLICATION LAYER                             |
|   Salesforce (CRM)   |   Driver Mobile App   |   NetSuite (ERP)       |
+-----------------------------------------------------------------------+
                                   |
                                   v
+-----------------------------------------------------------------------+
|                      DECOUPLED INTEGRATION LAYER                      |
|        - Automated Data Validation & Sync                            |
|        - Portable Workflow Logic & Rules                             |
|        - Standardized API Gateway                                    |
+-----------------------------------------------------------------------+
                                   ^
                                   |
+-----------------------------------------------------------------------+
|                          DISPATCH SYSTEM                              |
|                    Custom Dispatch Tool (Rails)                       |
+-----------------------------------------------------------------------+
```

1. **Decoupled Workflow & Integration Layer:**
   Instead of modifying legacy codebase monoliths directly, we introduce a lightweight, decoupled middleware/integration approach. Workflows between dispatch, Salesforce, and NetSuite are automated externally, ensuring data synchronization without introducing fragility to existing software.

2. **Dispatcher Automated Data Synchronization:**
   We eliminate manual double-entry by establishing direct automated integration between dispatch logs and Salesforce load records. Invoicing triggers automatically upon load completion, eliminating the 3-week billing queue.

3. **Driver Mobile & ELD Coordination:**
   Mobile workflow updates will be strictly coordinated with compliance requirements, establishing a clean interface for driver load updates while ensuring full compliance with the November federal ELD mandate.

4. **Architecture Portability:**
   All workflow automation and business logic implemented in Phase 1 will be built as modular services. This guarantees that business logic developed today remains fully portable to any future infrastructure or software platform Northwind adopts.

---

## Phases & Timeline

The proposed 6-month Phase 1 engagement is structured into clear sub-phases, specifically ensuring the production pilot is operational prior to the Q3 deadline.

```
2025 Timeline
Month        |  Month 1  |  Month 2  |  Month 3  |  Month 4  |  Month 5  |  Month 6  |
-------------+-----------+-----------+-----------+-----------+-----------+-----------+
Phase 1A     |=======>   |           |           |           |           |           |
Discovery    |           |           |           |           |           |           |
-------------+-----------+-----------+-----------+-----------+-----------+-----------+
Phase 1B     |           |==========>|           |           |           |           |
Core Build   |           |           |           |           |           |           |
-------------+-----------+-----------+-----------+-----------+-----------+-----------+
Phase 1C     |           |           |==========>| (Sept 30) |           |           |
Pilot Deploy |           |           |           |  PILOT    |           |           |
-------------+-----------+-----------+-----------+-----------+-----------+-----------+
Phase 1D     |           |           |           |==========>|==========>|=======>   |
Stabilize/ELD|           |           |           |           |           | (Nov ELD) |
```

* **Phase 1A: Discovery, Integration Architecture & ELD Alignment (Weeks 1–4)**
  * Audit current data flows across Salesforce, NetSuite, and dispatch software.
  * Map precise billing bottleneck validation rules to enable immediate invoicing.
  * Define technical specifications in partnership with compliance leadership for the ELD update.

* **Phase 1B: Core Integration & Workflow Automation Build (Weeks 5–10)**
  * Construct decoupled integration pipeline between dispatch records, Salesforce, and NetSuite.
  * Implement automated load status sync to eliminate dispatcher double-entry.
  * Refactor mobile data upload workflows for driver efficiency.

* **Phase 1C: Production Pilot Deployment & Operational Rollout (Weeks 11–14)**
  * **Target Completion Date: By end of Q3 (September 30)**
  * Deploy production pilot across a select subset of dispatchers and driver groups to achieve immediate operational validation and secure funding alignment.
  * Validate reduction in billing lag and dispatch handling duration in live operations.

* **Phase 1D: Post-Pilot Stabilization & November ELD Final Integration Support (Weeks 15–24)**
  * Scale pilot functionality across all 40 dispatchers and full contracted driver base.
  * Finalize and deploy ELD compliance updates ahead of the federal November deadline.
  * Measure working capital release and present Phase 1 ROI audit to executive leadership.

---

## Pricing Approach

In accordance with Northwind's procurement preference, this engagement is structured under a **Fixed-Fee Model with Milestone-Based Payments** tied strictly to verified deliverable completions.

* **Budget Commitment:** The total fixed fee for this 6-month engagement will be scoped to fit strictly within the **$300,000 budget cap** approved by CFO Rita Donovan, while acknowledging the $250k–$400k exploratory range discussed with VP of Operations Sarah Chen. Scope details will be tailored to ensure complete delivery within the authorized $300k ceiling.

* **Proposed Milestone Schedule:**
  * **Milestone 1 (15%):** Completion of Phase 1A Discovery & Architecture Sign-off.
  * **Milestone 2 (35%):** Delivery of Core Integration Middleware and User Acceptance Testing (UAT) Completion.
  * **Milestone 3 (30%):** Phase 1C Production Pilot Deployment (Completed by September 30 / End of Q3).
  * **Milestone 4 (20%):** Full Deployment, November ELD Final Integration, and Final Phase 1 Sign-off.

---

## Open Questions

To ensure total clarity and executive alignment before contract finalization, the following items require formal internal clarification and joint resolution during kick-off:

1. **Phase 1 Approved Budget Cap:**
   * *Context:* Dialogue indicates a variance between CFO Rita Donovan ($300k strict budget cap) and VP of Operations Sarah Chen ($250k–$400k range).
   * *Clarification Needed:* We will baseline final contract scope against the formal $300,000 approved cap to align with executive expectations.

2. **Core Platform Direction (Routemaster vs. SaaS):**
   * *Context:* CTO Marcus Patel favors replacing the existing Rails application with a SaaS platform, whereas Sarah Chen advocates for incremental workflow fixes directly on the current system.
   * *Clarification Needed:* Confirming consensus on deploying our decoupled integration architecture, which satisfies immediate operational requirements while keeping long-term platform migration options open.

3. **Pilot Timeline Alignment & Feasibility:**
   * *Context:* Executive leadership requires a production pilot live by end of Q3 (September 30) to protect project funding, while technical leadership has expressed that Q4 may be a more realistic delivery target.
   * *Clarification Needed:* Formal agreement on Phase 1C pilot scope boundary to ensure a meaningful, production-grade pilot can be safely shipped by September 30.

4. **Codebase Reusability & Survival Rate:**
   * *Context:* Current estimates target that 60–70% of Phase 1 architecture work will survive any future TMS or platform transition.
   * *Clarification Needed:* Validation of specific technical architectural patterns with CTO Marcus Patel to maximize code reusability in the event of a future SaaS migration.

5. **Federal ELD Mandate Requirements:**
   * *Context:* Specific technical dependencies regarding the November federal ELD mandate update remain to be detailed.
   * *Clarification Needed:* Direct engagement with Head of Compliance Rajiv Mehta in Week 1 to detail compliance inputs and dependency schedules.


=== RESPONSE ===
{"issues":[{"severity":"critical","location":"Approach (Point 4. Architecture Portability)","description":"The proposal guarantees that business logic will remain fully portable to any future infrastructure. However, the Client Matrix lists the 60-70% survival rate of Phase 1 work as low confidence. Stating this as a guaranteed fact violates the matrix constraints.","suggested_fix":"Remove the guarantee of full portability. State that the architecture is designed to maximize reusability and reference the Open Questions section regarding the 60-70% survival target."},{"severity":"critical","location":"Pricing Approach (Budget Commitment)","description":"The proposal explicitly commits to scoping the project strictly within the $300,000 budget cap. The budget cap is a contradicted item between Rita ($300k) and Sarah (up to $400k). Committing to one side in the pricing section prematurely resolves the contradiction.","suggested_fix":"Remove the strict commitment to the $300,000 cap in the Pricing section. State that the final fixed fee will be determined once the budget range is clarified, pointing to the Open Questions section."},{"severity":"high","location":"Executive Summary (Bullet 3)","description":"The proposal definitively promises to deploy an operational production pilot by September 30. The feasibility of this Q3 deadline is a contradicted item (Marcus believes Q4 is realistic). Promising it as a certainty risks alienating the CTO.","suggested_fix":"Adjust the wording to state that the proposal outlines a targeted plan for a Q3 pilot, noting that final timeline feasibility will be confirmed with technical leadership during kickoff."}],"risks":["Prematurely resolving contradicted items (budget and timeline) in the main proposal body risks alienating key stakeholders like Sarah and Marcus.","Overpromising on technical portability sets unrealistic expectations that conflict with the low-confidence 60-70% survival estimate."],"recommendation":"revise"}
