=== PROMPT ===
Please critique the following proposal.

CLIENT MATRIX: 
{
  "business": {
    "pain_points": [
      {
        "statement": "Finance is three weeks behind on invoicing due to data discrepancies.",
        "confidence": "high",
        "source_excerpt": "finance is 3 weeks behind on invoicing because the data never lines up.",
        "contradiction_note": null
      },
      {
        "statement": "Delayed invoicing is causing a significant cash flow problem.",
        "confidence": "high",
        "source_excerpt": "Three weeks of revenue we should have invoiced is just sitting there.",
        "contradiction_note": null
      }
    ],
    "desired_state": [
      {
        "statement": "The client prefers a fixed-fee structure with milestone payments.",
        "confidence": "medium",
        "source_excerpt": "Strong preference for fixed-fee with milestone payments over T&M.",
        "contradiction_note": null
      },
      {
        "statement": "A pilot must be in production by the end of Q3.",
        "confidence": "high",
        "source_excerpt": "Pilot in production by end of Q3 (Sept 30).",
        "contradiction_note": null
      }
    ],
    "success_criteria": [
      {
        "statement": "Reduce days-sales-outstanding to the industry standard of five days.",
        "confidence": "high",
        "source_excerpt": "days-sales-outstanding, which should drop from where we are now back to industry standard",
        "contradiction_note": null
      },
      {
        "statement": "The project should pay for itself by avoiding future headcount hires.",
        "confidence": "medium",
        "source_excerpt": "pays for itself in headcount we don't have to hire next year.",
        "contradiction_note": null
      }
    ],
    "risks_unknowns": [
      {
        "statement": "The CFO is skeptical of vendors and will pull funding if Q3 deadlines are missed.",
        "confidence": "high",
        "source_excerpt": "Otherwise the funding gets pulled into other projects.",
        "contradiction_note": null
      },
      {
        "statement": "The engagement is competitive, with two other firms in consideration.",
        "confidence": "high",
        "source_excerpt": "This is a competitive engagement — they are also talking to two other firms.",
        "contradiction_note": null
      }
    ]
  },
  "technical": {
    "pain_points": [
      {
        "statement": "Dispatchers must manually enter data across three disconnected systems.",
        "confidence": "high",
        "source_excerpt": "Too much manual entry between our custom dispatch tool and Salesforce",
        "contradiction_note": null
      },
      {
        "statement": "The driver mobile app lacks essential features like photo uploads and messaging.",
        "confidence": "high",
        "source_excerpt": "They can't take photos, they can't flag issues, they can't message the dispatcher.",
        "contradiction_note": null
      }
    ],
    "desired_state": [
      {
        "statement": "The technical approach should focus on incremental change rather than a full system rebuild.",
        "confidence": "contradicted",
        "source_excerpt": "incremental change instead of a full rebuild.",
        "contradiction_note": "VP Ops Sarah Chen wants incremental change to meet the 6-month timeline, but CTO Marcus Patel has been pushing for a full rebuild of the dispatch tool."
      }
    ],
    "success_criteria": [
      {
        "statement": "The solution must avoid creating new compliance work for the ELD mandate.",
        "confidence": "medium",
        "source_excerpt": "avoid creating new compliance work for him",
        "contradiction_note": null
      }
    ],
    "risks_unknowns": [
      {
        "statement": "Technical integration from two recent acquisitions remains incomplete.",
        "confidence": "medium",
        "source_excerpt": "Tech integration from those acquisitions is incomplete.",
        "contradiction_note": null
      }
    ]
  },
  "operational": {
    "pain_points": [
      {
        "statement": "Dispatchers spend hours on the phone because the driver app is inadequate.",
        "confidence": "high",
        "source_excerpt": "spend two to three hours a day on the phone with drivers",
        "contradiction_note": null
      },
      {
        "statement": "Finance staff are overwhelmed doing manual detective work to reconcile invoices.",
        "confidence": "high",
        "source_excerpt": "They have one person doing it full-time and she's drowning.",
        "contradiction_note": null
      }
    ],
    "desired_state": [
      {
        "statement": "Fixing the invoicing reconciliation is the highest priority, followed by dispatcher workflow.",
        "confidence": "high",
        "source_excerpt": "invoicing is the bleeding wound. We need to fix that first.",
        "contradiction_note": null
      }
    ],
    "success_criteria": [
      {
        "statement": "Reduce average dispatch time per load from twelve minutes to eight minutes.",
        "confidence": "high",
        "source_excerpt": "average dispatcher takes about twelve minutes... get that to eight minutes",
        "contradiction_note": null
      }
    ],
    "risks_unknowns": [
      {
        "statement": "An upcoming federal ELD compliance mandate in November could impact operations.",
        "confidence": "medium",
        "source_excerpt": "ELD compliance deadline in November — federal mandate update.",
        "contradiction_note": null
      }
    ]
  },
  "strategic": {
    "pain_points": [],
    "desired_state": [
      {
        "statement": "Start with a smaller Phase 1 engagement to prove value and earn future phases.",
        "confidence": "medium",
        "source_excerpt": "I'd rather come in at the lower end and earn the next phase",
        "contradiction_note": null
      }
    ],
    "success_criteria": [
      {
        "statement": "Leverage the consulting firm's past experience with a peer brokerage to ensure success.",
        "confidence": "medium",
        "source_excerpt": "because we did similar work for a peer brokerage (Cascade Freight)",
        "contradiction_note": null
      }
    ],
    "risks_unknowns": [
      {
        "statement": "Rapid 40% growth via acquisitions has created organizational and technical debt.",
        "confidence": "medium",
        "source_excerpt": "Northwind grew 40% in 2024 by acquiring two smaller brokerages.",
        "contradiction_note": null
      }
    ]
  }
}

PROPOSAL DRAFT: 
# Executive Summary

Northwind Logistics has experienced impressive growth, expanding revenue by 40% over the past year through strategic acquisitions. However, this rapid scaling has outpaced the current technological infrastructure, creating severe operational bottlenecks. Disconnected systems between dispatch, sales, and finance have resulted in inefficient dispatcher workflows and left finance three weeks behind on invoicing, trapping critical cash flow. 

Northwind requires a targeted, six-month Phase 1 engagement to streamline these workflows, with a strict mandate to deliver a production pilot by the end of Q3 (September 30). Drawing on our direct experience solving similar challenges for peer brokerages like Cascade Freight, our firm represents the lowest-risk, fastest-to-value partner for this initiative. Unlike a generalist approach, our proven blueprints in the freight brokerage space allow us to bypass a lengthy learning curve and propose a strategic intervention focused on immediate value creation. By resolving data discrepancies and optimizing the driver-dispatcher feedback loop, our goal is to reduce Days Sales Outstanding (DSO) to the industry standard of five days and cut average dispatch time from twelve to eight minutes per load. Ultimately, this engagement is designed to pay for itself by avoiding the need for future operational headcount.

# Understanding

Based on our initial conversations with Sarah Chen and our analysis of your current operating environment, we understand Northwind Logistics is facing intersecting challenges across business, operational, and technical domains:

*   **The Invoicing "Bleeding Wound":** Finance is currently three weeks behind on invoicing due to persistent data discrepancies between Salesforce, the custom dispatch tool, and the accounting system. A full-time resource is drowning in manual reconciliation, creating a significant cash flow problem.
*   **Dispatcher & Driver Friction:** Dispatchers are spending two to three hours daily on the phone with drivers. This is largely driven by limitations in the current driver mobile app, which lacks essential capabilities such as photo uploads, issue flagging, and direct messaging. 
*   **System Fragmentation:** Dispatchers are forced to manually enter data across three disconnected systems. The core dispatch tool is a custom application. Furthermore, technological integration from Northwind's two 2024 acquisitions remains incomplete.
*   **High-Stakes Timelines:** The CFO is holding the project to a strict Q3 deadline for a pilot and will pull funding if this deadline is missed. Additionally, an upcoming federal ELD compliance mandate in November looms over operations, requiring careful navigation to ensure no new compliance burdens are placed on the compliance team.

# Approach

Our approach is highly pragmatic, prioritizing rapid time-to-value to build trust, secure cash flow, and satisfy the CFO's stringent requirements. 

1.  **Prioritize Revenue Realization First:** We will target the invoicing reconciliation process as our immediate priority. By mapping and automating the data flow between Salesforce, the custom dispatch tool, and the accounting system, we will eliminate the manual detective work, clear the three-week backlog, and drive DSO down to the five-day industry standard.
2.  **Optimize the Dispatcher-Driver Loop:** Once the financial data flow is stabilized, we will focus on the dispatcher workflow and driver app enhancements. By introducing photo uploads and messaging to the mobile app, we will reduce the manual data entry burden and cut the hours dispatchers spend on the phone.
3.  **Do No Harm to Compliance:** All technical interventions will be designed with the November federal ELD mandate in mind, ensuring our solutions integrate smoothly without generating additional compliance overhead.
4.  **Leverage Industry Expertise:** We will apply proven patterns and lessons learned from our work with Cascade Freight. This specific peer-brokerage experience makes us the lowest-risk, fastest-to-value choice to accelerate discovery and avoid common pitfalls in freight brokerage system integrations, ensuring we hit your aggressive Q3 targets.

# Phases & Timeline

To meet the September 30 production pilot deadline, we propose a focused six-month Phase 1 engagement structured as follows:

*   **Phase 1A: Discovery & Architecture Alignment (Weeks 1-4)**
    *   Map the exact data discrepancies causing invoicing delays between Salesforce, the custom dispatch tool, and the accounting system.
    *   Audit the driver mobile app and dispatcher workflows.
    *   Finalize the technical architecture for the Phase 1 interventions.
*   **Phase 1B: Invoicing Resolution (Weeks 5-12)**
    *   Develop and deploy automated data reconciliation between the CRM, the custom dispatch tool, and the accounting system.
    *   Transition finance from manual reconciliation to exception-handling.
*   **Phase 1C: Workflow & Mobile Enhancements (Weeks 13-20)**
    *   Implement critical driver app features (photo upload, issue flagging, messaging).
    *   Streamline dispatcher UI to reduce load processing time from twelve to eight minutes.
*   **Phase 1D: Q3 Pilot Deployment & Handoff (Weeks 21-24)**
    *   User Acceptance Testing (UAT) with a select group of dispatchers and drivers.
    *   Production go-live prior to September 30.
    *   Measurement of initial ROI (DSO reduction, dispatch time savings) to justify future phases.

# Pricing Approach

We understand that Northwind Logistics has a strong preference for a fixed-fee structure with milestone-based payments, rather than a Time & Materials (T&M) arrangement. 

We fully support this model. We propose a fixed-fee engagement where payments are tied directly to the successful delivery of tangible milestones (e.g., Discovery Sign-off, Invoicing Fix Go-Live, Q3 Pilot Deployment). This structure aligns our incentives with your critical deadlines, provides the financial predictability required by your CFO, and ensures we must prove out our value in Phase 1 to earn the right to partner with you on future phases. 

Please note that our commitment to this strict six-month fixed-fee timeline is contingent upon finalizing the technical architecture strategy (incremental enhancements vs. full rebuild) during the Discovery phase, which is necessary to mitigate delivery and financial risk.

# Open Questions

To finalize the scope and cost of this proposal, we must collaboratively address the following unknowns:

*   **Technical Strategy Alignment:** We need to align on the optimal technical strategy for Phase 1, balancing the six-month timeline with long-term architectural goals (incremental enhancements vs. a full rebuild). We must facilitate an alignment conversation between operations and engineering to determine the exact architectural path for Phase 1.
*   **ELD Mandate Specifics:** What are the precise technical requirements of the November federal ELD mandate update, and how might they overlap with the planned updates to the driver mobile app?
*   **Acquisition Tech Debt:** What specific systems or processes from the two acquired brokerages remain unintegrated, and do they impact the invoicing data flow we are targeting in Phase 1?
*   **Budget Ceiling:** Given the strict Q3 deadline and funding constraints, we need to confirm the exact fixed-fee budget ceiling allocated by the CFO to ensure our proposed milestone deliverables map perfectly to your financial constraints.


=== RESPONSE ===
{"issues":[{"severity":"high","location":"Understanding (Bullet 4)","description":"The proposal explicitly states that the CFO 'will pull funding if this deadline is missed.' This is an internal, sensitive risk note that is too blunt and undiplomatic for a client-facing document, risking embarrassment if read by the CFO or other executives.","suggested_fix":"Soften the language to emphasize that meeting the Q3 deadline is critical to demonstrating ROI and securing continued executive sponsorship, removing the blunt threat of pulled funding."},{"severity":"high","location":"Pricing Approach","description":"The proposal commits to a 'strict six-month fixed-fee timeline' but states it is contingent on deciding between an incremental approach or a full rebuild during Discovery. It is logically impossible to promise a fixed fee and a 6-month timeline when a full rebuild would vastly exceed the scope and cost of an incremental update.","suggested_fix":"Propose a fixed-fee for the Discovery phase only, with subsequent phases priced as fixed-fee once the architectural path is chosen, OR explicitly state that the 6-month fixed-fee proposal assumes an incremental approach."},{"severity":"medium","location":"Open Questions (Bullet 4)","description":"Asking the client to confirm their 'exact fixed-fee budget ceiling' is tactless in a formal proposal and weakens the firm's negotiating position.","suggested_fix":"Remove the direct request for the budget ceiling. If budget alignment is needed, frame it around understanding investment parameters or prioritizing scope to maximize ROI."}],"risks":["The unresolved conflict between the VP of Ops (incremental) and the CTO (full rebuild) poses a major threat to the Q3 deadline. If a full rebuild is chosen, the 6-month timeline will likely be impossible, triggering the CFO to pull funding.","Committing to a fixed-fee structure for the entire project before the core technical architecture is decided exposes the firm to massive scope creep and financial risk."],"recommendation":"revise"}
