=== PROMPT ===
Please critique the following proposal.

=== CLIENT MATRIX ===
{
  "business": {
    "pain_points": [
      {
        "statement": "Finance is three weeks behind on invoicing due to data discrepancies across systems, stalling cash flow.",
        "confidence": "high",
        "source_excerpt": "finance is 3 weeks behind on invoicing because the data never lines up.",
        "contradiction_note": null
      }
    ],
    "desired_state": [
      {
        "statement": "Automated reconciliation between delivery records and financial records to eliminate invoicing backlogs.",
        "confidence": "high",
        "source_excerpt": "if we fix invoicing reconciliation, the secondary metric is days-sales-outstanding, which should drop from where we are now back to industry standard",
        "contradiction_note": null
      }
    ],
    "success_criteria": [
      {
        "statement": "Reduce Days Sales Outstanding (DSO) from 3 weeks behind to the industry standard of approximately 5 days.",
        "confidence": "high",
        "source_excerpt": "days-sales-outstanding, which should drop from where we are now back to industry standard, which is about five days.",
        "contradiction_note": null
      }
    ],
    "risks_unknowns": [
      {
        "statement": "CFO skepticism from a past bad vendor experience puts strict constraints on budget release and milestone performance.",
        "confidence": "high",
        "source_excerpt": "We've been burned by vendors who quoted big and delivered late.",
        "contradiction_note": null
      }
    ]
  },
  "technical": {
    "pain_points": [
      {
        "statement": "Dispatchers are forced to manually act as the integration layer between Routemaster, Salesforce, and the mobile driver app.",
        "confidence": "high",
        "source_excerpt": "So it's three systems for one assignment, and the dispatcher is the integration layer.",
        "contradiction_note": null
      }
    ],
    "desired_state": [
      {
        "statement": "An integrated technical workflow linking Routemaster, Salesforce, and driver communication built incrementally.",
        "confidence": "high",
        "source_excerpt": "I need a partner who can help me make the case for incremental change instead of a full rebuild.",
        "contradiction_note": null
      }
    ],
    "success_criteria": [
      {
        "statement": "Data sync accuracy across Routemaster, Salesforce, and driver PODs to prevent manual detective work in finance.",
        "confidence": "medium",
        "source_excerpt": "The driver might mark a load delivered at 2pm in the app, but the actual proof of delivery shows 4pm... so finance is doing detective work on every single invoice.",
        "contradiction_note": null
      }
    ],
    "risks_unknowns": [
      {
        "statement": "Stakeholders disagree on whether to perform an incremental upgrade or a complete system rebuild of Routemaster.",
        "confidence": "contradicted",
        "source_excerpt": "Marcus will want to dig into the technical approach — he has strong opinions about Routemaster because he built half of it... He's been pushing for that for a year.",
        "contradiction_note": "CTO Marcus Patel wants a full custom rebuild of Routemaster (a 12-month minimum effort), whereas VP of Operations Sarah Chen mandates an incremental approach to achieve a Q3 pilot."
      }
    ]
  },
  "operational": {
    "pain_points": [
      {
        "statement": "Dispatchers spend 2 to 3 hours daily on phone calls with drivers due to a feature-deficient mobile app.",
        "confidence": "high",
        "source_excerpt": "Every dispatcher tells me they spend two to three hours a day on the phone with drivers because the app doesn't do what they need.",
        "contradiction_note": null
      }
    ],
    "desired_state": [
      {
        "statement": "Streamlined dispatcher workflow that reduces processing friction and enables drivers to handle updates directly in-app.",
        "confidence": "high",
        "source_excerpt": "They can't take photos, they can't flag issues, they can't message the dispatcher.",
        "contradiction_note": null
      }
    ],
    "success_criteria": [
      {
        "statement": "Reduce average load processing time per dispatcher from 12 minutes down to 8 minutes.",
        "confidence": "high",
        "source_excerpt": "Right now our average dispatcher takes about twelve minutes to fully process a load through all three systems. If we can get that to eight minutes — call it a thirty percent reduction",
        "contradiction_note": null
      }
    ],
    "risks_unknowns": [
      {
        "statement": "An upcoming federal ELD compliance update in November owned by compliance may introduce unforeseen workflow constraints.",
        "confidence": "medium",
        "source_excerpt": "There's an ELD compliance deadline in November — federal mandate update. Rajiv, our head of compliance, owns it.",
        "contradiction_note": null
      }
    ]
  },
  "strategic": {
    "pain_points": [
      {
        "statement": "Incomplete technical integration from 2024 acquisitions combined with 40% growth creates severe operational bottlenecks.",
        "confidence": "medium",
        "source_excerpt": "Northwind grew 40% in 2024 by acquiring two smaller brokerages. Tech integration from those acquisitions is incomplete.",
        "contradiction_note": null
      }
    ],
    "desired_state": [
      {
        "statement": "Implement operational efficiencies through Phase 1 to avoid adding dispatcher headcount next year while scaling.",
        "confidence": "high",
        "source_excerpt": "that's a real productivity win and it pays for itself in headcount we don't have to hire next year.",
        "contradiction_note": null
      }
    ],
    "success_criteria": [
      {
        "statement": "Deploy a measurable pilot into production by the end of Q3 (September 30) to secure continued Phase 1 funding.",
        "confidence": "high",
        "source_excerpt": "Q3 is because Rita — our CFO — agreed to the budget on the condition that we have something measurable in production by end of September.",
        "contradiction_note": null
      }
    ],
    "risks_unknowns": [
      {
        "statement": "Failure to demonstrate measurable progress by Q3 will cause the CFO to pull funding and reallocate it to other initiatives.",
        "confidence": "high",
        "source_excerpt": "Otherwise the funding gets pulled into other projects.",
        "contradiction_note": null
      }
    ]
  }
}

=== PROPOSAL DRAFT ===
# Client Proposal: Operations & Technology Integration

**Prepared for:** Northwind Logistics  
**Attention:** Sarah Chen (VP Operations), Marcus Patel (CTO), Rita Donovan (CFO)  
**Date:** March 2025  

---

## Executive Summary

Northwind Logistics has experienced remarkable growth, expanding 40% in 2024 through organic momentum and strategic acquisitions. However, operational systems have struggled to keep pace. Today, 40 dispatchers spend excessive time acting as a manual bridge between your custom dispatch tool (Routemaster), Salesforce, and a driver mobile app. This fragmentation causes high load-processing times (~12 minutes per load), forces 2–3 hours of daily phone calls per dispatcher, and delays invoicing by up to 3 weeks—stalling cash flow and inflating Days Sales Outstanding (DSO).

To solve these challenges and achieve immediate operational relief without inflating dispatcher headcount, we propose a targeted **Phase 1 Integration and Workflow Optimization Engagement**. Designed specifically around your strict mandate for a **production pilot by September 30 (end of Q3)**, our team will deliver automated data reconciliation, mobile app feature enhancements, and streamlined dispatcher workflows.

By leveraging our experience with peer freight brokerages (such as Cascade Freight), we will help Northwind achieve:
- **DSO Reduction:** Drop invoicing delays from 3 weeks to the industry benchmark of ~5 days.
- **Dispatcher Efficiency:** Reduce load processing time by 30% (from 12 minutes to 8 minutes per load).
- **Driver Empowerment:** Streamline mobile proof-of-delivery (POD) and driver communication to eliminate 2–3 hours of daily voice calls.
- **Cost & Risk Control:** A fixed-fee, milestone-based delivery structure tailored to meet CFO predictability standards.

---

## Understanding

### Business Context & Core Challenges
Following recent acquisitions, Northwind's technical stack remains fragmented. Systems operate in silos, requiring manual workarounds across dispatch, sales, driver operations, and finance:

1. **Finance Invoicing Backlog:** Finance is 3 weeks behind on invoicing because proof of delivery (POD), timestamp data, and load details disagree across systems. Finance staff must conduct manual "detective work" on individual invoices before billing NetSuite.
2. **Dispatcher Operational Friction:** Dispatchers manually re-key identical data across Routemaster, Salesforce, and driver communication channels. Load processing averages 12 minutes per load.
3. **Driver Mobile App Limitations:** Contracted drivers (~600) use a React Native mobile app that lacks modern features such as document photo capture, issue flagging, and direct messaging. Drivers default to calling dispatchers, driving 2–3 hours of administrative phone calls per dispatcher daily.
4. **Governance & Timeline Constraints:** CFO Rita Donovan requires tangible, production-tested business outcomes by September 30 to validate project performance and secure ongoing Phase 1 funding.

### Success Metrics
| Objective | Baseline Metric | Target Success Metric |
| :--- | :--- | :--- |
| **Invoicing & Cash Flow** | 3 weeks behind on billing | ~5 days DSO (Industry Standard) |
| **Dispatcher Productivity** | 12 minutes / load processing time | 8 minutes / load processing time (30% reduction) |
| **Driver Self-Service** | 2–3 hours of daily driver phone calls / dispatcher | Significant decrease via in-app POD & messaging |
| **Deployment Horizon** | Disconnected manual workflows | Production Pilot live by September 30 |

---

## Approach

Our proposed approach focuses on high-impact, incremental automation to resolve immediate cash-flow friction and operational bottlenecks while delivering a working production pilot by Q3.

```
+-----------------------------------------------------------------------------------+
|                            UNIFIED WORKFLOW ARCHITECTURE                          |
+-----------------------------------------------------------------------------------+
|                                                                                   |
|  +--------------------+        +---------------------+        +-----------------+ |
|  |   Driver App       |        | Routemaster Dispatch|        | Salesforce CRM  | |
|  | (POD, Messaging)   |        |   (Custom Rails)    |        | (Sales & Loads) | |
|  +---------+----------+        +----------+----------+        +--------+--------+ |
|            |                              |                            |          |
|            +------------------------------+----------------------------+          |
|                                           |                                       |
|                                           v                                       |
|                    +----------------------------------------------+               |
|                    |     Automated Sync & Data Reconciliation     |               |
|                    +----------------------+-----------------------+               |
|                                           |                                       |
|                                           v                                       |
|                    +----------------------------------------------+               |
|                    |         NetSuite Automated Invoicing         |               |
|                    +----------------------------------------------+               |
+-----------------------------------------------------------------------------------+
```

### Core Solution Pillars

1. **Automated Financial Data Reconciliation Pipeline**
   - Establish real-time data synchronization between dispatch records, Salesforce, and NetSuite billing.
   - Automatically reconcile load timestamps, delivery status, and POD documentation to allow automated billing generation and eliminate manual finance investigation.

2. **Driver Mobile Application Upgrades**
   - Upgrade the React Native driver app to support document photo capture (PODs, receipts), automated load status timestamps, issue tagging, and structured dispatcher messaging.
   - Drastically reduce inbound dispatcher phone call volume.

3. **Unified Dispatcher Workflow Automation**
   - Eliminate triple-entry data input by building direct backend integration triggers between Routemaster and Salesforce.
   - Streamline the dispatcher interface so load processing can be completed in 8 minutes or less.

---

## Phases & Timeline

To meet the mandatory **September 30 Production Pilot** deadline, we propose a 12-week Phase 1 execution timeline structured as follows:

```
Month 1 (Weeks 1-4)      Month 2 (Weeks 5-8)      Month 3 (Weeks 9-12)
[ Architecture & Sync ]--->[ Core Build & Mobile ]--->[ Pilot Deployment & Verification ]
                                                            |
                                                            v
                                                  Target: September 30
```

### Milestone Details

* **Phase 1A: Architecture Alignment & Data Sync Mapping (Weeks 1–3)**
  - Map complete data lifecycle across Salesforce, Routemaster, Mobile App, and NetSuite.
  - Define sync validation rules and establish API specifications for automated POD and invoicing flows.
* **Phase 1B: Core Integration & Mobile Enhancements Build (Weeks 4–9)**
  - Build real-time sync adapters between Routemaster and Salesforce.
  - Deploy driver mobile app updates (photo capture, POD submission, and messaging).
  - Construct automated NetSuite invoicing reconciliation trigger.
* **Phase 1C: Testing, Pilot Deployment & Verification (Weeks 10–12)**
  - Conduct end-to-end integration testing across 10 pilot dispatchers and select contracted drivers.
  - Deploy production pilot prior to September 30 deadline.
  - Monitor DSO and dispatcher processing time metrics against targets.

---

## Pricing Approach

To address CFO Rita Donovan’s budget preferences and historical vendor concerns, we structure this project as a **Fixed-Fee Engagement** tied directly to concrete deliverable milestones.

### Pricing Structure

Based on benchmark data from similar logistics and freight engagements (team size of ~4 specialists over a 3-month discovery and MVP build phase), the fixed fee for Phase 1 is **$195,000**.

### Milestone Payment Schedule

| Milestone | Deliverable / Trigger | Fee Percentage | Amount |
| :--- | :--- | :--- | :--- |
| **Milestone 1: Kickoff & Blueprint** | Integration architecture, data schemas, & pilot plan sign-off | 25% | $48,750 |
| **Milestone 2: Build & Integration** | Functional sync pipelines, updated mobile app, & internal test completion | 45% | $87,750 |
| **Milestone 3: Production Pilot** | Live deployment of Q3 Production Pilot & acceptance sign-off | 30% | $58,500 |
| **Total Phase 1 Fixed Fee** | | **100%** | **$195,000** |

---

## Open Questions

The following topics require alignment during project kickoff or dedicated stakeholder sessions. Specifically, items marked with low or contradicted confidence in initial discussions are listed here as primary alignment areas:

1. **System Strategy & Architectural Scope (Contradicted Confidence)**
   - *Context:* Initial discussions revealed divergent internal preferences between an incremental system enhancement approach (mandated by VP Ops Sarah Chen to hit the Q3 pilot target) and a complete custom rebuild of Routemaster (advocated by CTO Marcus Patel, estimated at 12+ months).
   - *Clarification Needed:* We must align all key stakeholders on using Phase 1 to deliver an incremental, API-driven integration architecture that hits the mandatory September 30 pilot release, while establishing technical foundations that do not preclude long-term core system modernizations.

2. **ELD Compliance Mandate Integration Scope (Unclear Detail)**
   - *Context:* An upcoming federal ELD compliance update in November is owned by Head of Compliance Rajiv Mehta.
   - *Clarification Needed:* We need to review compliance specifications with Rajiv Mehta to ensure that mobile app updates and dispatch timestamp logging in Phase 1 directly support and do not conflict with federal ELD requirements.

3. **Transportation Management System (TMS) Selection Status**
   - *Context:* Northwind is currently evaluating external TMS vendors.
   - *Clarification Needed:* Confirm whether any external TMS vendor will be selected within the Q3 timeframe or if Routemaster remains the sole system of record for dispatch throughout Phase 1.


=== RESPONSE ===
{
  "issues": [],
  "risks": [],
  "recommendation": "approve"
}
