=== PROMPT ===
HUMAN FEEDBACK: 
please fix these issues and do not make new changes to the already given proposal

AI CRITIQUE PROVIDED TO HUMAN: 
{
  "issues": [
    {
      "severity": "high",
      "location": "Understanding (Paragraph 1)",
      "description": "The proposal explicitly names VP Ops Sarah Chen but omits CTO Marcus Patel. Given the known contradiction between them regarding the technical approach (incremental vs. rebuild), naming only the VP Ops risks alienating the CTO and appearing biased before discovery.",
      "suggested_fix": "Update the text to include Marcus Patel or generalize to 'Northwind leadership' to ensure all key stakeholders feel represented."
    },
    {
      "severity": "medium",
      "location": "Understanding (Bullet 3)",
      "description": "The incomplete technological integration from the two 2024 acquisitions is a medium-confidence item but is stated as an absolute fact.",
      "suggested_fix": "Soften the statement to reflect medium confidence, such as 'It is our understanding that technological integration... may remain incomplete.'"
    },
    {
      "severity": "medium",
      "location": "Pricing Approach (Paragraph 1)",
      "description": "The client's preference for a fixed-fee structure is a medium-confidence item, but it is stated as a definitive fact with strong wording ('strong preference').",
      "suggested_fix": "Soften the wording to 'We understand Northwind Logistics may prefer a fixed-fee structure...' or 'To align with what we understand is a preference for predictable costs...'"
    }
  ],
  "risks": [
    "The internal misalignment between the VP Ops (incremental change) and the CTO (full rebuild) poses a significant risk to the Q3 deadline and fixed-fee structure if a full rebuild is ultimately mandated during discovery.",
    "The competitive nature of the engagement (two other firms) means any perceived bias toward one stakeholder's approach (e.g., omitting the CTO's name) could result in losing the bid."
  ],
  "recommendation": "revise"
}

PROPOSAL DRAFT: 
# Executive Summary

Northwind Logistics has experienced impressive growth, expanding revenue by 40% over the past year through strategic acquisitions. However, this rapid scaling has outpaced the current technological infrastructure, creating severe operational bottlenecks. Disconnected systems between dispatch, sales, and finance have resulted in inefficient dispatcher workflows and left finance three weeks behind on invoicing, trapping critical cash flow. 

Northwind requires a targeted, six-month Phase 1 engagement to streamline these workflows, with a strict mandate to deliver a production pilot by the end of Q3 (September 30). Drawing on our direct experience solving similar challenges for peer brokerages like Cascade Freight, our firm represents the lowest-risk, fastest-to-value partner for this initiative. Unlike a generalist approach, our proven blueprints in the freight brokerage space allow us to bypass a lengthy learning curve and propose a strategic intervention focused on immediate value creation. By resolving data discrepancies and optimizing the driver-dispatcher feedback loop, our goal is to reduce Days Sales Outstanding (DSO) to the industry standard of five days and cut average dispatch time from twelve to eight minutes per load. Ultimately, this engagement is designed to pay for itself by avoiding the need for future operational headcount.

# Understanding

Based on our initial conversations with Sarah Chen and our analysis of your current operating environment, we understand Northwind Logistics is facing intersecting challenges across business, operational, and technical domains:

*   **The Invoicing "Bleeding Wound":** Finance is currently three weeks behind on invoicing due to persistent data discrepancies between Salesforce, the custom dispatch tool, and the accounting system. A full-time resource is drowning in manual reconciliation, creating a significant cash flow problem.
*   **Dispatcher & Driver Friction:** Dispatchers are spending two to three hours daily on the phone with drivers. This is largely driven by limitations in the current driver mobile app, which lacks essential capabilities such as photo uploads, issue flagging, and direct messaging. 
*   **System Fragmentation:** Dispatchers are forced to manually enter data across three disconnected systems. The core dispatch tool is a custom application. Furthermore, technological integration from Northwind's two 2024 acquisitions remains incomplete.
*   **High-Stakes Timelines:** Meeting the strict Q3 deadline for a pilot is critical to demonstrating ROI and securing continued executive sponsorship. Additionally, an upcoming federal ELD compliance mandate in November looms over operations, requiring careful navigation to ensure no new compliance burdens are placed on the compliance team.

# Approach

Our approach is highly pragmatic, prioritizing rapid time-to-value to build trust, secure cash flow, and satisfy the CFO's stringent requirements. 

1.  **Prioritize Revenue Realization First:** We will target the invoicing reconciliation process as our immediate priority. By mapping and automating the data flow between Salesforce, the custom dispatch tool, and the accounting system, we will eliminate the manual detective work, clear the three-week backlog, and drive DSO down to the five-day industry standard.
2.  **Optimize the Dispatcher-Driver Loop:** Once the financial data flow is stabilized, we will focus on the dispatcher workflow and driver app enhancements. By introducing photo uploads and messaging to the mobile app, we will reduce the manual data entry burden and cut the hours dispatchers spend on the phone.
3.  **Do No Harm to Compliance:** All technical interventions will be designed with the November federal ELD mandate in mind, ensuring our solutions integrate smoothly without generating additional compliance overhead.
4.  **Leverage Industry Expertise:** We will apply proven patterns and lessons learned from our work with Cascade Freight. This specific peer-brokerage experience makes us the lowest-risk, fastest-to-value choice to accelerate discovery and avoid common pitfalls in freight brokerage system integrations, ensuring we hit your aggressive Q3 targets.

# Phases & Timeline

To meet the September 30 production pilot deadline, we propose a focused six-month Phase 1 engagement structured as follows:

*   **Phase 1A: Discovery & Architecture Alignment (Weeks 1-4)**
    *   Map the exact data discrepancies causing invoicing delays between Salesforce, the custom dispatch tool, and the accounting system.
    *   Audit the driver mobile app and dispatcher workflows.
    *   Finalize the technical architecture for the Phase 1 interventions.
*   **Phase 1B: Invoicing Resolution (Weeks 5-12)**
    *   Develop and deploy automated data reconciliation between the CRM, the custom dispatch tool, and the accounting system.
    *   Transition finance from manual reconciliation to exception-handling.
*   **Phase 1C: Workflow & Mobile Enhancements (Weeks 13-20)**
    *   Implement critical driver app features (photo upload, issue flagging, messaging).
    *   Streamline dispatcher UI to reduce load processing time from twelve to eight minutes.
*   **Phase 1D: Q3 Pilot Deployment & Handoff (Weeks 21-24)**
    *   User Acceptance Testing (UAT) with a select group of dispatchers and drivers.
    *   Production go-live prior to September 30.
    *   Measurement of initial ROI (DSO reduction, dispatch time savings) to justify future phases.

# Pricing Approach

We understand that Northwind Logistics has a strong preference for a fixed-fee structure with milestone-based payments, rather than a Time & Materials (T&M) arrangement. 

We fully support this model. We propose a fixed-fee engagement where payments are tied directly to the successful delivery of tangible milestones (e.g., Discovery Sign-off, Invoicing Fix Go-Live, Q3 Pilot Deployment). This structure aligns our incentives with your critical deadlines, provides the financial predictability required by your CFO, and ensures we must prove out our value in Phase 1 to earn the right to partner with you on future phases. 

Please note that our proposed six-month fixed-fee timeline and pricing assume an incremental approach. If the Discovery phase determines that a full rebuild is required, the timeline and fixed-fee structure would need to be revised.

# Open Questions

To finalize the scope and cost of this proposal, we must collaboratively address the following unknowns:

*   **Technical Strategy Alignment:** We need to align on the optimal technical strategy for Phase 1, balancing the six-month timeline with long-term architectural goals (incremental enhancements vs. a full rebuild). We must facilitate an alignment conversation between operations and engineering to determine the exact architectural path for Phase 1.
*   **ELD Mandate Specifics:** What are the precise technical requirements of the November federal ELD mandate update, and how might they overlap with the planned updates to the driver mobile app?
*   **Acquisition Tech Debt:** What specific systems or processes from the two acquired brokerages remain unintegrated, and do they impact the invoicing data flow we are targeting in Phase 1?
*   **Investment Parameters:** Given the strict Q3 deadline and funding constraints, we want to better understand your investment parameters so we can prioritize scope to maximize ROI within your financial constraints.

CLIENT MATRIX: 
{
  "business": {
    "pain_points": [
      {
        "statement": "Finance is three weeks behind on invoicing due to data discrepancies.",
        "confidence": "high",
        "source_excerpt": "finance is 3 weeks behind on invoicing because the data never lines up.",
        "contradiction_note": null
      },
      {
        "statement": "Delayed invoicing is causing a significant cash flow problem.",
        "confidence": "high",
        "source_excerpt": "Three weeks of revenue we should have invoiced is just sitting there.",
        "contradiction_note": null
      }
    ],
    "desired_state": [
      {
        "statement": "The client prefers a fixed-fee structure with milestone payments.",
        "confidence": "medium",
        "source_excerpt": "Strong preference for fixed-fee with milestone payments over T&M.",
        "contradiction_note": null
      },
      {
        "statement": "A pilot must be in production by the end of Q3.",
        "confidence": "high",
        "source_excerpt": "Pilot in production by end of Q3 (Sept 30).",
        "contradiction_note": null
      }
    ],
    "success_criteria": [
      {
        "statement": "Reduce days-sales-outstanding to the industry standard of five days.",
        "confidence": "high",
        "source_excerpt": "days-sales-outstanding, which should drop from where we are now back to industry standard",
        "contradiction_note": null
      },
      {
        "statement": "The project should pay for itself by avoiding future headcount hires.",
        "confidence": "medium",
        "source_excerpt": "pays for itself in headcount we don't have to hire next year.",
        "contradiction_note": null
      }
    ],
    "risks_unknowns": [
      {
        "statement": "The CFO is skeptical of vendors and will pull funding if Q3 deadlines are missed.",
        "confidence": "high",
        "source_excerpt": "Otherwise the funding gets pulled into other projects.",
        "contradiction_note": null
      },
      {
        "statement": "The engagement is competitive, with two other firms in consideration.",
        "confidence": "high",
        "source_excerpt": "This is a competitive engagement — they are also talking to two other firms.",
        "contradiction_note": null
      }
    ]
  },
  "technical": {
    "pain_points": [
      {
        "statement": "Dispatchers must manually enter data across three disconnected systems.",
        "confidence": "high",
        "source_excerpt": "Too much manual entry between our custom dispatch tool and Salesforce",
        "contradiction_note": null
      },
      {
        "statement": "The driver mobile app lacks essential features like photo uploads and messaging.",
        "confidence": "high",
        "source_excerpt": "They can't take photos, they can't flag issues, they can't message the dispatcher.",
        "contradiction_note": null
      }
    ],
    "desired_state": [
      {
        "statement": "The technical approach should focus on incremental change rather than a full system rebuild.",
        "confidence": "contradicted",
        "source_excerpt": "incremental change instead of a full rebuild.",
        "contradiction_note": "VP Ops Sarah Chen wants incremental change to meet the 6-month timeline, but CTO Marcus Patel has been pushing for a full rebuild of the dispatch tool."
      }
    ],
    "success_criteria": [
      {
        "statement": "The solution must avoid creating new compliance work for the ELD mandate.",
        "confidence": "medium",
        "source_excerpt": "avoid creating new compliance work for him",
        "contradiction_note": null
      }
    ],
    "risks_unknowns": [
      {
        "statement": "Technical integration from two recent acquisitions remains incomplete.",
        "confidence": "medium",
        "source_excerpt": "Tech integration from those acquisitions is incomplete.",
        "contradiction_note": null
      }
    ]
  },
  "operational": {
    "pain_points": [
      {
        "statement": "Dispatchers spend hours on the phone because the driver app is inadequate.",
        "confidence": "high",
        "source_excerpt": "spend two to three hours a day on the phone with drivers",
        "contradiction_note": null
      },
      {
        "statement": "Finance staff are overwhelmed doing manual detective work to reconcile invoices.",
        "confidence": "high",
        "source_excerpt": "They have one person doing it full-time and she's drowning.",
        "contradiction_note": null
      }
    ],
    "desired_state": [
      {
        "statement": "Fixing the invoicing reconciliation is the highest priority, followed by dispatcher workflow.",
        "confidence": "high",
        "source_excerpt": "invoicing is the bleeding wound. We need to fix that first.",
        "contradiction_note": null
      }
    ],
    "success_criteria": [
      {
        "statement": "Reduce average dispatch time per load from twelve minutes to eight minutes.",
        "confidence": "high",
        "source_excerpt": "average dispatcher takes about twelve minutes... get that to eight minutes",
        "contradiction_note": null
      }
    ],
    "risks_unknowns": [
      {
        "statement": "An upcoming federal ELD compliance mandate in November could impact operations.",
        "confidence": "medium",
        "source_excerpt": "ELD compliance deadline in November — federal mandate update.",
        "contradiction_note": null
      }
    ]
  },
  "strategic": {
    "pain_points": [],
    "desired_state": [
      {
        "statement": "Start with a smaller Phase 1 engagement to prove value and earn future phases.",
        "confidence": "medium",
        "source_excerpt": "I'd rather come in at the lower end and earn the next phase",
        "contradiction_note": null
      }
    ],
    "success_criteria": [
      {
        "statement": "Leverage the consulting firm's past experience with a peer brokerage to ensure success.",
        "confidence": "medium",
        "source_excerpt": "because we did similar work for a peer brokerage (Cascade Freight)",
        "contradiction_note": null
      }
    ],
    "risks_unknowns": [
      {
        "statement": "Rapid 40% growth via acquisitions has created organizational and technical debt.",
        "confidence": "medium",
        "source_excerpt": "Northwind grew 40% in 2024 by acquiring two smaller brokerages.",
        "contradiction_note": null
      }
    ]
  }
}

Translate the human feedback into actionable directives.

=== RESPONSE ===
{
  "directives": [
    "In the 'Understanding' section, Paragraph 1, update the text to explicitly include CTO Marcus Patel alongside VP Ops Sarah Chen, or generalize the reference to 'Northwind leadership' to ensure all key stakeholders are represented.",
    "In the 'Understanding' section, Bullet 3 ('System Fragmentation'), soften the statement regarding the incomplete technological integration from the two 2024 acquisitions to reflect medium confidence (e.g., use phrasing like 'It is our understanding that technological integration... may remain incomplete').",
    "In the 'Pricing Approach' section, Paragraph 1, soften the wording about the client's preference for a fixed-fee structure to reflect medium confidence (e.g., change 'strong preference' to 'We understand Northwind Logistics may prefer a fixed-fee structure...').",
    "Do not make any other modifications, additions, or structural changes to the proposal draft outside of these three specific fixes."
  ]
}
